Archive member included to satisfy reference by file (symbol)

c:/ac6/systemworkbench/plugins/fr.ac6.mcu.externaltools.arm-none.win32_1.13.2.201703061525/tools/compiler/bin/../lib/gcc/arm-none-eabi/5.4.1/armv7-m\libgcc.a(_arm_addsubdf3.o)
                              src/task_adc.o (__aeabi_dadd)
c:/ac6/systemworkbench/plugins/fr.ac6.mcu.externaltools.arm-none.win32_1.13.2.201703061525/tools/compiler/bin/../lib/gcc/arm-none-eabi/5.4.1/armv7-m\libgcc.a(_arm_muldivdf3.o)
                              src/task_adc.o (__aeabi_ddiv)
c:/ac6/systemworkbench/plugins/fr.ac6.mcu.externaltools.arm-none.win32_1.13.2.201703061525/tools/compiler/bin/../lib/gcc/arm-none-eabi/5.4.1/armv7-m\libgcc.a(_arm_fixunsdfsi.o)
                              src/task_adc.o (__aeabi_d2uiz)
c:/ac6/systemworkbench/plugins/fr.ac6.mcu.externaltools.arm-none.win32_1.13.2.201703061525/tools/compiler/bin/../lib/gcc/arm-none-eabi/5.4.1/armv7-m\libgcc.a(_arm_addsubsf3.o)
                              src/task_adc.o (__aeabi_ui2f)
c:/ac6/systemworkbench/plugins/fr.ac6.mcu.externaltools.arm-none.win32_1.13.2.201703061525/tools/compiler/bin/../lib/gcc/arm-none-eabi/5.4.1/../../../../arm-none-eabi/lib/armv7-m\libc.a(lib_a-errno.o)
                              src/syscalls.o (__errno)
c:/ac6/systemworkbench/plugins/fr.ac6.mcu.externaltools.arm-none.win32_1.13.2.201703061525/tools/compiler/bin/../lib/gcc/arm-none-eabi/5.4.1/../../../../arm-none-eabi/lib/armv7-m\libc.a(lib_a-exit.o)
                              c:/ac6/systemworkbench/plugins/fr.ac6.mcu.externaltools.arm-none.win32_1.13.2.201703061525/tools/compiler/bin/../lib/gcc/arm-none-eabi/5.4.1/../../../../arm-none-eabi/lib/armv7-m/crt0.o (exit)
c:/ac6/systemworkbench/plugins/fr.ac6.mcu.externaltools.arm-none.win32_1.13.2.201703061525/tools/compiler/bin/../lib/gcc/arm-none-eabi/5.4.1/../../../../arm-none-eabi/lib/armv7-m\libc.a(lib_a-impure.o)
                              c:/ac6/systemworkbench/plugins/fr.ac6.mcu.externaltools.arm-none.win32_1.13.2.201703061525/tools/compiler/bin/../lib/gcc/arm-none-eabi/5.4.1/../../../../arm-none-eabi/lib/armv7-m\libc.a(lib_a-exit.o) (_global_impure_ptr)
c:/ac6/systemworkbench/plugins/fr.ac6.mcu.externaltools.arm-none.win32_1.13.2.201703061525/tools/compiler/bin/../lib/gcc/arm-none-eabi/5.4.1/../../../../arm-none-eabi/lib/armv7-m\libc.a(lib_a-init.o)
                              c:/ac6/systemworkbench/plugins/fr.ac6.mcu.externaltools.arm-none.win32_1.13.2.201703061525/tools/compiler/bin/../lib/gcc/arm-none-eabi/5.4.1/../../../../arm-none-eabi/lib/armv7-m/crt0.o (__libc_init_array)
c:/ac6/systemworkbench/plugins/fr.ac6.mcu.externaltools.arm-none.win32_1.13.2.201703061525/tools/compiler/bin/../lib/gcc/arm-none-eabi/5.4.1/../../../../arm-none-eabi/lib/armv7-m\libc.a(lib_a-memcpy.o)
                              rtos/src/queue.o (memcpy)
c:/ac6/systemworkbench/plugins/fr.ac6.mcu.externaltools.arm-none.win32_1.13.2.201703061525/tools/compiler/bin/../lib/gcc/arm-none-eabi/5.4.1/../../../../arm-none-eabi/lib/armv7-m\libc.a(lib_a-memset.o)
                              c:/ac6/systemworkbench/plugins/fr.ac6.mcu.externaltools.arm-none.win32_1.13.2.201703061525/tools/compiler/bin/../lib/gcc/arm-none-eabi/5.4.1/../../../../arm-none-eabi/lib/armv7-m/crt0.o (memset)
c:/ac6/systemworkbench/plugins/fr.ac6.mcu.externaltools.arm-none.win32_1.13.2.201703061525/tools/compiler/bin/../lib/gcc/arm-none-eabi/5.4.1/../../../../arm-none-eabi/lib/armv7-m\libc.a(lib_a-sprintf.o)
                              src/task_adc.o (sprintf)
c:/ac6/systemworkbench/plugins/fr.ac6.mcu.externaltools.arm-none.win32_1.13.2.201703061525/tools/compiler/bin/../lib/gcc/arm-none-eabi/5.4.1/../../../../arm-none-eabi/lib/armv7-m\libc.a(lib_a-svfprintf.o)
                              c:/ac6/systemworkbench/plugins/fr.ac6.mcu.externaltools.arm-none.win32_1.13.2.201703061525/tools/compiler/bin/../lib/gcc/arm-none-eabi/5.4.1/../../../../arm-none-eabi/lib/armv7-m\libc.a(lib_a-sprintf.o) (_svfprintf_r)
c:/ac6/systemworkbench/plugins/fr.ac6.mcu.externaltools.arm-none.win32_1.13.2.201703061525/tools/compiler/bin/../lib/gcc/arm-none-eabi/5.4.1/../../../../arm-none-eabi/lib/armv7-m\libc.a(lib_a-__call_atexit.o)
                              c:/ac6/systemworkbench/plugins/fr.ac6.mcu.externaltools.arm-none.win32_1.13.2.201703061525/tools/compiler/bin/../lib/gcc/arm-none-eabi/5.4.1/../../../../arm-none-eabi/lib/armv7-m\libc.a(lib_a-exit.o) (__call_exitprocs)
c:/ac6/systemworkbench/plugins/fr.ac6.mcu.externaltools.arm-none.win32_1.13.2.201703061525/tools/compiler/bin/../lib/gcc/arm-none-eabi/5.4.1/../../../../arm-none-eabi/lib/armv7-m\libc.a(lib_a-atexit.o)
                              c:/ac6/systemworkbench/plugins/fr.ac6.mcu.externaltools.arm-none.win32_1.13.2.201703061525/tools/compiler/bin/../lib/gcc/arm-none-eabi/5.4.1/../../../../arm-none-eabi/lib/armv7-m\libc.a(lib_a-__call_atexit.o) (atexit)
[...]
Memory Configuration

Name             Origin             Length             Attributes
FLASH            0x08000000         0x00020000         xr
RAM              0x20000000         0x00005000         xrw
MEMORY_B1        0x60000000         0x00000000         xr
*default*        0x00000000         0xffffffff

Linker script and memory map

LOAD c:/ac6/systemworkbench/plugins/fr.ac6.mcu.externaltools.arm-none.win32_1.13.2.201703061525/tools/compiler/bin/../lib/gcc/arm-none-eabi/5.4.1/armv7-m/crti.o
LOAD c:/ac6/systemworkbench/plugins/fr.ac6.mcu.externaltools.arm-none.win32_1.13.2.201703061525/tools/compiler/bin/../lib/gcc/arm-none-eabi/5.4.1/armv7-m/crtbegin.o
LOAD c:/ac6/systemworkbench/plugins/fr.ac6.mcu.externaltools.arm-none.win32_1.13.2.201703061525/tools/compiler/bin/../lib/gcc/arm-none-eabi/5.4.1/../../../../arm-none-eabi/lib/armv7-m/crt0.o
LOAD c:/ac6/systemworkbench/plugins/fr.ac6.mcu.externaltools.arm-none.win32_1.13.2.201703061525/tools/compiler/bin/../lib/gcc/arm-none-eabi/5.4.1/../../../../arm-none-eabi/lib/armv7-m\libm.a
LOAD StdPeriph_Driver/src/misc.o
LOAD StdPeriph_Driver/src/stm32f10x_adc.o
LOAD StdPeriph_Driver/src/stm32f10x_bkp.o
LOAD StdPeriph_Driver/src/stm32f10x_can.o
LOAD StdPeriph_Driver/src/stm32f10x_cec.o
LOAD StdPeriph_Driver/src/stm32f10x_crc.o
LOAD StdPeriph_Driver/src/stm32f10x_dac.o
LOAD StdPeriph_Driver/src/stm32f10x_dbgmcu.o
LOAD StdPeriph_Driver/src/stm32f10x_dma.o
LOAD StdPeriph_Driver/src/stm32f10x_exti.o
LOAD StdPeriph_Driver/src/stm32f10x_flash.o
LOAD StdPeriph_Driver/src/stm32f10x_fsmc.o
LOAD StdPeriph_Driver/src/stm32f10x_gpio.o
LOAD StdPeriph_Driver/src/stm32f10x_i2c.o
LOAD StdPeriph_Driver/src/stm32f10x_iwdg.o
LOAD StdPeriph_Driver/src/stm32f10x_pwr.o
LOAD StdPeriph_Driver/src/stm32f10x_rcc.o
LOAD StdPeriph_Driver/src/stm32f10x_rtc.o
LOAD StdPeriph_Driver/src/stm32f10x_sdio.o
LOAD StdPeriph_Driver/src/stm32f10x_spi.o
LOAD StdPeriph_Driver/src/stm32f10x_tim.o
LOAD StdPeriph_Driver/src/stm32f10x_usart.o
LOAD StdPeriph_Driver/src/stm32f10x_wwdg.o
LOAD Utilities/STM32F1xx-Nucleo/stm32f1xx_nucleo.o
LOAD rtos/src/croutine.o
LOAD rtos/src/event_groups.o
LOAD rtos/src/heap_2.o
LOAD rtos/src/list.o
LOAD rtos/src/port.o
LOAD rtos/src/queue.o
LOAD rtos/src/tasks.o
LOAD rtos/src/timers.o
LOAD src/array_functions.o
LOAD src/main.o
LOAD src/syscalls.o
LOAD src/system_stm32f10x.o
LOAD src/task_adc.o
LOAD src/task_measuretimer.o
LOAD src/task_uart.o
LOAD startup/startup_stm32f10x_md.o
START GROUP
LOAD c:/ac6/systemworkbench/plugins/fr.ac6.mcu.externaltools.arm-none.win32_1.13.2.201703061525/tools/compiler/bin/../lib/gcc/arm-none-eabi/5.4.1/armv7-m\libgcc.a
LOAD c:/ac6/systemworkbench/plugins/fr.ac6.mcu.externaltools.arm-none.win32_1.13.2.201703061525/tools/compiler/bin/../lib/gcc/arm-none-eabi/5.4.1/../../../../arm-none-eabi/lib/armv7-m\libc.a
END GROUP
LOAD c:/ac6/systemworkbench/plugins/fr.ac6.mcu.externaltools.arm-none.win32_1.13.2.201703061525/tools/compiler/bin/../lib/gcc/arm-none-eabi/5.4.1/armv7-m/crtend.o
LOAD c:/ac6/systemworkbench/plugins/fr.ac6.mcu.externaltools.arm-none.win32_1.13.2.201703061525/tools/compiler/bin/../lib/gcc/arm-none-eabi/5.4.1/armv7-m/crtn.o
                0x20005000                _estack = 0x20005000
                0x00000000                _Min_Heap_Size = 0x0
                0x00000100                _Min_Stack_Size = 0x100

.isr_vector     0x08000000      0x10c
                0x08000000                . = ALIGN (0x4)
 *(.isr_vector)
 .isr_vector    0x08000000      0x10c startup/startup_stm32f10x_md.o
                0x08000000                g_pfnVectors
                0x0800010c                . = ALIGN (0x4)

.text           0x08000110     0x850c
                0x08000110                . = ALIGN (0x4)
 *(.text)
 .text          0x08000110       0x5c c:/ac6/systemworkbench/plugins/fr.ac6.mcu.externaltools.arm-none.win32_1.13.2.201703061525/tools/compiler/bin/../lib/gcc/arm-none-eabi/5.4.1/armv7-m/crtbegin.o
 .text          0x0800016c      0x370 c:/ac6/systemworkbench/plugins/fr.ac6.mcu.externaltools.arm-none.win32_1.13.2.201703061525/tools/compiler/bin/../lib/gcc/arm-none-eabi/5.4.1/armv7-m\libgcc.a(_arm_addsubdf3.o)
                0x0800016c                __aeabi_drsub
                0x08000174                __aeabi_dsub
                0x08000174                __subdf3
                0x08000178                __aeabi_dadd
                0x08000178                __adddf3
                0x080003f0                __floatunsidf
                0x080003f0                __aeabi_ui2d
                0x08000410                __floatsidf
                0x08000410                __aeabi_i2d
                0x08000434                __aeabi_f2d
                0x08000434                __extendsfdf2
                0x08000470                __floatundidf
                0x08000470                __aeabi_ul2d
                0x08000480                __floatdidf
                0x08000480                __aeabi_l2d
 .text          0x080004dc      0x424 c:/ac6/systemworkbench/plugins/fr.ac6.mcu.externaltools.arm-none.win32_1.13.2.201703061525/tools/compiler/bin/../lib/gcc/arm-none-eabi/5.4.1/armv7-m\libgcc.a(_arm_muldivdf3.o)
                0x080004dc                __aeabi_dmul
                0x080004dc                __muldf3
                0x08000730                __divdf3
                0x08000730                __aeabi_ddiv
 .text          0x08000900       0x40 c:/ac6/systemworkbench/plugins/fr.ac6.mcu.externaltools.arm-none.win32_1.13.2.201703061525/tools/compiler/bin/../lib/gcc/arm-none-eabi/5.4.1/armv7-m\libgcc.a(_arm_fixunsdfsi.o)
                0x08000900                __aeabi_d2uiz
                0x08000900                __fixunsdfsi
 .text          0x08000940      0x21c c:/ac6/systemworkbench/plugins/fr.ac6.mcu.externaltools.arm-none.win32_1.13.2.201703061525/tools/compiler/bin/../lib/gcc/arm-none-eabi/5.4.1/armv7-m\libgcc.a(_arm_addsubsf3.o)
                0x08000940                __aeabi_frsub
                0x08000948                __subsf3
                0x08000948                __aeabi_fsub
                0x0800094c                __aeabi_fadd
                0x0800094c                __addsf3
                0x08000aac                __aeabi_ui2f
                0x08000aac                __floatunsisf
                0x08000ab4                __aeabi_i2f
                0x08000ab4                __floatsisf
                0x08000ad0                __aeabi_ul2f
                0x08000ad0                __floatundisf
                0x08000ae0                __aeabi_l2f
                0x08000ae0                __floatdisf
 .text          0x08000b5c       0xec c:/ac6/systemworkbench/plugins/fr.ac6.mcu.externaltools.arm-none.win32_1.13.2.201703061525/tools/compiler/bin/../lib/gcc/arm-none-eabi/5.4.1/../../../../arm-none-eabi/lib/armv7-m\libc.a(lib_a-memcpy.o)
                0x08000b5c                memcpy
 .text          0x08000c48      0x110 c:/ac6/systemworkbench/plugins/fr.ac6.mcu.externaltools.arm-none.win32_1.13.2.201703061525/tools/compiler/bin/../lib/gcc/arm-none-eabi/5.4.1/armv7-m\libgcc.a(_arm_cmpdf2.o)
                0x08000c48                __gtdf2
                0x08000c48                __gedf2
                0x08000c50                __ltdf2
                0x08000c50                __ledf2
                0x08000c58                __nedf2
                0x08000c58                __eqdf2
                0x08000c58                __cmpdf2
                0x08000cd4                __aeabi_cdrcmple
                0x08000ce4                __aeabi_cdcmpeq
                0x08000ce4                __aeabi_cdcmple
                0x08000cf4                __aeabi_dcmpeq
                0x08000d08                __aeabi_dcmplt
                0x08000d1c                __aeabi_dcmple
                0x08000d30                __aeabi_dcmpge
                0x08000d44                __aeabi_dcmpgt
 .text          0x08000d58       0x2c c:/ac6/systemworkbench/plugins/fr.ac6.mcu.externaltools.arm-none.win32_1.13.2.201703061525/tools/compiler/bin/../lib/gcc/arm-none-eabi/5.4.1/armv7-m\libgcc.a(_arm_unorddf2.o)
                0x08000d58                __unorddf2
                0x08000d58                __aeabi_dcmpun
 .text          0x08000d84       0x50 c:/ac6/systemworkbench/plugins/fr.ac6.mcu.externaltools.arm-none.win32_1.13.2.201703061525/tools/compiler/bin/../lib/gcc/arm-none-eabi/5.4.1/armv7-m\libgcc.a(_arm_fixdfsi.o)
                0x08000d84                __aeabi_d2iz
                0x08000d84                __fixdfsi
 .text          0x08000dd4       0x30 c:/ac6/systemworkbench/plugins/fr.ac6.mcu.externaltools.arm-none.win32_1.13.2.201703061525/tools/compiler/bin/../lib/gcc/arm-none-eabi/5.4.1/armv7-m\libgcc.a(_aeabi_uldivmod.o)
                0x08000dd4                __aeabi_uldivmod
 .text          0x08000e04      0x2ec c:/ac6/systemworkbench/plugins/fr.ac6.mcu.externaltools.arm-none.win32_1.13.2.201703061525/tools/compiler/bin/../lib/gcc/arm-none-eabi/5.4.1/armv7-m\libgcc.a(_udivmoddi4.o)
                0x08000e04                __udivmoddi4
 .text          0x080010f0        0x4 c:/ac6/systemworkbench/plugins/fr.ac6.mcu.externaltools.arm-none.win32_1.13.2.201703061525/tools/compiler/bin/../lib/gcc/arm-none-eabi/5.4.1/armv7-m\libgcc.a(_dvmd_tls.o)
                0x080010f0                __aeabi_idiv0
                0x080010f0                __aeabi_ldiv0
 *(.text*)
 .text.NVIC_Init
                0x080010f4       0xc4 StdPeriph_Driver/src/misc.o
                0x080010f4                NVIC_Init
 .text.ADC_Init
                0x080011b8       0xa4 StdPeriph_Driver/src/stm32f10x_adc.o
                0x080011b8                ADC_Init
 .text.ADC_Cmd  0x0800125c       0x38 StdPeriph_Driver/src/stm32f10x_adc.o
                0x0800125c                ADC_Cmd
 .text.ADC_DMACmd
                0x08001294       0x38 StdPeriph_Driver/src/stm32f10x_adc.o
                0x08001294                ADC_DMACmd
 .text.ADC_ResetCalibration
                0x080012cc       0x20 StdPeriph_Driver/src/stm32f10x_adc.o
                0x080012cc                ADC_ResetCalibration
 .text.ADC_GetResetCalibrationStatus
                0x080012ec       0x30 StdPeriph_Driver/src/stm32f10x_adc.o
                0x080012ec                ADC_GetResetCalibrationStatus
 .text.ADC_StartCalibration
                0x0800131c       0x20 StdPeriph_Driver/src/stm32f10x_adc.o
                0x0800131c                ADC_StartCalibration
 .text.ADC_GetCalibrationStatus
                0x0800133c       0x30 StdPeriph_Driver/src/stm32f10x_adc.o
                0x0800133c                ADC_GetCalibrationStatus
 .text.ADC_RegularChannelConfig
                0x0800136c      0x194 StdPeriph_Driver/src/stm32f10x_adc.o
                0x0800136c                ADC_RegularChannelConfig
 .text.ADC_ExternalTrigConvCmd
                0x08001500       0x38 StdPeriph_Driver/src/stm32f10x_adc.o
                0x08001500                ADC_ExternalTrigConvCmd
 .text.DMA_DeInit
                0x08001538      0x178 StdPeriph_Driver/src/stm32f10x_dma.o
                0x08001538                DMA_DeInit
 .text.DMA_Init
                0x080016b0       0x7c StdPeriph_Driver/src/stm32f10x_dma.o
                0x080016b0                DMA_Init
 .text.DMA_Cmd  0x0800172c       0x38 StdPeriph_Driver/src/stm32f10x_dma.o
                0x0800172c                DMA_Cmd
 .text.DMA_ITConfig
                0x08001764       0x3c StdPeriph_Driver/src/stm32f10x_dma.o
                0x08001764                DMA_ITConfig
 .text.DMA_GetCurrDataCounter
                0x080017a0       0x18 StdPeriph_Driver/src/stm32f10x_dma.o
                0x080017a0                DMA_GetCurrDataCounter
 .text.DMA_GetITStatus
                0x080017b8       0x50 StdPeriph_Driver/src/stm32f10x_dma.o
                0x080017b8                DMA_GetITStatus
 .text.DMA_ClearITPendingBit
                0x08001808       0x34 StdPeriph_Driver/src/stm32f10x_dma.o
                0x08001808                DMA_ClearITPendingBit
 .text.GPIO_Init
                0x0800183c      0x178 StdPeriph_Driver/src/stm32f10x_gpio.o
                0x0800183c                GPIO_Init
 .text.GPIO_SetBits
                0x080019b4       0x1c StdPeriph_Driver/src/stm32f10x_gpio.o
                0x080019b4                GPIO_SetBits
 .text.GPIO_ResetBits
                0x080019d0       0x1c StdPeriph_Driver/src/stm32f10x_gpio.o
                0x080019d0                GPIO_ResetBits
 .text.GPIO_WriteBit
                0x080019ec       0x30 StdPeriph_Driver/src/stm32f10x_gpio.o
                0x080019ec                GPIO_WriteBit
 .text.GPIO_PinRemapConfig
                0x08001a1c       0xe0 StdPeriph_Driver/src/stm32f10x_gpio.o
                0x08001a1c                GPIO_PinRemapConfig
 .text.RCC_GetClocksFreq
                0x08001afc      0x160 StdPeriph_Driver/src/stm32f10x_rcc.o
                0x08001afc                RCC_GetClocksFreq
 .text.RCC_AHBPeriphClockCmd
                0x08001c5c       0x3c StdPeriph_Driver/src/stm32f10x_rcc.o
                0x08001c5c                RCC_AHBPeriphClockCmd
 .text.RCC_APB2PeriphClockCmd
                0x08001c98       0x3c StdPeriph_Driver/src/stm32f10x_rcc.o
                0x08001c98                RCC_APB2PeriphClockCmd
 .text.RCC_APB1PeriphClockCmd
                0x08001cd4       0x3c StdPeriph_Driver/src/stm32f10x_rcc.o
                0x08001cd4                RCC_APB1PeriphClockCmd
 .text.TIM_TimeBaseInit
                0x08001d10       0xf8 StdPeriph_Driver/src/stm32f10x_tim.o
                0x08001d10                TIM_TimeBaseInit
 .text.TIM_OC2Init
                0x08001e08      0x110 StdPeriph_Driver/src/stm32f10x_tim.o
                0x08001e08                TIM_OC2Init
 .text.TIM_TimeBaseStructInit
                0x08001f18       0x34 StdPeriph_Driver/src/stm32f10x_tim.o
                0x08001f18                TIM_TimeBaseStructInit
 .text.TIM_OCStructInit
                0x08001f4c       0x44 StdPeriph_Driver/src/stm32f10x_tim.o
                0x08001f4c                TIM_OCStructInit
 .text.TIM_Cmd  0x08001f90       0x40 StdPeriph_Driver/src/stm32f10x_tim.o
                0x08001f90                TIM_Cmd
 .text.TIM_ITConfig
                0x08001fd0       0x48 StdPeriph_Driver/src/stm32f10x_tim.o
                0x08001fd0                TIM_ITConfig
 .text.TIM_GetITStatus
                0x08002018       0x54 StdPeriph_Driver/src/stm32f10x_tim.o
                0x08002018                TIM_GetITStatus
 .text.TIM_ClearITPendingBit
                0x0800206c       0x20 StdPeriph_Driver/src/stm32f10x_tim.o
                0x0800206c                TIM_ClearITPendingBit
 .text.USART_Init
                0x0800208c      0x174 StdPeriph_Driver/src/stm32f10x_usart.o
                0x0800208c                USART_Init
 .text.USART_Cmd
                0x08002200       0x40 StdPeriph_Driver/src/stm32f10x_usart.o
                0x08002200                USART_Cmd
 .text.USART_ITConfig
                0x08002240       0x90 StdPeriph_Driver/src/stm32f10x_usart.o
                0x08002240                USART_ITConfig
 .text.USART_DMACmd
                0x080022d0       0x48 StdPeriph_Driver/src/stm32f10x_usart.o
                0x080022d0                USART_DMACmd
 .text.USART_GetFlagStatus
                0x08002318       0x38 StdPeriph_Driver/src/stm32f10x_usart.o
                0x08002318                USART_GetFlagStatus
 .text.pvPortMalloc
                0x08002350      0x11c rtos/src/heap_2.o
                0x08002350                pvPortMalloc
 .text.vPortFree
                0x0800246c       0x74 rtos/src/heap_2.o
                0x0800246c                vPortFree
 .text.prvHeapInit
                0x080024e0       0x50 rtos/src/heap_2.o
 .text.vListInitialise
                0x08002530       0x40 rtos/src/list.o
                0x08002530                vListInitialise
 .text.vListInitialiseItem
                0x08002570       0x18 rtos/src/list.o
                0x08002570                vListInitialiseItem
 .text.vListInsertEnd
                0x08002588       0x48 rtos/src/list.o
                0x08002588                vListInsertEnd
 .text.vListInsert
                0x080025d0       0x70 rtos/src/list.o
                0x080025d0                vListInsert
 .text.uxListRemove
                0x08002640       0x54 rtos/src/list.o
                0x08002640                uxListRemove
 .text.pxPortInitialiseStack
                0x08002694       0x58 rtos/src/port.o
                0x08002694                pxPortInitialiseStack
 .text.prvTaskExitError
                0x080026ec       0x1c rtos/src/port.o
 *fill*         0x08002708        0x8 
 .text.SVC_Handler
                0x08002710       0x28 rtos/src/port.o
                0x08002710                SVC_Handler
 .text.prvPortStartFirstTask
                0x08002738       0x20 rtos/src/port.o
 .text.xPortStartScheduler
                0x08002758       0x3c rtos/src/port.o
                0x08002758                xPortStartScheduler
 .text.vPortEnterCritical
                0x08002794       0x30 rtos/src/port.o
                0x08002794                vPortEnterCritical
 .text.vPortExitCritical
                0x080027c4       0x30 rtos/src/port.o
                0x080027c4                vPortExitCritical
 *fill*         0x080027f4        0xc 
 .text.PendSV_Handler
                0x08002800       0x48 rtos/src/port.o
                0x08002800                PendSV_Handler
 .text.SysTick_Handler
                0x08002848       0x40 rtos/src/port.o
                0x08002848                SysTick_Handler
 .text.vPortSetupTimerInterrupt
                0x08002888       0x24 rtos/src/port.o
                0x08002888                vPortSetupTimerInterrupt
 .text.xQueueGenericReset
                0x080028ac       0xb4 rtos/src/queue.o
                0x080028ac                xQueueGenericReset
 .text.xQueueGenericCreate
                0x08002960       0x58 rtos/src/queue.o
                0x08002960                xQueueGenericCreate
 .text.prvInitialiseNewQueue
                0x080029b8       0x40 rtos/src/queue.o
 .text.xQueueGenericSend
                0x080029f8      0x154 rtos/src/queue.o
                0x080029f8                xQueueGenericSend
 .text.xQueueGenericReceive
                0x08002b4c      0x1b0 rtos/src/queue.o
                0x08002b4c                xQueueGenericReceive
 .text.prvCopyDataToQueue
                0x08002cfc       0xd4 rtos/src/queue.o
 .text.prvCopyDataFromQueue
                0x08002dd0       0x4c rtos/src/queue.o
 .text.prvUnlockQueue
                0x08002e1c       0xa4 rtos/src/queue.o
 .text.prvIsQueueEmpty
                0x08002ec0       0x2c rtos/src/queue.o
 .text.prvIsQueueFull
                0x08002eec       0x30 rtos/src/queue.o
 .text.xTaskCreate
                0x08002f1c       0x84 rtos/src/tasks.o
                0x08002f1c                xTaskCreate
 .text.prvInitialiseNewTask
                0x08002fa0       0xe0 rtos/src/tasks.o
 .text.prvAddNewTaskToReadyList
                0x08003080       0xd4 rtos/src/tasks.o
 .text.vTaskDelay
                0x08003154       0x48 rtos/src/tasks.o
                0x08003154                vTaskDelay
 .text.vTaskStartScheduler
                0x0800319c       0x6c rtos/src/tasks.o
                0x0800319c                vTaskStartScheduler
 .text.vTaskSuspendAll
                0x08003208       0x1c rtos/src/tasks.o
                0x08003208                vTaskSuspendAll
 .text.xTaskResumeAll
                0x08003224      0x11c rtos/src/tasks.o
                0x08003224                xTaskResumeAll
 .text.xTaskIncrementTick
                0x08003340      0x158 rtos/src/tasks.o
                0x08003340                xTaskIncrementTick
 .text.vTaskSwitchContext
                0x08003498       0x8c rtos/src/tasks.o
                0x08003498                vTaskSwitchContext
 .text.vTaskPlaceOnEventList
                0x08003524       0x2c rtos/src/tasks.o
                0x08003524                vTaskPlaceOnEventList
 .text.xTaskRemoveFromEventList
                0x08003550       0xa8 rtos/src/tasks.o
                0x08003550                xTaskRemoveFromEventList
 .text.vTaskSetTimeOutState
                0x080035f8       0x2c rtos/src/tasks.o
                0x080035f8                vTaskSetTimeOutState
 .text.xTaskCheckForTimeOut
                0x08003624       0x88 rtos/src/tasks.o
                0x08003624                xTaskCheckForTimeOut
 .text.vTaskMissedYield
                0x080036ac       0x18 rtos/src/tasks.o
                0x080036ac                vTaskMissedYield
 .text.prvIdleTask
                0x080036c4       0x30 rtos/src/tasks.o
 .text.prvInitialiseTaskLists
                0x080036f4       0x80 rtos/src/tasks.o
 .text.prvCheckTasksWaitingTermination
                0x08003774       0x78 rtos/src/tasks.o
 .text.prvDeleteTCB
                0x080037ec       0x20 rtos/src/tasks.o
 .text.prvResetNextTaskUnblockTime
                0x0800380c       0x48 rtos/src/tasks.o
 .text.vTaskPriorityInherit
                0x08003854       0xec rtos/src/tasks.o
                0x08003854                vTaskPriorityInherit
 .text.xTaskPriorityDisinherit
                0x08003940       0xc8 rtos/src/tasks.o
                0x08003940                xTaskPriorityDisinherit
 .text.pvTaskIncrementMutexHeldCount
                0x08003a08       0x28 rtos/src/tasks.o
                0x08003a08                pvTaskIncrementMutexHeldCount
 .text.prvAddCurrentTaskToDelayedList
                0x08003a30       0xcc rtos/src/tasks.o
 .text.search_max_array
                0x08003afc       0x58 src/array_functions.o
                0x08003afc                search_max_array
 .text.search_min_array
                0x08003b54       0x5c src/array_functions.o
                0x08003b54                search_min_array
 .text.reject_filter
                0x08003bb0       0x94 src/array_functions.o
                0x08003bb0                reject_filter
 .text.main     0x08003c44       0x70 src/main.o
                0x08003c44                main
 .text._sbrk    0x08003cb4       0x58 src/syscalls.o
                0x08003cb4                _sbrk
 .text.SystemInit
                0x08003d0c       0x68 src/system_stm32f10x.o
                0x08003d0c                SystemInit
 .text.SetSysClock
                0x08003d74      0x100 src/system_stm32f10x.o
 .text.NVIC_EnableIRQ
                0x08003e74       0x30 src/task_adc.o
 *fill*         0x08003ea4        0x4 
 .text.vADC     0x08003ea8      0x270 src/task_adc.o
                0x08003ea8                vADC
 .text.init_adc
                0x08004118      0x1ec src/task_adc.o
                0x08004118                init_adc
 .text.DMA1_Channel1_IRQHandler
                0x08004304       0x24 src/task_adc.o
                0x08004304                DMA1_Channel1_IRQHandler
 .text.TIM2_IRQHandler
                0x08004328       0x4c src/task_adc.o
                0x08004328                TIM2_IRQHandler
 .text.vMeasureTimer
                0x08004374       0xe4 src/task_measuretimer.o
                0x08004374                vMeasureTimer
 .text.initMeasure
                0x08004458       0x80 src/task_measuretimer.o
                0x08004458                initMeasure
 .text.NVIC_EnableIRQ
                0x080044d8       0x30 src/task_uart.o
 .text.uart_init
                0x08004508      0x120 src/task_uart.o
                0x08004508                uart_init
 .text.SendDMAUART
                0x08004628       0xa8 src/task_uart.o
                0x08004628                SendDMAUART
 .text.TXUARTReady
                0x080046d0       0x14 src/task_uart.o
                0x080046d0                TXUARTReady
 .text.USART3_IRQHandler
                0x080046e4       0x2c src/task_uart.o
                0x080046e4                USART3_IRQHandler
 .text.DMA1_Channel2_IRQHandler
                0x08004710       0x38 src/task_uart.o
                0x08004710                DMA1_Channel2_IRQHandler
 .text.Reset_Handler
                0x08004748       0x48 startup/startup_stm32f10x_md.o
                0x08004748                Reset_Handler
 .text.Default_Handler
                0x08004790        0x2 startup/startup_stm32f10x_md.o
                0x08004790                EXTI2_IRQHandler
                0x08004790                DebugMon_Handler
                0x08004790                TIM1_CC_IRQHandler
                0x08004790                HardFault_Handler
                0x08004790                PVD_IRQHandler
                0x08004790                NMI_Handler
                0x08004790                EXTI3_IRQHandler
                0x08004790                EXTI0_IRQHandler
                0x08004790                I2C2_EV_IRQHandler
                0x08004790                UsageFault_Handler
                0x08004790                ADC1_2_IRQHandler
                0x08004790                SPI1_IRQHandler
                0x08004790                TAMPER_IRQHandler
                0x08004790                DMA1_Channel4_IRQHandler
                0x08004790                RTC_IRQHandler
                0x08004790                DMA1_Channel7_IRQHandler
                0x08004790                CAN1_RX1_IRQHandler
                0x08004790                TIM4_IRQHandler
                0x08004790                I2C1_EV_IRQHandler
                0x08004790                DMA1_Channel6_IRQHandler
                0x08004790                TIM3_IRQHandler
                0x08004790                RCC_IRQHandler
                0x08004790                TIM1_TRG_COM_IRQHandler
                0x08004790                Default_Handler
                0x08004790                EXTI15_10_IRQHandler
                0x08004790                EXTI9_5_IRQHandler
                0x08004790                SPI2_IRQHandler
                0x08004790                MemManage_Handler
                0x08004790                DMA1_Channel5_IRQHandler
                0x08004790                EXTI4_IRQHandler
                0x08004790                USB_LP_CAN1_RX0_IRQHandler
                0x08004790                USB_HP_CAN1_TX_IRQHandler
                0x08004790                DMA1_Channel3_IRQHandler
                0x08004790                TIM1_UP_IRQHandler
                0x08004790                WWDG_IRQHandler
                0x08004790                TIM1_BRK_IRQHandler
                0x08004790                EXTI1_IRQHandler
                0x08004790                RTCAlarm_IRQHandler
                0x08004790                USART2_IRQHandler
                0x08004790                I2C2_ER_IRQHandler
                0x08004790                CAN1_SCE_IRQHandler
                0x08004790                FLASH_IRQHandler
                0x08004790                BusFault_Handler
                0x08004790                USART1_IRQHandler
                0x08004790                I2C1_ER_IRQHandler
                0x08004790                USBWakeUp_IRQHandler
 *fill*         0x08004792        0x2 
 .text.__errno  0x08004794        0xc c:/ac6/systemworkbench/plugins/fr.ac6.mcu.externaltools.arm-none.win32_1.13.2.201703061525/tools/compiler/bin/../lib/gcc/arm-none-eabi/5.4.1/../../../../arm-none-eabi/lib/armv7-m\libc.a(lib_a-errno.o)
                0x08004794                __errno
 .text.__libc_init_array
                0x080047a0       0x50 c:/ac6/systemworkbench/plugins/fr.ac6.mcu.externaltools.arm-none.win32_1.13.2.201703061525/tools/compiler/bin/../lib/gcc/arm-none-eabi/5.4.1/../../../../arm-none-eabi/lib/armv7-m\libc.a(lib_a-init.o)
                0x080047a0                __libc_init_array
 .text.memset   0x080047f0       0x9c c:/ac6/systemworkbench/plugins/fr.ac6.mcu.externaltools.arm-none.win32_1.13.2.201703061525/tools/compiler/bin/../lib/gcc/arm-none-eabi/5.4.1/../../../../arm-none-eabi/lib/armv7-m\libc.a(lib_a-memset.o)
                0x080047f0                memset
 .text.sprintf  0x0800488c       0x4c c:/ac6/systemworkbench/plugins/fr.ac6.mcu.externaltools.arm-none.win32_1.13.2.201703061525/tools/compiler/bin/../lib/gcc/arm-none-eabi/5.4.1/../../../../arm-none-eabi/lib/armv7-m\libc.a(lib_a-sprintf.o)
                0x0800488c                sprintf
 .text._svfprintf_r
                0x080048d8     0x1760 c:/ac6/systemworkbench/plugins/fr.ac6.mcu.externaltools.arm-none.win32_1.13.2.201703061525/tools/compiler/bin/../lib/gcc/arm-none-eabi/5.4.1/../../../../arm-none-eabi/lib/armv7-m\libc.a(lib_a-svfprintf.o)
                0x080048d8                _svfprintf_r
 .text.startup.register_fini
                0x08006038       0x14 c:/ac6/systemworkbench/plugins/fr.ac6.mcu.externaltools.arm-none.win32_1.13.2.201703061525/tools/compiler/bin/../lib/gcc/arm-none-eabi/5.4.1/../../../../arm-none-eabi/lib/armv7-m\libc.a(lib_a-__call_atexit.o)
 .text.atexit   0x0800604c        0xc c:/ac6/systemworkbench/plugins/fr.ac6.mcu.externaltools.arm-none.win32_1.13.2.201703061525/tools/compiler/bin/../lib/gcc/arm-none-eabi/5.4.1/../../../../arm-none-eabi/lib/armv7-m\libc.a(lib_a-atexit.o)
                0x0800604c                atexit
 .text.quorem   0x08006058      0x12c c:/ac6/systemworkbench/plugins/fr.ac6.mcu.externaltools.arm-none.win32_1.13.2.201703061525/tools/compiler/bin/../lib/gcc/arm-none-eabi/5.4.1/../../../../arm-none-eabi/lib/armv7-m\libc.a(lib_a-dtoa.o)
 *fill*         0x08006184        0x4 
 .text._dtoa_r  0x08006188      0xe4c c:/ac6/systemworkbench/plugins/fr.ac6.mcu.externaltools.arm-none.win32_1.13.2.201703061525/tools/compiler/bin/../lib/gcc/arm-none-eabi/5.4.1/../../../../arm-none-eabi/lib/armv7-m\libc.a(lib_a-dtoa.o)
                0x08006188                _dtoa_r
 .text.__libc_fini_array
                0x08006fd4       0x28 c:/ac6/systemworkbench/plugins/fr.ac6.mcu.externaltools.arm-none.win32_1.13.2.201703061525/tools/compiler/bin/../lib/gcc/arm-none-eabi/5.4.1/../../../../arm-none-eabi/lib/armv7-m\libc.a(lib_a-fini.o)
                0x08006fd4                __libc_fini_array
 .text._localeconv_r
                0x08006ffc       0x1c c:/ac6/systemworkbench/plugins/fr.ac6.mcu.externaltools.arm-none.win32_1.13.2.201703061525/tools/compiler/bin/../lib/gcc/arm-none-eabi/5.4.1/../../../../arm-none-eabi/lib/armv7-m\libc.a(lib_a-localeconv.o)
                0x08006ffc                _localeconv_r
 .text._malloc_r
                0x08007018      0x558 c:/ac6/systemworkbench/plugins/fr.ac6.mcu.externaltools.arm-none.win32_1.13.2.201703061525/tools/compiler/bin/../lib/gcc/arm-none-eabi/5.4.1/../../../../arm-none-eabi/lib/armv7-m\libc.a(lib_a-mallocr.o)
                0x08007018                _malloc_r
 .text.memchr   0x08007570       0x8c c:/ac6/systemworkbench/plugins/fr.ac6.mcu.externaltools.arm-none.win32_1.13.2.201703061525/tools/compiler/bin/../lib/gcc/arm-none-eabi/5.4.1/../../../../arm-none-eabi/lib/armv7-m\libc.a(lib_a-memchr-stub.o)
                0x08007570                memchr
 .text.__malloc_lock
                0x080075fc        0x4 c:/ac6/systemworkbench/plugins/fr.ac6.mcu.externaltools.arm-none.win32_1.13.2.201703061525/tools/compiler/bin/../lib/gcc/arm-none-eabi/5.4.1/../../../../arm-none-eabi/lib/armv7-m\libc.a(lib_a-mlock.o)
                0x080075fc                __malloc_lock
 .text.__malloc_unlock
                0x08007600        0x4 c:/ac6/systemworkbench/plugins/fr.ac6.mcu.externaltools.arm-none.win32_1.13.2.201703061525/tools/compiler/bin/../lib/gcc/arm-none-eabi/5.4.1/../../../../arm-none-eabi/lib/armv7-m\libc.a(lib_a-mlock.o)
                0x08007600                __malloc_unlock
 .text._Balloc  0x08007604       0x50 c:/ac6/systemworkbench/plugins/fr.ac6.mcu.externaltools.arm-none.win32_1.13.2.201703061525/tools/compiler/bin/../lib/gcc/arm-none-eabi/5.4.1/../../../../arm-none-eabi/lib/armv7-m\libc.a(lib_a-mprec.o)
                0x08007604                _Balloc
 .text._Bfree   0x08007654       0x14 c:/ac6/systemworkbench/plugins/fr.ac6.mcu.externaltools.arm-none.win32_1.13.2.201703061525/tools/compiler/bin/../lib/gcc/arm-none-eabi/5.4.1/../../../../arm-none-eabi/lib/armv7-m\libc.a(lib_a-mprec.o)
                0x08007654                _Bfree
 .text.__multadd
                0x08007668       0x80 c:/ac6/systemworkbench/plugins/fr.ac6.mcu.externaltools.arm-none.win32_1.13.2.201703061525/tools/compiler/bin/../lib/gcc/arm-none-eabi/5.4.1/../../../../arm-none-eabi/lib/armv7-m\libc.a(lib_a-mprec.o)
                0x08007668                __multadd
 .text.__hi0bits
                0x080076e8       0x40 c:/ac6/systemworkbench/plugins/fr.ac6.mcu.externaltools.arm-none.win32_1.13.2.201703061525/tools/compiler/bin/../lib/gcc/arm-none-eabi/5.4.1/../../../../arm-none-eabi/lib/armv7-m\libc.a(lib_a-mprec.o)
                0x080076e8                __hi0bits
 .text.__lo0bits
                0x08007728       0x5c c:/ac6/systemworkbench/plugins/fr.ac6.mcu.externaltools.arm-none.win32_1.13.2.201703061525/tools/compiler/bin/../lib/gcc/arm-none-eabi/5.4.1/../../../../arm-none-eabi/lib/armv7-m\libc.a(lib_a-mprec.o)
                0x08007728                __lo0bits
 .text.__i2b    0x08007784       0x14 c:/ac6/systemworkbench/plugins/fr.ac6.mcu.externaltools.arm-none.win32_1.13.2.201703061525/tools/compiler/bin/../lib/gcc/arm-none-eabi/5.4.1/../../../../arm-none-eabi/lib/armv7-m\libc.a(lib_a-mprec.o)
                0x08007784                __i2b
 .text.__multiply
                0x08007798      0x13c c:/ac6/systemworkbench/plugins/fr.ac6.mcu.externaltools.arm-none.win32_1.13.2.201703061525/tools/compiler/bin/../lib/gcc/arm-none-eabi/5.4.1/../../../../arm-none-eabi/lib/armv7-m\libc.a(lib_a-mprec.o)
                0x08007798                __multiply
 .text.__pow5mult
                0x080078d4       0xa0 c:/ac6/systemworkbench/plugins/fr.ac6.mcu.externaltools.arm-none.win32_1.13.2.201703061525/tools/compiler/bin/../lib/gcc/arm-none-eabi/5.4.1/../../../../arm-none-eabi/lib/armv7-m\libc.a(lib_a-mprec.o)
                0x080078d4                __pow5mult
 .text.__lshift
                0x08007974       0xac c:/ac6/systemworkbench/plugins/fr.ac6.mcu.externaltools.arm-none.win32_1.13.2.201703061525/tools/compiler/bin/../lib/gcc/arm-none-eabi/5.4.1/../../../../arm-none-eabi/lib/armv7-m\libc.a(lib_a-mprec.o)
                0x08007974                __lshift
 .text.__mcmp   0x08007a20       0x40 c:/ac6/systemworkbench/plugins/fr.ac6.mcu.externaltools.arm-none.win32_1.13.2.201703061525/tools/compiler/bin/../lib/gcc/arm-none-eabi/5.4.1/../../../../arm-none-eabi/lib/armv7-m\libc.a(lib_a-mprec.o)
                0x08007a20                __mcmp
 .text.__mdiff  0x08007a60      0x128 c:/ac6/systemworkbench/plugins/fr.ac6.mcu.externaltools.arm-none.win32_1.13.2.201703061525/tools/compiler/bin/../lib/gcc/arm-none-eabi/5.4.1/../../../../arm-none-eabi/lib/armv7-m\libc.a(lib_a-mprec.o)
                0x08007a60                __mdiff
 .text.__d2b    0x08007b88       0xa8 c:/ac6/systemworkbench/plugins/fr.ac6.mcu.externaltools.arm-none.win32_1.13.2.201703061525/tools/compiler/bin/../lib/gcc/arm-none-eabi/5.4.1/../../../../arm-none-eabi/lib/armv7-m\libc.a(lib_a-mprec.o)
                0x08007b88                __d2b
 .text._sbrk_r  0x08007c30       0x24 c:/ac6/systemworkbench/plugins/fr.ac6.mcu.externaltools.arm-none.win32_1.13.2.201703061525/tools/compiler/bin/../lib/gcc/arm-none-eabi/5.4.1/../../../../arm-none-eabi/lib/armv7-m\libc.a(lib_a-sbrkr.o)
                0x08007c30                _sbrk_r
 .text.strlen   0x08007c54       0x5c c:/ac6/systemworkbench/plugins/fr.ac6.mcu.externaltools.arm-none.win32_1.13.2.201703061525/tools/compiler/bin/../lib/gcc/arm-none-eabi/5.4.1/../../../../arm-none-eabi/lib/armv7-m\libc.a(lib_a-strlen-stub.o)
                0x08007c54                strlen
 .text.__ssprint_r
                0x08007cb0      0x100 c:/ac6/systemworkbench/plugins/fr.ac6.mcu.externaltools.arm-none.win32_1.13.2.201703061525/tools/compiler/bin/../lib/gcc/arm-none-eabi/5.4.1/../../../../arm-none-eabi/lib/armv7-m\libc.a(lib_a-svfiprintf.o)
                0x08007cb0                __ssprint_r
 .text.__register_exitproc
                0x08007db0       0xa4 c:/ac6/systemworkbench/plugins/fr.ac6.mcu.externaltools.arm-none.win32_1.13.2.201703061525/tools/compiler/bin/../lib/gcc/arm-none-eabi/5.4.1/../../../../arm-none-eabi/lib/armv7-m\libc.a(lib_a-__atexit.o)
                0x08007db0                __register_exitproc
 .text._calloc_r
                0x08007e54       0x60 c:/ac6/systemworkbench/plugins/fr.ac6.mcu.externaltools.arm-none.win32_1.13.2.201703061525/tools/compiler/bin/../lib/gcc/arm-none-eabi/5.4.1/../../../../arm-none-eabi/lib/armv7-m\libc.a(lib_a-callocr.o)
                0x08007e54                _calloc_r
 .text._malloc_trim_r
                0x08007eb4       0x9c c:/ac6/systemworkbench/plugins/fr.ac6.mcu.externaltools.arm-none.win32_1.13.2.201703061525/tools/compiler/bin/../lib/gcc/arm-none-eabi/5.4.1/../../../../arm-none-eabi/lib/armv7-m\libc.a(lib_a-freer.o)
                0x08007eb4                _malloc_trim_r
 .text._free_r  0x08007f50      0x1d0 c:/ac6/systemworkbench/plugins/fr.ac6.mcu.externaltools.arm-none.win32_1.13.2.201703061525/tools/compiler/bin/../lib/gcc/arm-none-eabi/5.4.1/../../../../arm-none-eabi/lib/armv7-m\libc.a(lib_a-freer.o)
                0x08007f50                _free_r
 .text.__ascii_mbtowc
                0x08008120       0x2c c:/ac6/systemworkbench/plugins/fr.ac6.mcu.externaltools.arm-none.win32_1.13.2.201703061525/tools/compiler/bin/../lib/gcc/arm-none-eabi/5.4.1/../../../../arm-none-eabi/lib/armv7-m\libc.a(lib_a-mbtowc_r.o)
                0x08008120                __ascii_mbtowc
 .text.memmove  0x0800814c       0xc8 c:/ac6/systemworkbench/plugins/fr.ac6.mcu.externaltools.arm-none.win32_1.13.2.201703061525/tools/compiler/bin/../lib/gcc/arm-none-eabi/5.4.1/../../../../arm-none-eabi/lib/armv7-m\libc.a(lib_a-memmove.o)
                0x0800814c                memmove
 .text._realloc_r
                0x08008214      0x3d4 c:/ac6/systemworkbench/plugins/fr.ac6.mcu.externaltools.arm-none.win32_1.13.2.201703061525/tools/compiler/bin/../lib/gcc/arm-none-eabi/5.4.1/../../../../arm-none-eabi/lib/armv7-m\libc.a(lib_a-reallocr.o)
                0x08008214                _realloc_r
 .text.__ascii_wctomb
                0x080085e8       0x1c c:/ac6/systemworkbench/plugins/fr.ac6.mcu.externaltools.arm-none.win32_1.13.2.201703061525/tools/compiler/bin/../lib/gcc/arm-none-eabi/5.4.1/../../../../arm-none-eabi/lib/armv7-m\libc.a(lib_a-wctomb_r.o)
                0x080085e8                __ascii_wctomb
 *(.glue_7)
 .glue_7        0x08008604        0x0 linker stubs
 *(.glue_7t)
 .glue_7t       0x08008604        0x0 linker stubs
 *(.eh_frame)
 .eh_frame      0x08008604        0x0 c:/ac6/systemworkbench/plugins/fr.ac6.mcu.externaltools.arm-none.win32_1.13.2.201703061525/tools/compiler/bin/../lib/gcc/arm-none-eabi/5.4.1/armv7-m/crtbegin.o
 *(.init)
 .init          0x08008604        0x4 c:/ac6/systemworkbench/plugins/fr.ac6.mcu.externaltools.arm-none.win32_1.13.2.201703061525/tools/compiler/bin/../lib/gcc/arm-none-eabi/5.4.1/armv7-m/crti.o
                0x08008604                _init
 .init          0x08008608        0x8 c:/ac6/systemworkbench/plugins/fr.ac6.mcu.externaltools.arm-none.win32_1.13.2.201703061525/tools/compiler/bin/../lib/gcc/arm-none-eabi/5.4.1/armv7-m/crtn.o
 *(.fini)
 .fini          0x08008610        0x4 c:/ac6/systemworkbench/plugins/fr.ac6.mcu.externaltools.arm-none.win32_1.13.2.201703061525/tools/compiler/bin/../lib/gcc/arm-none-eabi/5.4.1/armv7-m/crti.o
                0x08008610                _fini
 .fini          0x08008614        0x8 c:/ac6/systemworkbench/plugins/fr.ac6.mcu.externaltools.arm-none.win32_1.13.2.201703061525/tools/compiler/bin/../lib/gcc/arm-none-eabi/5.4.1/armv7-m/crtn.o
                0x0800861c                . = ALIGN (0x4)
                0x0800861c                _etext = .

.vfp11_veneer   0x0800861c        0x0
 .vfp11_veneer  0x0800861c        0x0 linker stubs

.v4_bx          0x0800861c        0x0
 .v4_bx         0x0800861c        0x0 linker stubs

.iplt           0x0800861c        0x0
 .iplt          0x0800861c        0x0 c:/ac6/systemworkbench/plugins/fr.ac6.mcu.externaltools.arm-none.win32_1.13.2.201703061525/tools/compiler/bin/../lib/gcc/arm-none-eabi/5.4.1/armv7-m/crtbegin.o

.rodata         0x08008620      0x2ec
                0x08008620                . = ALIGN (0x4)
 *(.rodata)
 .rodata        0x08008620        0x5 rtos/src/tasks.o
 *fill*         0x08008625        0x3 
 .rodata        0x08008628        0xa src/main.o
 *fill*         0x08008632        0x2 
 .rodata        0x08008634       0x2e src/task_adc.o
 *fill*         0x08008662        0x2 
 .rodata        0x08008664       0x18 src/task_measuretimer.o
 *(.rodata*)
 .rodata._global_impure_ptr
                0x0800867c        0x4 c:/ac6/systemworkbench/plugins/fr.ac6.mcu.externaltools.arm-none.win32_1.13.2.201703061525/tools/compiler/bin/../lib/gcc/arm-none-eabi/5.4.1/../../../../arm-none-eabi/lib/armv7-m\libc.a(lib_a-impure.o)
                0x0800867c                _global_impure_ptr
 .rodata.zeroes.7256
                0x08008680       0x10 c:/ac6/systemworkbench/plugins/fr.ac6.mcu.externaltools.arm-none.win32_1.13.2.201703061525/tools/compiler/bin/../lib/gcc/arm-none-eabi/5.4.1/../../../../arm-none-eabi/lib/armv7-m\libc.a(lib_a-svfprintf.o)
 .rodata.str1.4
                0x08008690       0x42 c:/ac6/systemworkbench/plugins/fr.ac6.mcu.externaltools.arm-none.win32_1.13.2.201703061525/tools/compiler/bin/../lib/gcc/arm-none-eabi/5.4.1/../../../../arm-none-eabi/lib/armv7-m\libc.a(lib_a-svfprintf.o)
 *fill*         0x080086d2        0x2 
 .rodata.blanks.7255
                0x080086d4       0x10 c:/ac6/systemworkbench/plugins/fr.ac6.mcu.externaltools.arm-none.win32_1.13.2.201703061525/tools/compiler/bin/../lib/gcc/arm-none-eabi/5.4.1/../../../../arm-none-eabi/lib/armv7-m\libc.a(lib_a-svfprintf.o)
 .rodata.str1.4
                0x080086e4       0x10 c:/ac6/systemworkbench/plugins/fr.ac6.mcu.externaltools.arm-none.win32_1.13.2.201703061525/tools/compiler/bin/../lib/gcc/arm-none-eabi/5.4.1/../../../../arm-none-eabi/lib/armv7-m\libc.a(lib_a-dtoa.o)
                                 0x12 (size before relaxing)
 *fill*         0x080086f4        0x4 
 .rodata.__mprec_tens
                0x080086f8       0xc8 c:/ac6/systemworkbench/plugins/fr.ac6.mcu.externaltools.arm-none.win32_1.13.2.201703061525/tools/compiler/bin/../lib/gcc/arm-none-eabi/5.4.1/../../../../arm-none-eabi/lib/armv7-m\libc.a(lib_a-mprec.o)
                0x080086f8                __mprec_tens
 .rodata.p05.6085
                0x080087c0        0xc c:/ac6/systemworkbench/plugins/fr.ac6.mcu.externaltools.arm-none.win32_1.13.2.201703061525/tools/compiler/bin/../lib/gcc/arm-none-eabi/5.4.1/../../../../arm-none-eabi/lib/armv7-m\libc.a(lib_a-mprec.o)
 *fill*         0x080087cc        0x4 
 .rodata.__mprec_bigtens
                0x080087d0       0x28 c:/ac6/systemworkbench/plugins/fr.ac6.mcu.externaltools.arm-none.win32_1.13.2.201703061525/tools/compiler/bin/../lib/gcc/arm-none-eabi/5.4.1/../../../../arm-none-eabi/lib/armv7-m\libc.a(lib_a-mprec.o)
                0x080087d0                __mprec_bigtens
 .rodata.str1.4
                0x080087f8       0x10 c:/ac6/systemworkbench/plugins/fr.ac6.mcu.externaltools.arm-none.win32_1.13.2.201703061525/tools/compiler/bin/../lib/gcc/arm-none-eabi/5.4.1/../../../../arm-none-eabi/lib/armv7-m\libc.a(lib_a-locale.o)
                                 0x12 (size before relaxing)
 .rodata._ctype_
                0x08008808      0x101 c:/ac6/systemworkbench/plugins/fr.ac6.mcu.externaltools.arm-none.win32_1.13.2.201703061525/tools/compiler/bin/../lib/gcc/arm-none-eabi/5.4.1/../../../../arm-none-eabi/lib/armv7-m\libc.a(lib_a-ctype_.o)
                0x08008808                _ctype_
                0x0800890c                . = ALIGN (0x4)
 *fill*         0x08008909        0x3 

.ARM.extab
 *(.ARM.extab* .gnu.linkonce.armextab.*)

.ARM            0x0800890c        0x8
                0x0800890c                __exidx_start = .
 *(.ARM.exidx*)
 .ARM.exidx     0x0800890c        0x8 c:/ac6/systemworkbench/plugins/fr.ac6.mcu.externaltools.arm-none.win32_1.13.2.201703061525/tools/compiler/bin/../lib/gcc/arm-none-eabi/5.4.1/armv7-m\libgcc.a(_udivmoddi4.o)
                0x08008914                __exidx_end = .

.rel.dyn        0x08008914        0x0
 .rel.iplt      0x08008914        0x0 c:/ac6/systemworkbench/plugins/fr.ac6.mcu.externaltools.arm-none.win32_1.13.2.201703061525/tools/compiler/bin/../lib/gcc/arm-none-eabi/5.4.1/armv7-m/crtbegin.o

.preinit_array  0x08008914        0x0
                0x08008914                PROVIDE (__preinit_array_start, .)
 *(.preinit_array*)
                0x08008914                PROVIDE (__preinit_array_end, .)

.init_array     0x08008914        0x8
                0x08008914                PROVIDE (__init_array_start, .)
 *(SORT(.init_array.*))
 .init_array.00000
                0x08008914        0x4 c:/ac6/systemworkbench/plugins/fr.ac6.mcu.externaltools.arm-none.win32_1.13.2.201703061525/tools/compiler/bin/../lib/gcc/arm-none-eabi/5.4.1/../../../../arm-none-eabi/lib/armv7-m\libc.a(lib_a-__call_atexit.o)
 *(.init_array*)
 .init_array    0x08008918        0x4 c:/ac6/systemworkbench/plugins/fr.ac6.mcu.externaltools.arm-none.win32_1.13.2.201703061525/tools/compiler/bin/../lib/gcc/arm-none-eabi/5.4.1/armv7-m/crtbegin.o
                0x0800891c                PROVIDE (__init_array_end, .)

.fini_array     0x0800891c        0x4
                0x0800891c                PROVIDE (__fini_array_start, .)
 *(SORT(.fini_array.*))
 *(.fini_array*)
 .fini_array    0x0800891c        0x4 c:/ac6/systemworkbench/plugins/fr.ac6.mcu.externaltools.arm-none.win32_1.13.2.201703061525/tools/compiler/bin/../lib/gcc/arm-none-eabi/5.4.1/armv7-m/crtbegin.o
                0x08008920                PROVIDE (__fini_array_end, .)
                0x08008920                _sidata = LOADADDR (.data)

.data           0x20000000      0x9c8 load address 0x08008920
                0x20000000                . = ALIGN (0x4)
                0x20000000                _sdata = .
 *(.data)
 .data          0x20000000       0x14 StdPeriph_Driver/src/stm32f10x_rcc.o
 .data          0x20000014        0x4 rtos/src/heap_2.o
 .data          0x20000018        0x4 rtos/src/port.o
 *(.data*)
 *fill*         0x2000001c        0x4 
 .data.impure_data
                0x20000020      0x428 c:/ac6/systemworkbench/plugins/fr.ac6.mcu.externaltools.arm-none.win32_1.13.2.201703061525/tools/compiler/bin/../lib/gcc/arm-none-eabi/5.4.1/../../../../arm-none-eabi/lib/armv7-m\libc.a(lib_a-impure.o)
 .data._impure_ptr
                0x20000448        0x4 c:/ac6/systemworkbench/plugins/fr.ac6.mcu.externaltools.arm-none.win32_1.13.2.201703061525/tools/compiler/bin/../lib/gcc/arm-none-eabi/5.4.1/../../../../arm-none-eabi/lib/armv7-m\libc.a(lib_a-impure.o)
                0x20000448                _impure_ptr
 .data.__malloc_av_
                0x2000044c      0x408 c:/ac6/systemworkbench/plugins/fr.ac6.mcu.externaltools.arm-none.win32_1.13.2.201703061525/tools/compiler/bin/../lib/gcc/arm-none-eabi/5.4.1/../../../../arm-none-eabi/lib/armv7-m\libc.a(lib_a-mallocr.o)
                0x2000044c                __malloc_av_
 .data.__malloc_trim_threshold
                0x20000854        0x4 c:/ac6/systemworkbench/plugins/fr.ac6.mcu.externaltools.arm-none.win32_1.13.2.201703061525/tools/compiler/bin/../lib/gcc/arm-none-eabi/5.4.1/../../../../arm-none-eabi/lib/armv7-m\libc.a(lib_a-mallocr.o)
                0x20000854                __malloc_trim_threshold
 .data.__malloc_sbrk_base
                0x20000858        0x4 c:/ac6/systemworkbench/plugins/fr.ac6.mcu.externaltools.arm-none.win32_1.13.2.201703061525/tools/compiler/bin/../lib/gcc/arm-none-eabi/5.4.1/../../../../arm-none-eabi/lib/armv7-m\libc.a(lib_a-mallocr.o)
                0x20000858                __malloc_sbrk_base
 .data.__global_locale
                0x2000085c      0x16c c:/ac6/systemworkbench/plugins/fr.ac6.mcu.externaltools.arm-none.win32_1.13.2.201703061525/tools/compiler/bin/../lib/gcc/arm-none-eabi/5.4.1/../../../../arm-none-eabi/lib/armv7-m\libc.a(lib_a-locale.o)
                0x2000085c                __global_locale
                0x200009c8                . = ALIGN (0x4)
                0x200009c8                _edata = .

.jcr            0x200009c8        0x0 load address 0x080092e8
 .jcr           0x200009c8        0x0 c:/ac6/systemworkbench/plugins/fr.ac6.mcu.externaltools.arm-none.win32_1.13.2.201703061525/tools/compiler/bin/../lib/gcc/arm-none-eabi/5.4.1/armv7-m/crtbegin.o

.igot.plt       0x200009c8        0x0 load address 0x080092e8
 .igot.plt      0x200009c8        0x0 c:/ac6/systemworkbench/plugins/fr.ac6.mcu.externaltools.arm-none.win32_1.13.2.201703061525/tools/compiler/bin/../lib/gcc/arm-none-eabi/5.4.1/armv7-m/crtbegin.o
                0x200009c8                . = ALIGN (0x4)

.bss            0x200009c8     0x19d0 load address 0x080092e8
                0x200009c8                _sbss = .
                0x200009c8                __bss_start__ = _sbss
 *(.bss)
 .bss           0x200009c8       0x1c c:/ac6/systemworkbench/plugins/fr.ac6.mcu.externaltools.arm-none.win32_1.13.2.201703061525/tools/compiler/bin/../lib/gcc/arm-none-eabi/5.4.1/armv7-m/crtbegin.o
 .bss           0x200009e4     0x1414 rtos/src/heap_2.o
 .bss           0x20001df8      0x104 rtos/src/tasks.o
                0x20001df8                pxCurrentTCB
 .bss           0x20001efc        0x8 src/syscalls.o
                0x20001efc                __env
 .bss           0x20001f04      0x401 src/task_adc.o
                0x20001f04                ADCConvertedValue
                0x20002204                ADCFiltered50
 *fill*         0x20002305        0x3 
 .bss           0x20002308        0xe src/task_uart.o
                0x20002308                rxbuffer
                0x20002314                UARTTXBusyFlag
 *(.bss*)
 *fill*         0x20002316        0x2 
 .bss.__malloc_max_total_mem
                0x20002318        0x4 c:/ac6/systemworkbench/plugins/fr.ac6.mcu.externaltools.arm-none.win32_1.13.2.201703061525/tools/compiler/bin/../lib/gcc/arm-none-eabi/5.4.1/../../../../arm-none-eabi/lib/armv7-m\libc.a(lib_a-mallocr.o)
                0x20002318                __malloc_max_total_mem
 .bss.__malloc_max_sbrked_mem
                0x2000231c        0x4 c:/ac6/systemworkbench/plugins/fr.ac6.mcu.externaltools.arm-none.win32_1.13.2.201703061525/tools/compiler/bin/../lib/gcc/arm-none-eabi/5.4.1/../../../../arm-none-eabi/lib/armv7-m\libc.a(lib_a-mallocr.o)
                0x2000231c                __malloc_max_sbrked_mem
 .bss.__malloc_top_pad
                0x20002320        0x4 c:/ac6/systemworkbench/plugins/fr.ac6.mcu.externaltools.arm-none.win32_1.13.2.201703061525/tools/compiler/bin/../lib/gcc/arm-none-eabi/5.4.1/../../../../arm-none-eabi/lib/armv7-m\libc.a(lib_a-mallocr.o)
                0x20002320                __malloc_top_pad
 .bss.__malloc_current_mallinfo
                0x20002324       0x28 c:/ac6/systemworkbench/plugins/fr.ac6.mcu.externaltools.arm-none.win32_1.13.2.201703061525/tools/compiler/bin/../lib/gcc/arm-none-eabi/5.4.1/../../../../arm-none-eabi/lib/armv7-m\libc.a(lib_a-mallocr.o)
                0x20002324                __malloc_current_mallinfo
 *(COMMON)
 COMMON         0x2000234c        0x8 src/main.o
                0x2000234c                TXDMAQueue
                0x20002350                xMeasureToggle
 COMMON         0x20002354       0x40 src/task_adc.o
                0x20002354                txbuffer
 COMMON         0x20002394        0x4 c:/ac6/systemworkbench/plugins/fr.ac6.mcu.externaltools.arm-none.win32_1.13.2.201703061525/tools/compiler/bin/../lib/gcc/arm-none-eabi/5.4.1/../../../../arm-none-eabi/lib/armv7-m\libc.a(lib_a-reent.o)
                0x20002394                errno
                0x20002398                . = ALIGN (0x4)
                0x20002398                _ebss = .
                0x20002398                __bss_end__ = _ebss

._user_heap_stack
                0x20002398      0x100 load address 0x080092e8
                0x20002398                . = ALIGN (0x8)
                0x20002398                PROVIDE (end, .)
                [!provide]                PROVIDE (_end, .)
                0x20002398                . = (. + _Min_Heap_Size)
                0x20002498                . = (. + _Min_Stack_Size)
 *fill*         0x20002398      0x100 
                0x20002498                . = ALIGN (0x8)

.memory_b1_text
 *(.mb1text)
 *(.mb1text*)
 *(.mb1rodata)
 *(.mb1rodata*)

/DISCARD/
 libc.a(*)
 libm.a(*)
 libgcc.a(*)

.ARM.attributes
                0x00000000       0x29
 *(.ARM.attributes)
 .ARM.attributes
                0x00000000       0x1d c:/ac6/systemworkbench/plugins/fr.ac6.mcu.externaltools.arm-none.win32_1.13.2.201703061525/tools/compiler/bin/../lib/gcc/arm-none-eabi/5.4.1/armv7-m/crti.o
 .ARM.attributes
                0x0000001d       0x2d c:/ac6/systemworkbench/plugins/fr.ac6.mcu.externaltools.arm-none.win32_1.13.2.201703061525/tools/compiler/bin/../lib/gcc/arm-none-eabi/5.4.1/armv7-m/crtbegin.o
 .ARM.attributes
                0x0000004a       0x33 StdPeriph_Driver/src/misc.o
 .ARM.attributes
                0x0000007d       0x33 StdPeriph_Driver/src/stm32f10x_adc.o
 .ARM.attributes
                0x000000b0       0x33 StdPeriph_Driver/src/stm32f10x_dma.o
 .ARM.attributes
                0x000000e3       0x33 StdPeriph_Driver/src/stm32f10x_gpio.o
 .ARM.attributes
                0x00000116       0x33 StdPeriph_Driver/src/stm32f10x_rcc.o
 .ARM.attributes
                0x00000149       0x33 StdPeriph_Driver/src/stm32f10x_tim.o
 .ARM.attributes
                0x0000017c       0x33 StdPeriph_Driver/src/stm32f10x_usart.o
 .ARM.attributes
                0x000001af       0x33 rtos/src/heap_2.o
 .ARM.attributes
                0x000001e2       0x33 rtos/src/list.o
 .ARM.attributes
                0x00000215       0x33 rtos/src/port.o
 .ARM.attributes
                0x00000248       0x33 rtos/src/queue.o
 .ARM.attributes
                0x0000027b       0x33 rtos/src/tasks.o
 .ARM.attributes
                0x000002ae       0x33 src/array_functions.o
 .ARM.attributes
                0x000002e1       0x33 src/main.o
 .ARM.attributes
                0x00000314       0x33 src/syscalls.o
 .ARM.attributes
                0x00000347       0x33 src/system_stm32f10x.o
 .ARM.attributes
                0x0000037a       0x33 src/task_adc.o
 .ARM.attributes
                0x000003ad       0x33 src/task_measuretimer.o
 .ARM.attributes
                0x000003e0       0x33 src/task_uart.o
 .ARM.attributes
                0x00000413       0x21 startup/startup_stm32f10x_md.o
 .ARM.attributes
                0x00000434       0x1d c:/ac6/systemworkbench/plugins/fr.ac6.mcu.externaltools.arm-none.win32_1.13.2.201703061525/tools/compiler/bin/../lib/gcc/arm-none-eabi/5.4.1/armv7-m\libgcc.a(_arm_addsubdf3.o)
 .ARM.attributes
                0x00000451       0x1d c:/ac6/systemworkbench/plugins/fr.ac6.mcu.externaltools.arm-none.win32_1.13.2.201703061525/tools/compiler/bin/../lib/gcc/arm-none-eabi/5.4.1/armv7-m\libgcc.a(_arm_muldivdf3.o)
 .ARM.attributes
                0x0000046e       0x1d c:/ac6/systemworkbench/plugins/fr.ac6.mcu.externaltools.arm-none.win32_1.13.2.201703061525/tools/compiler/bin/../lib/gcc/arm-none-eabi/5.4.1/armv7-m\libgcc.a(_arm_fixunsdfsi.o)
 .ARM.attributes
                0x0000048b       0x1d c:/ac6/systemworkbench/plugins/fr.ac6.mcu.externaltools.arm-none.win32_1.13.2.201703061525/tools/compiler/bin/../lib/gcc/arm-none-eabi/5.4.1/armv7-m\libgcc.a(_arm_addsubsf3.o)
 .ARM.attributes
                0x000004a8       0x2d c:/ac6/systemworkbench/plugins/fr.ac6.mcu.externaltools.arm-none.win32_1.13.2.201703061525/tools/compiler/bin/../lib/gcc/arm-none-eabi/5.4.1/../../../../arm-none-eabi/lib/armv7-m\libc.a(lib_a-errno.o)
 .ARM.attributes
                0x000004d5       0x2d c:/ac6/systemworkbench/plugins/fr.ac6.mcu.externaltools.arm-none.win32_1.13.2.201703061525/tools/compiler/bin/../lib/gcc/arm-none-eabi/5.4.1/../../../../arm-none-eabi/lib/armv7-m\libc.a(lib_a-impure.o)
 .ARM.attributes
                0x00000502       0x2d c:/ac6/systemworkbench/plugins/fr.ac6.mcu.externaltools.arm-none.win32_1.13.2.201703061525/tools/compiler/bin/../lib/gcc/arm-none-eabi/5.4.1/../../../../arm-none-eabi/lib/armv7-m\libc.a(lib_a-init.o)
 .ARM.attributes
                0x0000052f       0x1b c:/ac6/systemworkbench/plugins/fr.ac6.mcu.externaltools.arm-none.win32_1.13.2.201703061525/tools/compiler/bin/../lib/gcc/arm-none-eabi/5.4.1/../../../../arm-none-eabi/lib/armv7-m\libc.a(lib_a-memcpy.o)
 .ARM.attributes
                0x0000054a       0x2d c:/ac6/systemworkbench/plugins/fr.ac6.mcu.externaltools.arm-none.win32_1.13.2.201703061525/tools/compiler/bin/../lib/gcc/arm-none-eabi/5.4.1/../../../../arm-none-eabi/lib/armv7-m\libc.a(lib_a-memset.o)
 .ARM.attributes
                0x00000577       0x2d c:/ac6/systemworkbench/plugins/fr.ac6.mcu.externaltools.arm-none.win32_1.13.2.201703061525/tools/compiler/bin/../lib/gcc/arm-none-eabi/5.4.1/../../../../arm-none-eabi/lib/armv7-m\libc.a(lib_a-sprintf.o)
 .ARM.attributes
                0x000005a4       0x2d c:/ac6/systemworkbench/plugins/fr.ac6.mcu.externaltools.arm-none.win32_1.13.2.201703061525/tools/compiler/bin/../lib/gcc/arm-none-eabi/5.4.1/../../../../arm-none-eabi/lib/armv7-m\libc.a(lib_a-svfprintf.o)
 .ARM.attributes
                0x000005d1       0x2d c:/ac6/systemworkbench/plugins/fr.ac6.mcu.externaltools.arm-none.win32_1.13.2.201703061525/tools/compiler/bin/../lib/gcc/arm-none-eabi/5.4.1/../../../../arm-none-eabi/lib/armv7-m\libc.a(lib_a-__call_atexit.o)
 .ARM.attributes
                0x000005fe       0x2d c:/ac6/systemworkbench/plugins/fr.ac6.mcu.externaltools.arm-none.win32_1.13.2.201703061525/tools/compiler/bin/../lib/gcc/arm-none-eabi/5.4.1/../../../../arm-none-eabi/lib/armv7-m\libc.a(lib_a-atexit.o)
 .ARM.attributes
                0x0000062b       0x2d c:/ac6/systemworkbench/plugins/fr.ac6.mcu.externaltools.arm-none.win32_1.13.2.201703061525/tools/compiler/bin/../lib/gcc/arm-none-eabi/5.4.1/../../../../arm-none-eabi/lib/armv7-m\libc.a(lib_a-dtoa.o)
 .ARM.attributes
                0x00000658       0x2d c:/ac6/systemworkbench/plugins/fr.ac6.mcu.externaltools.arm-none.win32_1.13.2.201703061525/tools/compiler/bin/../lib/gcc/arm-none-eabi/5.4.1/../../../../arm-none-eabi/lib/armv7-m\libc.a(lib_a-fini.o)
 .ARM.attributes
                0x00000685       0x2d c:/ac6/systemworkbench/plugins/fr.ac6.mcu.externaltools.arm-none.win32_1.13.2.201703061525/tools/compiler/bin/../lib/gcc/arm-none-eabi/5.4.1/../../../../arm-none-eabi/lib/armv7-m\libc.a(lib_a-localeconv.o)
 .ARM.attributes
                0x000006b2       0x2d c:/ac6/systemworkbench/plugins/fr.ac6.mcu.externaltools.arm-none.win32_1.13.2.201703061525/tools/compiler/bin/../lib/gcc/arm-none-eabi/5.4.1/../../../../arm-none-eabi/lib/armv7-m\libc.a(lib_a-mallocr.o)
 .ARM.attributes
                0x000006df       0x2d c:/ac6/systemworkbench/plugins/fr.ac6.mcu.externaltools.arm-none.win32_1.13.2.201703061525/tools/compiler/bin/../lib/gcc/arm-none-eabi/5.4.1/../../../../arm-none-eabi/lib/armv7-m\libc.a(lib_a-memchr-stub.o)
 .ARM.attributes
                0x0000070c       0x2d c:/ac6/systemworkbench/plugins/fr.ac6.mcu.externaltools.arm-none.win32_1.13.2.201703061525/tools/compiler/bin/../lib/gcc/arm-none-eabi/5.4.1/../../../../arm-none-eabi/lib/armv7-m\libc.a(lib_a-mlock.o)
 .ARM.attributes
                0x00000739       0x2d c:/ac6/systemworkbench/plugins/fr.ac6.mcu.externaltools.arm-none.win32_1.13.2.201703061525/tools/compiler/bin/../lib/gcc/arm-none-eabi/5.4.1/../../../../arm-none-eabi/lib/armv7-m\libc.a(lib_a-mprec.o)
 .ARM.attributes
                0x00000766       0x2d c:/ac6/systemworkbench/plugins/fr.ac6.mcu.externaltools.arm-none.win32_1.13.2.201703061525/tools/compiler/bin/../lib/gcc/arm-none-eabi/5.4.1/../../../../arm-none-eabi/lib/armv7-m\libc.a(lib_a-sbrkr.o)
 .ARM.attributes
                0x00000793       0x2d c:/ac6/systemworkbench/plugins/fr.ac6.mcu.externaltools.arm-none.win32_1.13.2.201703061525/tools/compiler/bin/../lib/gcc/arm-none-eabi/5.4.1/../../../../arm-none-eabi/lib/armv7-m\libc.a(lib_a-strlen-stub.o)
 .ARM.attributes
                0x000007c0       0x2d c:/ac6/systemworkbench/plugins/fr.ac6.mcu.externaltools.arm-none.win32_1.13.2.201703061525/tools/compiler/bin/../lib/gcc/arm-none-eabi/5.4.1/../../../../arm-none-eabi/lib/armv7-m\libc.a(lib_a-svfiprintf.o)
 .ARM.attributes
                0x000007ed       0x2d c:/ac6/systemworkbench/plugins/fr.ac6.mcu.externaltools.arm-none.win32_1.13.2.201703061525/tools/compiler/bin/../lib/gcc/arm-none-eabi/5.4.1/../../../../arm-none-eabi/lib/armv7-m\libc.a(lib_a-__atexit.o)
 .ARM.attributes
                0x0000081a       0x2d c:/ac6/systemworkbench/plugins/fr.ac6.mcu.externaltools.arm-none.win32_1.13.2.201703061525/tools/compiler/bin/../lib/gcc/arm-none-eabi/5.4.1/../../../../arm-none-eabi/lib/armv7-m\libc.a(lib_a-callocr.o)
 .ARM.attributes
                0x00000847       0x2d c:/ac6/systemworkbench/plugins/fr.ac6.mcu.externaltools.arm-none.win32_1.13.2.201703061525/tools/compiler/bin/../lib/gcc/arm-none-eabi/5.4.1/../../../../arm-none-eabi/lib/armv7-m\libc.a(lib_a-freer.o)
 .ARM.attributes
                0x00000874       0x2d c:/ac6/systemworkbench/plugins/fr.ac6.mcu.externaltools.arm-none.win32_1.13.2.201703061525/tools/compiler/bin/../lib/gcc/arm-none-eabi/5.4.1/../../../../arm-none-eabi/lib/armv7-m\libc.a(lib_a-locale.o)
 .ARM.attributes
                0x000008a1       0x2d c:/ac6/systemworkbench/plugins/fr.ac6.mcu.externaltools.arm-none.win32_1.13.2.201703061525/tools/compiler/bin/../lib/gcc/arm-none-eabi/5.4.1/../../../../arm-none-eabi/lib/armv7-m\libc.a(lib_a-mbtowc_r.o)
 .ARM.attributes
                0x000008ce       0x2d c:/ac6/systemworkbench/plugins/fr.ac6.mcu.externaltools.arm-none.win32_1.13.2.201703061525/tools/compiler/bin/../lib/gcc/arm-none-eabi/5.4.1/../../../../arm-none-eabi/lib/armv7-m\libc.a(lib_a-memmove.o)
 .ARM.attributes
                0x000008fb       0x2d c:/ac6/systemworkbench/plugins/fr.ac6.mcu.externaltools.arm-none.win32_1.13.2.201703061525/tools/compiler/bin/../lib/gcc/arm-none-eabi/5.4.1/../../../../arm-none-eabi/lib/armv7-m\libc.a(lib_a-reallocr.o)
 .ARM.attributes
                0x00000928       0x2d c:/ac6/systemworkbench/plugins/fr.ac6.mcu.externaltools.arm-none.win32_1.13.2.201703061525/tools/compiler/bin/../lib/gcc/arm-none-eabi/5.4.1/../../../../arm-none-eabi/lib/armv7-m\libc.a(lib_a-reent.o)
 .ARM.attributes
                0x00000955       0x2d c:/ac6/systemworkbench/plugins/fr.ac6.mcu.externaltools.arm-none.win32_1.13.2.201703061525/tools/compiler/bin/../lib/gcc/arm-none-eabi/5.4.1/../../../../arm-none-eabi/lib/armv7-m\libc.a(lib_a-wctomb_r.o)
 .ARM.attributes
                0x00000982       0x2d c:/ac6/systemworkbench/plugins/fr.ac6.mcu.externaltools.arm-none.win32_1.13.2.201703061525/tools/compiler/bin/../lib/gcc/arm-none-eabi/5.4.1/../../../../arm-none-eabi/lib/armv7-m\libc.a(lib_a-ctype_.o)
 .ARM.attributes
                0x000009af       0x1d c:/ac6/systemworkbench/plugins/fr.ac6.mcu.externaltools.arm-none.win32_1.13.2.201703061525/tools/compiler/bin/../lib/gcc/arm-none-eabi/5.4.1/armv7-m\libgcc.a(_arm_cmpdf2.o)
 .ARM.attributes
                0x000009cc       0x1d c:/ac6/systemworkbench/plugins/fr.ac6.mcu.externaltools.arm-none.win32_1.13.2.201703061525/tools/compiler/bin/../lib/gcc/arm-none-eabi/5.4.1/armv7-m\libgcc.a(_arm_unorddf2.o)
 .ARM.attributes
                0x000009e9       0x1d c:/ac6/systemworkbench/plugins/fr.ac6.mcu.externaltools.arm-none.win32_1.13.2.201703061525/tools/compiler/bin/../lib/gcc/arm-none-eabi/5.4.1/armv7-m\libgcc.a(_arm_fixdfsi.o)
 .ARM.attributes
                0x00000a06       0x1d c:/ac6/systemworkbench/plugins/fr.ac6.mcu.externaltools.arm-none.win32_1.13.2.201703061525/tools/compiler/bin/../lib/gcc/arm-none-eabi/5.4.1/armv7-m\libgcc.a(_aeabi_uldivmod.o)
 .ARM.attributes
                0x00000a23       0x2d c:/ac6/systemworkbench/plugins/fr.ac6.mcu.externaltools.arm-none.win32_1.13.2.201703061525/tools/compiler/bin/../lib/gcc/arm-none-eabi/5.4.1/armv7-m\libgcc.a(_udivmoddi4.o)
 .ARM.attributes
                0x00000a50       0x1d c:/ac6/systemworkbench/plugins/fr.ac6.mcu.externaltools.arm-none.win32_1.13.2.201703061525/tools/compiler/bin/../lib/gcc/arm-none-eabi/5.4.1/armv7-m\libgcc.a(_dvmd_tls.o)
 .ARM.attributes
                0x00000a6d       0x1d c:/ac6/systemworkbench/plugins/fr.ac6.mcu.externaltools.arm-none.win32_1.13.2.201703061525/tools/compiler/bin/../lib/gcc/arm-none-eabi/5.4.1/armv7-m/crtn.o
OUTPUT(rev1.elf elf32-littlearm)

.debug_info     0x00000000     0x9fbe
 .debug_info    0x00000000      0x55e StdPeriph_Driver/src/misc.o
 .debug_info    0x0000055e      0xb84 StdPeriph_Driver/src/stm32f10x_adc.o
 .debug_info    0x000010e2      0x483 StdPeriph_Driver/src/stm32f10x_dma.o
 .debug_info    0x00001565      0x6fe StdPeriph_Driver/src/stm32f10x_gpio.o
 .debug_info    0x00001c63      0x8ab StdPeriph_Driver/src/stm32f10x_rcc.o
 .debug_info    0x0000250e     0x1c68 StdPeriph_Driver/src/stm32f10x_tim.o
 .debug_info    0x00004176      0x9f8 StdPeriph_Driver/src/stm32f10x_usart.o
 .debug_info    0x00004b6e      0x30e rtos/src/heap_2.o
 .debug_info    0x00004e7c      0x2d3 rtos/src/list.o
 .debug_info    0x0000514f      0x301 rtos/src/port.o
 .debug_info    0x00005450      0xcb7 rtos/src/queue.o
 .debug_info    0x00006107     0x14d5 rtos/src/tasks.o
 .debug_info    0x000075dc      0x36d src/array_functions.o
 .debug_info    0x00007949      0x285 src/main.o
 .debug_info    0x00007bce      0x6ca src/syscalls.o
 .debug_info    0x00008298      0x48e src/system_stm32f10x.o
 .debug_info    0x00008726      0xc82 src/task_adc.o
 .debug_info    0x000093a8      0x344 src/task_measuretimer.o
 .debug_info    0x000096ec      0x867 src/task_uart.o
 .debug_info    0x00009f53       0x6b startup/startup_stm32f10x_md.o

.debug_abbrev   0x00000000     0x1dfc
 .debug_abbrev  0x00000000      0x14c StdPeriph_Driver/src/misc.o
 .debug_abbrev  0x0000014c      0x19f StdPeriph_Driver/src/stm32f10x_adc.o
 .debug_abbrev  0x000002eb      0x15c StdPeriph_Driver/src/stm32f10x_dma.o
 .debug_abbrev  0x00000447      0x1d1 StdPeriph_Driver/src/stm32f10x_gpio.o
 .debug_abbrev  0x00000618      0x1c1 StdPeriph_Driver/src/stm32f10x_rcc.o
 .debug_abbrev  0x000007d9      0x1b7 StdPeriph_Driver/src/stm32f10x_tim.o
 .debug_abbrev  0x00000990      0x169 StdPeriph_Driver/src/stm32f10x_usart.o
 .debug_abbrev  0x00000af9      0x16d rtos/src/heap_2.o
 .debug_abbrev  0x00000c66       0xdb rtos/src/list.o
 .debug_abbrev  0x00000d41      0x1de rtos/src/port.o
 .debug_abbrev  0x00000f1f      0x1db rtos/src/queue.o
 .debug_abbrev  0x000010fa      0x2a9 rtos/src/tasks.o
 .debug_abbrev  0x000013a3       0xdd src/array_functions.o
 .debug_abbrev  0x00001480      0x128 src/main.o
 .debug_abbrev  0x000015a8      0x177 src/syscalls.o
 .debug_abbrev  0x0000171f      0x14c src/system_stm32f10x.o
 .debug_abbrev  0x0000186b      0x1ea src/task_adc.o
 .debug_abbrev  0x00001a55      0x184 src/task_measuretimer.o
 .debug_abbrev  0x00001bd9      0x211 src/task_uart.o
 .debug_abbrev  0x00001dea       0x12 startup/startup_stm32f10x_md.o

.debug_aranges  0x00000000      0xd08
 .debug_aranges
                0x00000000       0x40 StdPeriph_Driver/src/misc.o
 .debug_aranges
                0x00000040      0x138 StdPeriph_Driver/src/stm32f10x_adc.o
 .debug_aranges
                0x00000178       0x70 StdPeriph_Driver/src/stm32f10x_dma.o
 .debug_aranges
                0x000001e8       0xa8 StdPeriph_Driver/src/stm32f10x_gpio.o
 .debug_aranges
                0x00000290      0x118 StdPeriph_Driver/src/stm32f10x_rcc.o
 .debug_aranges
                0x000003a8      0x2f0 StdPeriph_Driver/src/stm32f10x_tim.o
 .debug_aranges
                0x00000698      0x100 StdPeriph_Driver/src/stm32f10x_usart.o
 .debug_aranges
                0x00000798       0x40 rtos/src/heap_2.o
 .debug_aranges
                0x000007d8       0x40 rtos/src/list.o
 .debug_aranges
                0x00000818       0x70 rtos/src/port.o
 .debug_aranges
                0x00000888       0xc8 rtos/src/queue.o
 .debug_aranges
                0x00000950      0x190 rtos/src/tasks.o
 .debug_aranges
                0x00000ae0       0x48 src/array_functions.o
 .debug_aranges
                0x00000b28       0x28 src/main.o
 .debug_aranges
                0x00000b50       0xb0 src/syscalls.o
 .debug_aranges
                0x00000c00       0x30 src/system_stm32f10x.o
 .debug_aranges
                0x00000c30       0x40 src/task_adc.o
 .debug_aranges
                0x00000c70       0x28 src/task_measuretimer.o
 .debug_aranges
                0x00000c98       0x48 src/task_uart.o
 .debug_aranges
                0x00000ce0       0x28 startup/startup_stm32f10x_md.o

.debug_ranges   0x00000000      0xbe8
 .debug_ranges  0x00000000       0x30 StdPeriph_Driver/src/misc.o
 .debug_ranges  0x00000030      0x128 StdPeriph_Driver/src/stm32f10x_adc.o
 .debug_ranges  0x00000158       0x60 StdPeriph_Driver/src/stm32f10x_dma.o
 .debug_ranges  0x000001b8       0x98 StdPeriph_Driver/src/stm32f10x_gpio.o
 .debug_ranges  0x00000250      0x108 StdPeriph_Driver/src/stm32f10x_rcc.o
 .debug_ranges  0x00000358      0x2e0 StdPeriph_Driver/src/stm32f10x_tim.o
 .debug_ranges  0x00000638       0xf0 StdPeriph_Driver/src/stm32f10x_usart.o
 .debug_ranges  0x00000728       0x30 rtos/src/heap_2.o
 .debug_ranges  0x00000758       0x30 rtos/src/list.o
 .debug_ranges  0x00000788       0x60 rtos/src/port.o
 .debug_ranges  0x000007e8       0xb8 rtos/src/queue.o
 .debug_ranges  0x000008a0      0x180 rtos/src/tasks.o
 .debug_ranges  0x00000a20       0x50 src/array_functions.o
 .debug_ranges  0x00000a70       0x18 src/main.o
 .debug_ranges  0x00000a88       0xa0 src/syscalls.o
 .debug_ranges  0x00000b28       0x20 src/system_stm32f10x.o
 .debug_ranges  0x00000b48       0x30 src/task_adc.o
 .debug_ranges  0x00000b78       0x18 src/task_measuretimer.o
 .debug_ranges  0x00000b90       0x38 src/task_uart.o
 .debug_ranges  0x00000bc8       0x20 startup/startup_stm32f10x_md.o

.debug_macro    0x00000000    0x119a1
 .debug_macro   0x00000000      0x1a1 StdPeriph_Driver/src/misc.o
 .debug_macro   0x000001a1      0x898 StdPeriph_Driver/src/misc.o
 .debug_macro   0x00000a39       0x5d StdPeriph_Driver/src/misc.o
 .debug_macro   0x00000a96       0x3a StdPeriph_Driver/src/misc.o
 .debug_macro   0x00000ad0       0x22 StdPeriph_Driver/src/misc.o
 .debug_macro   0x00000af2       0x87 StdPeriph_Driver/src/misc.o
 .debug_macro   0x00000b79       0x44 StdPeriph_Driver/src/misc.o
 .debug_macro   0x00000bbd       0xfd StdPeriph_Driver/src/misc.o
 .debug_macro   0x00000cba       0x5e StdPeriph_Driver/src/misc.o
 .debug_macro   0x00000d18      0x1df StdPeriph_Driver/src/misc.o
 .debug_macro   0x00000ef7       0x2d StdPeriph_Driver/src/misc.o
 .debug_macro   0x00000f24      0xa8b StdPeriph_Driver/src/misc.o
 .debug_macro   0x000019af     0x7eb3 StdPeriph_Driver/src/misc.o
 .debug_macro   0x00009862      0x2e4 StdPeriph_Driver/src/misc.o
 .debug_macro   0x00009b46      0x14a StdPeriph_Driver/src/misc.o
 .debug_macro   0x00009c90      0x3cf StdPeriph_Driver/src/misc.o
 .debug_macro   0x0000a05f       0xc8 StdPeriph_Driver/src/misc.o
 .debug_macro   0x0000a127      0x17b StdPeriph_Driver/src/misc.o
 .debug_macro   0x0000a2a2       0xac StdPeriph_Driver/src/misc.o
 .debug_macro   0x0000a34e      0x3b0 StdPeriph_Driver/src/misc.o
 .debug_macro   0x0000a6fe       0x9d StdPeriph_Driver/src/misc.o
 .debug_macro   0x0000a79b      0x2d5 StdPeriph_Driver/src/misc.o
 .debug_macro   0x0000aa70      0x279 StdPeriph_Driver/src/misc.o
 .debug_macro   0x0000ace9      0x2ad StdPeriph_Driver/src/misc.o
 .debug_macro   0x0000af96      0x2b4 StdPeriph_Driver/src/misc.o
 .debug_macro   0x0000b24a       0x64 StdPeriph_Driver/src/misc.o
 .debug_macro   0x0000b2ae       0x82 StdPeriph_Driver/src/misc.o
 .debug_macro   0x0000b330      0x3e2 StdPeriph_Driver/src/misc.o
 .debug_macro   0x0000b712       0x58 StdPeriph_Driver/src/misc.o
 .debug_macro   0x0000b76a      0x344 StdPeriph_Driver/src/misc.o
 .debug_macro   0x0000baae      0x2c4 StdPeriph_Driver/src/misc.o
 .debug_macro   0x0000bd72      0x711 StdPeriph_Driver/src/misc.o
 .debug_macro   0x0000c483      0x229 StdPeriph_Driver/src/misc.o
 .debug_macro   0x0000c6ac       0x34 StdPeriph_Driver/src/misc.o
 .debug_macro   0x0000c6e0       0x35 StdPeriph_Driver/src/misc.o
 .debug_macro   0x0000c715       0x86 StdPeriph_Driver/src/misc.o
 .debug_macro   0x0000c79b      0x29d StdPeriph_Driver/src/stm32f10x_adc.o
 .debug_macro   0x0000ca38      0x144 StdPeriph_Driver/src/stm32f10x_adc.o
 .debug_macro   0x0000cb7c       0x8c StdPeriph_Driver/src/stm32f10x_adc.o
 .debug_macro   0x0000cc08      0x1f3 StdPeriph_Driver/src/stm32f10x_dma.o
 .debug_macro   0x0000cdfb      0x3aa StdPeriph_Driver/src/stm32f10x_dma.o
 .debug_macro   0x0000d1a5      0x1ed StdPeriph_Driver/src/stm32f10x_gpio.o
 .debug_macro   0x0000d392      0x2a7 StdPeriph_Driver/src/stm32f10x_gpio.o
 .debug_macro   0x0000d639      0x2bb StdPeriph_Driver/src/stm32f10x_rcc.o
 .debug_macro   0x0000d8f4      0x3dc StdPeriph_Driver/src/stm32f10x_rcc.o
 .debug_macro   0x0000dcd0      0x1b7 StdPeriph_Driver/src/stm32f10x_tim.o
 .debug_macro   0x0000de87      0x70b StdPeriph_Driver/src/stm32f10x_tim.o
 .debug_macro   0x0000e592      0x253 StdPeriph_Driver/src/stm32f10x_usart.o
 .debug_macro   0x0000e7e5      0x223 StdPeriph_Driver/src/stm32f10x_usart.o
 .debug_macro   0x0000ea08      0x2dd rtos/src/heap_2.o
 .debug_macro   0x0000ece5      0x2af rtos/src/list.o
 .debug_macro   0x0000ef94      0x2a9 rtos/src/port.o
 .debug_macro   0x0000f23d      0x32b rtos/src/queue.o
 .debug_macro   0x0000f568       0x16 rtos/src/queue.o
 .debug_macro   0x0000f57e       0x35 rtos/src/queue.o
 .debug_macro   0x0000f5b3       0x94 rtos/src/queue.o
 .debug_macro   0x0000f647      0x38e rtos/src/tasks.o
 .debug_macro   0x0000f9d5       0x11 rtos/src/tasks.o
 .debug_macro   0x0000f9e6      0x200 src/array_functions.o
 .debug_macro   0x0000fbe6       0xb3 src/array_functions.o
 .debug_macro   0x0000fc99       0x16 src/array_functions.o
 .debug_macro   0x0000fcaf      0x23c src/main.o
 .debug_macro   0x0000feeb       0x63 src/main.o
 .debug_macro   0x0000ff4e       0x1c src/main.o
 .debug_macro   0x0000ff6a      0x22b src/syscalls.o
 .debug_macro   0x00010195       0x10 src/syscalls.o
 .debug_macro   0x000101a5       0x10 src/syscalls.o
 .debug_macro   0x000101b5       0x10 src/syscalls.o
 .debug_macro   0x000101c5       0x10 src/syscalls.o
 .debug_macro   0x000101d5       0x1c src/syscalls.o
 .debug_macro   0x000101f1       0x52 src/syscalls.o
 .debug_macro   0x00010243       0x40 src/syscalls.o
 .debug_macro   0x00010283       0x10 src/syscalls.o
 .debug_macro   0x00010293       0x40 src/syscalls.o
 .debug_macro   0x000102d3       0xd7 src/syscalls.o
 .debug_macro   0x000103aa       0x35 src/syscalls.o
 .debug_macro   0x000103df      0x122 src/syscalls.o
 .debug_macro   0x00010501       0x10 src/syscalls.o
 .debug_macro   0x00010511      0x241 src/syscalls.o
 .debug_macro   0x00010752       0x1c src/syscalls.o
 .debug_macro   0x0001076e       0x10 src/syscalls.o
 .debug_macro   0x0001077e       0x10 src/syscalls.o
 .debug_macro   0x0001078e       0x16 src/syscalls.o
 .debug_macro   0x000107a4      0x18b src/syscalls.o
 .debug_macro   0x0001092f      0x159 src/syscalls.o
 .debug_macro   0x00010a88       0x16 src/syscalls.o
 .debug_macro   0x00010a9e       0x88 src/syscalls.o
 .debug_macro   0x00010b26      0x19d src/system_stm32f10x.o
 .debug_macro   0x00010cc3      0x393 src/task_adc.o
 .debug_macro   0x00011056       0x52 src/task_adc.o
 .debug_macro   0x000110a8      0x1e1 src/task_adc.o
 .debug_macro   0x00011289      0x35f src/task_measuretimer.o
 .debug_macro   0x000115e8       0x16 src/task_measuretimer.o
 .debug_macro   0x000115fe      0x3a3 src/task_uart.o

.debug_line     0x00000000     0x9d81
 .debug_line    0x00000000      0x5e0 StdPeriph_Driver/src/misc.o
 .debug_line    0x000005e0      0x8ce StdPeriph_Driver/src/stm32f10x_adc.o
 .debug_line    0x00000eae      0x6cc StdPeriph_Driver/src/stm32f10x_dma.o
 .debug_line    0x0000157a      0x763 StdPeriph_Driver/src/stm32f10x_gpio.o
 .debug_line    0x00001cdd      0x85f StdPeriph_Driver/src/stm32f10x_rcc.o
 .debug_line    0x0000253c      0xee4 StdPeriph_Driver/src/stm32f10x_tim.o
 .debug_line    0x00003420      0x831 StdPeriph_Driver/src/stm32f10x_usart.o
 .debug_line    0x00003c51      0x76e rtos/src/heap_2.o
 .debug_line    0x000043bf      0x72d rtos/src/list.o
 .debug_line    0x00004aec      0x740 rtos/src/port.o
 .debug_line    0x0000522c      0xa48 rtos/src/queue.o
 .debug_line    0x00005c74      0xec5 rtos/src/tasks.o
 .debug_line    0x00006b39      0x71e src/array_functions.o
 .debug_line    0x00007257      0x69a src/main.o
 .debug_line    0x000078f1      0x5c1 src/syscalls.o
 .debug_line    0x00007eb2      0x5fa src/system_stm32f10x.o
 .debug_line    0x000084ac      0x88d src/task_adc.o
 .debug_line    0x00008d39      0x7a7 src/task_measuretimer.o
 .debug_line    0x000094e0      0x823 src/task_uart.o
 .debug_line    0x00009d03       0x7e startup/startup_stm32f10x_md.o

.debug_str      0x00000000    0x5e682
 .debug_str     0x00000000    0x4e920 StdPeriph_Driver/src/misc.o
                              0x4eaa6 (size before relaxing)
 .debug_str     0x0004e920      0xb77 StdPeriph_Driver/src/stm32f10x_adc.o
                              0x4f3f4 (size before relaxing)
 .debug_str     0x0004f497      0x6d6 StdPeriph_Driver/src/stm32f10x_dma.o
                              0x4ef48 (size before relaxing)
 .debug_str     0x0004fb6d      0x5a4 StdPeriph_Driver/src/stm32f10x_gpio.o
                              0x4ee18 (size before relaxing)
 .debug_str     0x00050111      0xb59 StdPeriph_Driver/src/stm32f10x_rcc.o
                              0x4f3fe (size before relaxing)
 .debug_str     0x00050c6a      0xc15 StdPeriph_Driver/src/stm32f10x_tim.o
                              0x4f51c (size before relaxing)
 .debug_str     0x0005187f      0x7e9 StdPeriph_Driver/src/stm32f10x_usart.o
                              0x4f128 (size before relaxing)
 .debug_str     0x00052068     0x6231 rtos/src/heap_2.o
                              0x54b06 (size before relaxing)
 .debug_str     0x00058299      0x12a rtos/src/list.o
                              0x542dc (size before relaxing)
 .debug_str     0x000583c3      0x64a rtos/src/port.o
                              0x52667 (size before relaxing)
 .debug_str     0x00058a0d      0xe31 rtos/src/queue.o
                              0x55707 (size before relaxing)
 .debug_str     0x0005983e     0x18ba rtos/src/tasks.o
                              0x562ab (size before relaxing)
 .debug_str     0x0005b0f8       0xcf src/array_functions.o
                              0x51370 (size before relaxing)
 .debug_str     0x0005b1c7      0x652 src/main.o
                              0x52fa3 (size before relaxing)
 .debug_str     0x0005b819     0x208c src/syscalls.o
                               0x76c2 (size before relaxing)
 .debug_str     0x0005d8a5       0x9f src/system_stm32f10x.o
                              0x4e9b1 (size before relaxing)
 .debug_str     0x0005d944      0xc3e src/task_adc.o
                              0x57893 (size before relaxing)
 .debug_str     0x0005e582       0x65 src/task_measuretimer.o
                              0x567eb (size before relaxing)
 .debug_str     0x0005e5e7       0x9b src/task_uart.o
                              0x56e0d (size before relaxing)

.comment        0x00000000       0x6e
 .comment       0x00000000       0x6e StdPeriph_Driver/src/misc.o
                                 0x6f (size before relaxing)
 .comment       0x0000006e       0x6f StdPeriph_Driver/src/stm32f10x_adc.o
 .comment       0x0000006e       0x6f StdPeriph_Driver/src/stm32f10x_dma.o
 .comment       0x0000006e       0x6f StdPeriph_Driver/src/stm32f10x_gpio.o
 .comment       0x0000006e       0x6f StdPeriph_Driver/src/stm32f10x_rcc.o
 .comment       0x0000006e       0x6f StdPeriph_Driver/src/stm32f10x_tim.o
 .comment       0x0000006e       0x6f StdPeriph_Driver/src/stm32f10x_usart.o
 .comment       0x0000006e       0x6f rtos/src/heap_2.o
 .comment       0x0000006e       0x6f rtos/src/list.o
 .comment       0x0000006e       0x6f rtos/src/port.o
 .comment       0x0000006e       0x6f rtos/src/queue.o
 .comment       0x0000006e       0x6f rtos/src/tasks.o
 .comment       0x0000006e       0x6f src/array_functions.o
 .comment       0x0000006e       0x6f src/main.o
 .comment       0x0000006e       0x6f src/syscalls.o
 .comment       0x0000006e       0x6f src/system_stm32f10x.o
 .comment       0x0000006e       0x6f src/task_adc.o
 .comment       0x0000006e       0x6f src/task_measuretimer.o
 .comment       0x0000006e       0x6f src/task_uart.o

.debug_frame    0x00000000     0x3fd8
 .debug_frame   0x00000000       0xd8 StdPeriph_Driver/src/misc.o
 .debug_frame   0x000000d8      0x5a4 StdPeriph_Driver/src/stm32f10x_adc.o
 .debug_frame   0x0000067c      0x1c8 StdPeriph_Driver/src/stm32f10x_dma.o
 .debug_frame   0x00000844      0x2d0 StdPeriph_Driver/src/stm32f10x_gpio.o
 .debug_frame   0x00000b14      0x4f4 StdPeriph_Driver/src/stm32f10x_rcc.o
 .debug_frame   0x00001008      0xe2c StdPeriph_Driver/src/stm32f10x_tim.o
 .debug_frame   0x00001e34      0x490 StdPeriph_Driver/src/stm32f10x_usart.o
 .debug_frame   0x000022c4       0xc0 rtos/src/heap_2.o
 .debug_frame   0x00002384       0xd8 rtos/src/list.o
 .debug_frame   0x0000245c      0x154 rtos/src/port.o
 .debug_frame   0x000025b0      0x334 rtos/src/queue.o
 .debug_frame   0x000028e4      0x6c0 rtos/src/tasks.o
 .debug_frame   0x00002fa4      0x100 src/array_functions.o
 .debug_frame   0x000030a4       0x50 src/main.o
 .debug_frame   0x000030f4      0x2d4 src/syscalls.o
 .debug_frame   0x000033c8       0x7c src/system_stm32f10x.o
 .debug_frame   0x00003444       0xb8 src/task_adc.o
 .debug_frame   0x000034fc       0x54 src/task_measuretimer.o
 .debug_frame   0x00003550       0xd8 src/task_uart.o
 .debug_frame   0x00003628       0x20 c:/ac6/systemworkbench/plugins/fr.ac6.mcu.externaltools.arm-none.win32_1.13.2.201703061525/tools/compiler/bin/../lib/gcc/arm-none-eabi/5.4.1/../../../../arm-none-eabi/lib/armv7-m\libc.a(lib_a-errno.o)
 .debug_frame   0x00003648       0x2c c:/ac6/systemworkbench/plugins/fr.ac6.mcu.externaltools.arm-none.win32_1.13.2.201703061525/tools/compiler/bin/../lib/gcc/arm-none-eabi/5.4.1/../../../../arm-none-eabi/lib/armv7-m\libc.a(lib_a-init.o)
 .debug_frame   0x00003674       0x34 c:/ac6/systemworkbench/plugins/fr.ac6.mcu.externaltools.arm-none.win32_1.13.2.201703061525/tools/compiler/bin/../lib/gcc/arm-none-eabi/5.4.1/../../../../arm-none-eabi/lib/armv7-m\libc.a(lib_a-memset.o)
 .debug_frame   0x000036a8       0x84 c:/ac6/systemworkbench/plugins/fr.ac6.mcu.externaltools.arm-none.win32_1.13.2.201703061525/tools/compiler/bin/../lib/gcc/arm-none-eabi/5.4.1/../../../../arm-none-eabi/lib/armv7-m\libc.a(lib_a-sprintf.o)
 .debug_frame   0x0000372c       0x44 c:/ac6/systemworkbench/plugins/fr.ac6.mcu.externaltools.arm-none.win32_1.13.2.201703061525/tools/compiler/bin/../lib/gcc/arm-none-eabi/5.4.1/../../../../arm-none-eabi/lib/armv7-m\libc.a(lib_a-svfprintf.o)
 .debug_frame   0x00003770       0x50 c:/ac6/systemworkbench/plugins/fr.ac6.mcu.externaltools.arm-none.win32_1.13.2.201703061525/tools/compiler/bin/../lib/gcc/arm-none-eabi/5.4.1/../../../../arm-none-eabi/lib/armv7-m\libc.a(lib_a-__call_atexit.o)
 .debug_frame   0x000037c0       0x20 c:/ac6/systemworkbench/plugins/fr.ac6.mcu.externaltools.arm-none.win32_1.13.2.201703061525/tools/compiler/bin/../lib/gcc/arm-none-eabi/5.4.1/../../../../arm-none-eabi/lib/armv7-m\libc.a(lib_a-atexit.o)
 .debug_frame   0x000037e0       0x84 c:/ac6/systemworkbench/plugins/fr.ac6.mcu.externaltools.arm-none.win32_1.13.2.201703061525/tools/compiler/bin/../lib/gcc/arm-none-eabi/5.4.1/../../../../arm-none-eabi/lib/armv7-m\libc.a(lib_a-dtoa.o)
 .debug_frame   0x00003864       0x34 c:/ac6/systemworkbench/plugins/fr.ac6.mcu.externaltools.arm-none.win32_1.13.2.201703061525/tools/compiler/bin/../lib/gcc/arm-none-eabi/5.4.1/../../../../arm-none-eabi/lib/armv7-m\libc.a(lib_a-fini.o)
 .debug_frame   0x00003898       0x40 c:/ac6/systemworkbench/plugins/fr.ac6.mcu.externaltools.arm-none.win32_1.13.2.201703061525/tools/compiler/bin/../lib/gcc/arm-none-eabi/5.4.1/../../../../arm-none-eabi/lib/armv7-m\libc.a(lib_a-localeconv.o)
 .debug_frame   0x000038d8       0x54 c:/ac6/systemworkbench/plugins/fr.ac6.mcu.externaltools.arm-none.win32_1.13.2.201703061525/tools/compiler/bin/../lib/gcc/arm-none-eabi/5.4.1/../../../../arm-none-eabi/lib/armv7-m\libc.a(lib_a-mallocr.o)
 .debug_frame   0x0000392c       0x34 c:/ac6/systemworkbench/plugins/fr.ac6.mcu.externaltools.arm-none.win32_1.13.2.201703061525/tools/compiler/bin/../lib/gcc/arm-none-eabi/5.4.1/../../../../arm-none-eabi/lib/armv7-m\libc.a(lib_a-memchr-stub.o)
 .debug_frame   0x00003960       0x30 c:/ac6/systemworkbench/plugins/fr.ac6.mcu.externaltools.arm-none.win32_1.13.2.201703061525/tools/compiler/bin/../lib/gcc/arm-none-eabi/5.4.1/../../../../arm-none-eabi/lib/armv7-m\libc.a(lib_a-mlock.o)
 .debug_frame   0x00003990      0x264 c:/ac6/systemworkbench/plugins/fr.ac6.mcu.externaltools.arm-none.win32_1.13.2.201703061525/tools/compiler/bin/../lib/gcc/arm-none-eabi/5.4.1/../../../../arm-none-eabi/lib/armv7-m\libc.a(lib_a-mprec.o)
 .debug_frame   0x00003bf4       0x2c c:/ac6/systemworkbench/plugins/fr.ac6.mcu.externaltools.arm-none.win32_1.13.2.201703061525/tools/compiler/bin/../lib/gcc/arm-none-eabi/5.4.1/../../../../arm-none-eabi/lib/armv7-m\libc.a(lib_a-sbrkr.o)
 .debug_frame   0x00003c20       0x20 c:/ac6/systemworkbench/plugins/fr.ac6.mcu.externaltools.arm-none.win32_1.13.2.201703061525/tools/compiler/bin/../lib/gcc/arm-none-eabi/5.4.1/../../../../arm-none-eabi/lib/armv7-m\libc.a(lib_a-strlen-stub.o)
 .debug_frame   0x00003c40       0x78 c:/ac6/systemworkbench/plugins/fr.ac6.mcu.externaltools.arm-none.win32_1.13.2.201703061525/tools/compiler/bin/../lib/gcc/arm-none-eabi/5.4.1/../../../../arm-none-eabi/lib/armv7-m\libc.a(lib_a-svfiprintf.o)
 .debug_frame   0x00003cb8       0x34 c:/ac6/systemworkbench/plugins/fr.ac6.mcu.externaltools.arm-none.win32_1.13.2.201703061525/tools/compiler/bin/../lib/gcc/arm-none-eabi/5.4.1/../../../../arm-none-eabi/lib/armv7-m\libc.a(lib_a-__atexit.o)
 .debug_frame   0x00003cec       0x28 c:/ac6/systemworkbench/plugins/fr.ac6.mcu.externaltools.arm-none.win32_1.13.2.201703061525/tools/compiler/bin/../lib/gcc/arm-none-eabi/5.4.1/../../../../arm-none-eabi/lib/armv7-m\libc.a(lib_a-callocr.o)
 .debug_frame   0x00003d14       0x74 c:/ac6/systemworkbench/plugins/fr.ac6.mcu.externaltools.arm-none.win32_1.13.2.201703061525/tools/compiler/bin/../lib/gcc/arm-none-eabi/5.4.1/../../../../arm-none-eabi/lib/armv7-m\libc.a(lib_a-freer.o)
 .debug_frame   0x00003d88       0x84 c:/ac6/systemworkbench/plugins/fr.ac6.mcu.externaltools.arm-none.win32_1.13.2.201703061525/tools/compiler/bin/../lib/gcc/arm-none-eabi/5.4.1/../../../../arm-none-eabi/lib/armv7-m\libc.a(lib_a-locale.o)
 .debug_frame   0x00003e0c       0x4c c:/ac6/systemworkbench/plugins/fr.ac6.mcu.externaltools.arm-none.win32_1.13.2.201703061525/tools/compiler/bin/../lib/gcc/arm-none-eabi/5.4.1/../../../../arm-none-eabi/lib/armv7-m\libc.a(lib_a-mbtowc_r.o)
 .debug_frame   0x00003e58       0x30 c:/ac6/systemworkbench/plugins/fr.ac6.mcu.externaltools.arm-none.win32_1.13.2.201703061525/tools/compiler/bin/../lib/gcc/arm-none-eabi/5.4.1/../../../../arm-none-eabi/lib/armv7-m\libc.a(lib_a-memmove.o)
 .debug_frame   0x00003e88       0x58 c:/ac6/systemworkbench/plugins/fr.ac6.mcu.externaltools.arm-none.win32_1.13.2.201703061525/tools/compiler/bin/../lib/gcc/arm-none-eabi/5.4.1/../../../../arm-none-eabi/lib/armv7-m\libc.a(lib_a-reallocr.o)
 .debug_frame   0x00003ee0       0x58 c:/ac6/systemworkbench/plugins/fr.ac6.mcu.externaltools.arm-none.win32_1.13.2.201703061525/tools/compiler/bin/../lib/gcc/arm-none-eabi/5.4.1/../../../../arm-none-eabi/lib/armv7-m\libc.a(lib_a-reent.o)
 .debug_frame   0x00003f38       0x3c c:/ac6/systemworkbench/plugins/fr.ac6.mcu.externaltools.arm-none.win32_1.13.2.201703061525/tools/compiler/bin/../lib/gcc/arm-none-eabi/5.4.1/../../../../arm-none-eabi/lib/armv7-m\libc.a(lib_a-wctomb_r.o)
 .debug_frame   0x00003f74       0x2c c:/ac6/systemworkbench/plugins/fr.ac6.mcu.externaltools.arm-none.win32_1.13.2.201703061525/tools/compiler/bin/../lib/gcc/arm-none-eabi/5.4.1/armv7-m\libgcc.a(_aeabi_uldivmod.o)
 .debug_frame   0x00003fa0       0x38 c:/ac6/systemworkbench/plugins/fr.ac6.mcu.externaltools.arm-none.win32_1.13.2.201703061525/tools/compiler/bin/../lib/gcc/arm-none-eabi/5.4.1/armv7-m\libgcc.a(_udivmoddi4.o)
