Archive member included to satisfy reference by file (symbol)

c:/ac6/systemworkbench/plugins/fr.ac6.mcu.externaltools.arm-none.win32_1.13.2.201703061525/tools/compiler/bin/../lib/gcc/arm-none-eabi/5.4.1/../../../../arm-none-eabi/lib/armv7-m\libc.a(lib_a-errno.o)
                              src/syscalls.o (__errno)
c:/ac6/systemworkbench/plugins/fr.ac6.mcu.externaltools.arm-none.win32_1.13.2.201703061525/tools/compiler/bin/../lib/gcc/arm-none-eabi/5.4.1/../../../../arm-none-eabi/lib/armv7-m\libc.a(lib_a-exit.o)
                              c:/ac6/systemworkbench/plugins/fr.ac6.mcu.externaltools.arm-none.win32_1.13.2.201703061525/tools/compiler/bin/../lib/gcc/arm-none-eabi/5.4.1/../../../../arm-none-eabi/lib/armv7-m/crt0.o (exit)
c:/ac6/systemworkbench/plugins/fr.ac6.mcu.externaltools.arm-none.win32_1.13.2.201703061525/tools/compiler/bin/../lib/gcc/arm-none-eabi/5.4.1/../../../../arm-none-eabi/lib/armv7-m\libc.a(lib_a-impure.o)
                              c:/ac6/systemworkbench/plugins/fr.ac6.mcu.externaltools.arm-none.win32_1.13.2.201703061525/tools/compiler/bin/../lib/gcc/arm-none-eabi/5.4.1/../../../../arm-none-eabi/lib/armv7-m\libc.a(lib_a-exit.o) (_global_impure_ptr)
c:/ac6/systemworkbench/plugins/fr.ac6.mcu.externaltools.arm-none.win32_1.13.2.201703061525/tools/compiler/bin/../lib/gcc/arm-none-eabi/5.4.1/../../../../arm-none-eabi/lib/armv7-m\libc.a(lib_a-init.o)
                              c:/ac6/systemworkbench/plugins/fr.ac6.mcu.externaltools.arm-none.win32_1.13.2.201703061525/tools/compiler/bin/../lib/gcc/arm-none-eabi/5.4.1/../../../../arm-none-eabi/lib/armv7-m/crt0.o (__libc_init_array)
c:/ac6/systemworkbench/plugins/fr.ac6.mcu.externaltools.arm-none.win32_1.13.2.201703061525/tools/compiler/bin/../lib/gcc/arm-none-eabi/5.4.1/../../../../arm-none-eabi/lib/armv7-m\libc.a(lib_a-memcpy.o)
                              rtos/src/queue.o (memcpy)
c:/ac6/systemworkbench/plugins/fr.ac6.mcu.externaltools.arm-none.win32_1.13.2.201703061525/tools/compiler/bin/../lib/gcc/arm-none-eabi/5.4.1/../../../../arm-none-eabi/lib/armv7-m\libc.a(lib_a-memset.o)
                              c:/ac6/systemworkbench/plugins/fr.ac6.mcu.externaltools.arm-none.win32_1.13.2.201703061525/tools/compiler/bin/../lib/gcc/arm-none-eabi/5.4.1/../../../../arm-none-eabi/lib/armv7-m/crt0.o (memset)
c:/ac6/systemworkbench/plugins/fr.ac6.mcu.externaltools.arm-none.win32_1.13.2.201703061525/tools/compiler/bin/../lib/gcc/arm-none-eabi/5.4.1/../../../../arm-none-eabi/lib/armv7-m\libc.a(lib_a-printf.o)
                              src/task_measuretimer.o (printf)
c:/ac6/systemworkbench/plugins/fr.ac6.mcu.externaltools.arm-none.win32_1.13.2.201703061525/tools/compiler/bin/../lib/gcc/arm-none-eabi/5.4.1/../../../../arm-none-eabi/lib/armv7-m\libc.a(lib_a-vfprintf.o)
                              c:/ac6/systemworkbench/plugins/fr.ac6.mcu.externaltools.arm-none.win32_1.13.2.201703061525/tools/compiler/bin/../lib/gcc/arm-none-eabi/5.4.1/../../../../arm-none-eabi/lib/armv7-m\libc.a(lib_a-printf.o) (_vfprintf_r)
c:/ac6/systemworkbench/plugins/fr.ac6.mcu.externaltools.arm-none.win32_1.13.2.201703061525/tools/compiler/bin/../lib/gcc/arm-none-eabi/5.4.1/../../../../arm-none-eabi/lib/armv7-m\libc.a(lib_a-wsetup.o)
                              c:/ac6/systemworkbench/plugins/fr.ac6.mcu.externaltools.arm-none.win32_1.13.2.201703061525/tools/compiler/bin/../lib/gcc/arm-none-eabi/5.4.1/../../../../arm-none-eabi/lib/armv7-m\libc.a(lib_a-vfprintf.o) (__swsetup_r)
c:/ac6/systemworkbench/plugins/fr.ac6.mcu.externaltools.arm-none.win32_1.13.2.201703061525/tools/compiler/bin/../lib/gcc/arm-none-eabi/5.4.1/../../../../arm-none-eabi/lib/armv7-m\libc.a(lib_a-__call_atexit.o)
                              c:/ac6/systemworkbench/plugins/fr.ac6.mcu.externaltools.arm-none.win32_1.13.2.201703061525/tools/compiler/bin/../lib/gcc/arm-none-eabi/5.4.1/../../../../arm-none-eabi/lib/armv7-m\libc.a(lib_a-exit.o) (__call_exitprocs)
c:/ac6/systemworkbench/plugins/fr.ac6.mcu.externaltools.arm-none.win32_1.13.2.201703061525/tools/compiler/bin/../lib/gcc/arm-none-eabi/5.4.1/../../../../arm-none-eabi/lib/armv7-m\libc.a(lib_a-atexit.o)
                              c:/ac6/systemworkbench/plugins/fr.ac6.mcu.externaltools.arm-none.win32_1.13.2.201703061525/tools/compiler/bin/../lib/gcc/arm-none-eabi/5.4.1/../../../../arm-none-eabi/lib/armv7-m\libc.a(lib_a-__call_atexit.o) (atexit)
c:/ac6/systemworkbench/plugins/fr.ac6.mcu.externaltools.arm-none.win32_1.13.2.201703061525/tools/compiler/bin/../lib/gcc/arm-none-eabi/5.4.1/../../../../arm-none-eabi/lib/armv7-m\libc.a(lib_a-dtoa.o)
                              c:/ac6/systemworkbench/plugins/fr.ac6.mcu.externaltools.arm-none.win32_1.13.2.201703061525/tools/compiler/bin/../lib/gcc/arm-none-eabi/5.4.1/../../../../arm-none-eabi/lib/armv7-m\libc.a(lib_a-vfprintf.o) (_dtoa_r)
[...]
Memory Configuration

Name             Origin             Length             Attributes
FLASH            0x08000000         0x00020000         xr
RAM              0x20000000         0x00005000         xrw
MEMORY_B1        0x60000000         0x00000000         xr
*default*        0x00000000         0xffffffff

Linker script and memory map

LOAD c:/ac6/systemworkbench/plugins/fr.ac6.mcu.externaltools.arm-none.win32_1.13.2.201703061525/tools/compiler/bin/../lib/gcc/arm-none-eabi/5.4.1/armv7-m/crti.o
LOAD c:/ac6/systemworkbench/plugins/fr.ac6.mcu.externaltools.arm-none.win32_1.13.2.201703061525/tools/compiler/bin/../lib/gcc/arm-none-eabi/5.4.1/armv7-m/crtbegin.o
LOAD c:/ac6/systemworkbench/plugins/fr.ac6.mcu.externaltools.arm-none.win32_1.13.2.201703061525/tools/compiler/bin/../lib/gcc/arm-none-eabi/5.4.1/../../../../arm-none-eabi/lib/armv7-m/crt0.o
LOAD c:/ac6/systemworkbench/plugins/fr.ac6.mcu.externaltools.arm-none.win32_1.13.2.201703061525/tools/compiler/bin/../lib/gcc/arm-none-eabi/5.4.1/../../../../arm-none-eabi/lib/armv7-m\libm.a
LOAD StdPeriph_Driver/src/misc.o
LOAD StdPeriph_Driver/src/stm32f10x_adc.o
LOAD StdPeriph_Driver/src/stm32f10x_bkp.o
LOAD StdPeriph_Driver/src/stm32f10x_can.o
LOAD StdPeriph_Driver/src/stm32f10x_cec.o
LOAD StdPeriph_Driver/src/stm32f10x_crc.o
LOAD StdPeriph_Driver/src/stm32f10x_dac.o
LOAD StdPeriph_Driver/src/stm32f10x_dbgmcu.o
LOAD StdPeriph_Driver/src/stm32f10x_dma.o
LOAD StdPeriph_Driver/src/stm32f10x_exti.o
LOAD StdPeriph_Driver/src/stm32f10x_flash.o
LOAD StdPeriph_Driver/src/stm32f10x_fsmc.o
LOAD StdPeriph_Driver/src/stm32f10x_gpio.o
LOAD StdPeriph_Driver/src/stm32f10x_i2c.o
LOAD StdPeriph_Driver/src/stm32f10x_iwdg.o
LOAD StdPeriph_Driver/src/stm32f10x_pwr.o
LOAD StdPeriph_Driver/src/stm32f10x_rcc.o
LOAD StdPeriph_Driver/src/stm32f10x_rtc.o
LOAD StdPeriph_Driver/src/stm32f10x_sdio.o
LOAD StdPeriph_Driver/src/stm32f10x_spi.o
LOAD StdPeriph_Driver/src/stm32f10x_tim.o
LOAD StdPeriph_Driver/src/stm32f10x_usart.o
LOAD StdPeriph_Driver/src/stm32f10x_wwdg.o
LOAD Utilities/STM32F1xx-Nucleo/stm32f1xx_nucleo.o
LOAD rtos/src/croutine.o
LOAD rtos/src/event_groups.o
LOAD rtos/src/heap_2.o
LOAD rtos/src/list.o
LOAD rtos/src/port.o
LOAD rtos/src/queue.o
LOAD rtos/src/tasks.o
LOAD rtos/src/timers.o
LOAD src/main.o
LOAD src/syscalls.o
LOAD src/system_stm32f10x.o
LOAD src/task_adc.o
LOAD src/task_measuretimer.o
LOAD src/task_uart.o
LOAD startup/startup_stm32f10x_md.o
START GROUP
LOAD c:/ac6/systemworkbench/plugins/fr.ac6.mcu.externaltools.arm-none.win32_1.13.2.201703061525/tools/compiler/bin/../lib/gcc/arm-none-eabi/5.4.1/armv7-m\libgcc.a
LOAD c:/ac6/systemworkbench/plugins/fr.ac6.mcu.externaltools.arm-none.win32_1.13.2.201703061525/tools/compiler/bin/../lib/gcc/arm-none-eabi/5.4.1/../../../../arm-none-eabi/lib/armv7-m\libc.a
END GROUP
LOAD c:/ac6/systemworkbench/plugins/fr.ac6.mcu.externaltools.arm-none.win32_1.13.2.201703061525/tools/compiler/bin/../lib/gcc/arm-none-eabi/5.4.1/armv7-m/crtend.o
LOAD c:/ac6/systemworkbench/plugins/fr.ac6.mcu.externaltools.arm-none.win32_1.13.2.201703061525/tools/compiler/bin/../lib/gcc/arm-none-eabi/5.4.1/armv7-m/crtn.o
                0x20005000                _estack = 0x20005000
                0x00000000                _Min_Heap_Size = 0x0
                0x00000100                _Min_Stack_Size = 0x100

.isr_vector     0x08000000      0x10c
                0x08000000                . = ALIGN (0x4)
 *(.isr_vector)
 .isr_vector    0x08000000      0x10c startup/startup_stm32f10x_md.o
                0x08000000                g_pfnVectors
                0x0800010c                . = ALIGN (0x4)

.text           0x08000110     0x8880
                0x08000110                . = ALIGN (0x4)
 *(.text)
 .text          0x08000110       0x5c c:/ac6/systemworkbench/plugins/fr.ac6.mcu.externaltools.arm-none.win32_1.13.2.201703061525/tools/compiler/bin/../lib/gcc/arm-none-eabi/5.4.1/armv7-m/crtbegin.o
 .text          0x0800016c       0xec c:/ac6/systemworkbench/plugins/fr.ac6.mcu.externaltools.arm-none.win32_1.13.2.201703061525/tools/compiler/bin/../lib/gcc/arm-none-eabi/5.4.1/../../../../arm-none-eabi/lib/armv7-m\libc.a(lib_a-memcpy.o)
                0x0800016c                memcpy
 .text          0x08000258      0x370 c:/ac6/systemworkbench/plugins/fr.ac6.mcu.externaltools.arm-none.win32_1.13.2.201703061525/tools/compiler/bin/../lib/gcc/arm-none-eabi/5.4.1/armv7-m\libgcc.a(_arm_addsubdf3.o)
                0x08000258                __aeabi_drsub
                0x08000260                __aeabi_dsub
                0x08000260                __subdf3
                0x08000264                __aeabi_dadd
                0x08000264                __adddf3
                0x080004dc                __floatunsidf
                0x080004dc                __aeabi_ui2d
                0x080004fc                __floatsidf
                0x080004fc                __aeabi_i2d
                0x08000520                __aeabi_f2d
                0x08000520                __extendsfdf2
                0x0800055c                __floatundidf
                0x0800055c                __aeabi_ul2d
                0x0800056c                __floatdidf
                0x0800056c                __aeabi_l2d
 .text          0x080005c8      0x424 c:/ac6/systemworkbench/plugins/fr.ac6.mcu.externaltools.arm-none.win32_1.13.2.201703061525/tools/compiler/bin/../lib/gcc/arm-none-eabi/5.4.1/armv7-m\libgcc.a(_arm_muldivdf3.o)
                0x080005c8                __aeabi_dmul
                0x080005c8                __muldf3
                0x0800081c                __divdf3
                0x0800081c                __aeabi_ddiv
 .text          0x080009ec      0x110 c:/ac6/systemworkbench/plugins/fr.ac6.mcu.externaltools.arm-none.win32_1.13.2.201703061525/tools/compiler/bin/../lib/gcc/arm-none-eabi/5.4.1/armv7-m\libgcc.a(_arm_cmpdf2.o)
                0x080009ec                __gtdf2
                0x080009ec                __gedf2
                0x080009f4                __ltdf2
                0x080009f4                __ledf2
                0x080009fc                __nedf2
                0x080009fc                __eqdf2
                0x080009fc                __cmpdf2
                0x08000a78                __aeabi_cdrcmple
                0x08000a88                __aeabi_cdcmpeq
                0x08000a88                __aeabi_cdcmple
                0x08000a98                __aeabi_dcmpeq
                0x08000aac                __aeabi_dcmplt
                0x08000ac0                __aeabi_dcmple
                0x08000ad4                __aeabi_dcmpge
                0x08000ae8                __aeabi_dcmpgt
 .text          0x08000afc       0x2c c:/ac6/systemworkbench/plugins/fr.ac6.mcu.externaltools.arm-none.win32_1.13.2.201703061525/tools/compiler/bin/../lib/gcc/arm-none-eabi/5.4.1/armv7-m\libgcc.a(_arm_unorddf2.o)
                0x08000afc                __unorddf2
                0x08000afc                __aeabi_dcmpun
 .text          0x08000b28       0x50 c:/ac6/systemworkbench/plugins/fr.ac6.mcu.externaltools.arm-none.win32_1.13.2.201703061525/tools/compiler/bin/../lib/gcc/arm-none-eabi/5.4.1/armv7-m\libgcc.a(_arm_fixdfsi.o)
                0x08000b28                __aeabi_d2iz
                0x08000b28                __fixdfsi
 .text          0x08000b78       0x30 c:/ac6/systemworkbench/plugins/fr.ac6.mcu.externaltools.arm-none.win32_1.13.2.201703061525/tools/compiler/bin/../lib/gcc/arm-none-eabi/5.4.1/armv7-m\libgcc.a(_aeabi_uldivmod.o)
                0x08000b78                __aeabi_uldivmod
 .text          0x08000ba8      0x2ec c:/ac6/systemworkbench/plugins/fr.ac6.mcu.externaltools.arm-none.win32_1.13.2.201703061525/tools/compiler/bin/../lib/gcc/arm-none-eabi/5.4.1/armv7-m\libgcc.a(_udivmoddi4.o)
                0x08000ba8                __udivmoddi4
 .text          0x08000e94        0x4 c:/ac6/systemworkbench/plugins/fr.ac6.mcu.externaltools.arm-none.win32_1.13.2.201703061525/tools/compiler/bin/../lib/gcc/arm-none-eabi/5.4.1/armv7-m\libgcc.a(_dvmd_tls.o)
                0x08000e94                __aeabi_idiv0
                0x08000e94                __aeabi_ldiv0
 *(.text*)
 .text.ADC_Init
                0x08000e98       0xa4 StdPeriph_Driver/src/stm32f10x_adc.o
                0x08000e98                ADC_Init
 .text.ADC_Cmd  0x08000f3c       0x38 StdPeriph_Driver/src/stm32f10x_adc.o
                0x08000f3c                ADC_Cmd
 .text.ADC_DMACmd
                0x08000f74       0x38 StdPeriph_Driver/src/stm32f10x_adc.o
                0x08000f74                ADC_DMACmd
 .text.ADC_ResetCalibration
                0x08000fac       0x20 StdPeriph_Driver/src/stm32f10x_adc.o
                0x08000fac                ADC_ResetCalibration
 .text.ADC_GetResetCalibrationStatus
                0x08000fcc       0x30 StdPeriph_Driver/src/stm32f10x_adc.o
                0x08000fcc                ADC_GetResetCalibrationStatus
 .text.ADC_StartCalibration
                0x08000ffc       0x20 StdPeriph_Driver/src/stm32f10x_adc.o
                0x08000ffc                ADC_StartCalibration
 .text.ADC_GetCalibrationStatus
                0x0800101c       0x30 StdPeriph_Driver/src/stm32f10x_adc.o
                0x0800101c                ADC_GetCalibrationStatus
 .text.ADC_RegularChannelConfig
                0x0800104c      0x194 StdPeriph_Driver/src/stm32f10x_adc.o
                0x0800104c                ADC_RegularChannelConfig
 .text.ADC_ExternalTrigConvCmd
                0x080011e0       0x38 StdPeriph_Driver/src/stm32f10x_adc.o
                0x080011e0                ADC_ExternalTrigConvCmd
 .text.DMA_DeInit
                0x08001218      0x178 StdPeriph_Driver/src/stm32f10x_dma.o
                0x08001218                DMA_DeInit
 .text.DMA_Init
                0x08001390       0x7c StdPeriph_Driver/src/stm32f10x_dma.o
                0x08001390                DMA_Init
 .text.DMA_Cmd  0x0800140c       0x38 StdPeriph_Driver/src/stm32f10x_dma.o
                0x0800140c                DMA_Cmd
 .text.DMA_GetFlagStatus
                0x08001444       0x50 StdPeriph_Driver/src/stm32f10x_dma.o
                0x08001444                DMA_GetFlagStatus
 .text.DMA_ClearFlag
                0x08001494       0x34 StdPeriph_Driver/src/stm32f10x_dma.o
                0x08001494                DMA_ClearFlag
 .text.GPIO_Init
                0x080014c8      0x178 StdPeriph_Driver/src/stm32f10x_gpio.o
                0x080014c8                GPIO_Init
 .text.GPIO_SetBits
                0x08001640       0x1c StdPeriph_Driver/src/stm32f10x_gpio.o
                0x08001640                GPIO_SetBits
 .text.GPIO_ResetBits
                0x0800165c       0x1c StdPeriph_Driver/src/stm32f10x_gpio.o
                0x0800165c                GPIO_ResetBits
 .text.GPIO_PinRemapConfig
                0x08001678       0xe0 StdPeriph_Driver/src/stm32f10x_gpio.o
                0x08001678                GPIO_PinRemapConfig
 .text.RCC_GetClocksFreq
                0x08001758      0x160 StdPeriph_Driver/src/stm32f10x_rcc.o
                0x08001758                RCC_GetClocksFreq
 .text.RCC_AHBPeriphClockCmd
                0x080018b8       0x3c StdPeriph_Driver/src/stm32f10x_rcc.o
                0x080018b8                RCC_AHBPeriphClockCmd
 .text.RCC_APB2PeriphClockCmd
                0x080018f4       0x3c StdPeriph_Driver/src/stm32f10x_rcc.o
                0x080018f4                RCC_APB2PeriphClockCmd
 .text.RCC_APB1PeriphClockCmd
                0x08001930       0x3c StdPeriph_Driver/src/stm32f10x_rcc.o
                0x08001930                RCC_APB1PeriphClockCmd
 .text.TIM_TimeBaseInit
                0x0800196c       0xf8 StdPeriph_Driver/src/stm32f10x_tim.o
                0x0800196c                TIM_TimeBaseInit
 .text.TIM_OC2Init
                0x08001a64      0x110 StdPeriph_Driver/src/stm32f10x_tim.o
                0x08001a64                TIM_OC2Init
 .text.TIM_TimeBaseStructInit
                0x08001b74       0x34 StdPeriph_Driver/src/stm32f10x_tim.o
                0x08001b74                TIM_TimeBaseStructInit
 .text.TIM_OCStructInit
                0x08001ba8       0x44 StdPeriph_Driver/src/stm32f10x_tim.o
                0x08001ba8                TIM_OCStructInit
 .text.TIM_Cmd  0x08001bec       0x40 StdPeriph_Driver/src/stm32f10x_tim.o
                0x08001bec                TIM_Cmd
 .text.TIM_GetITStatus
                0x08001c2c       0x54 StdPeriph_Driver/src/stm32f10x_tim.o
                0x08001c2c                TIM_GetITStatus
 .text.TIM_ClearITPendingBit
                0x08001c80       0x20 StdPeriph_Driver/src/stm32f10x_tim.o
                0x08001c80                TIM_ClearITPendingBit
 .text.USART_Init
                0x08001ca0      0x174 StdPeriph_Driver/src/stm32f10x_usart.o
                0x08001ca0                USART_Init
 .text.USART_Cmd
                0x08001e14       0x40 StdPeriph_Driver/src/stm32f10x_usart.o
                0x08001e14                USART_Cmd
 .text.USART_SendData
                0x08001e54       0x24 StdPeriph_Driver/src/stm32f10x_usart.o
                0x08001e54                USART_SendData
 .text.USART_GetFlagStatus
                0x08001e78       0x38 StdPeriph_Driver/src/stm32f10x_usart.o
                0x08001e78                USART_GetFlagStatus
 .text.pvPortMalloc
                0x08001eb0      0x11c rtos/src/heap_2.o
                0x08001eb0                pvPortMalloc
 .text.vPortFree
                0x08001fcc       0x74 rtos/src/heap_2.o
                0x08001fcc                vPortFree
 .text.prvHeapInit
                0x08002040       0x50 rtos/src/heap_2.o
 .text.vListInitialise
                0x08002090       0x40 rtos/src/list.o
                0x08002090                vListInitialise
 .text.vListInitialiseItem
                0x080020d0       0x18 rtos/src/list.o
                0x080020d0                vListInitialiseItem
 .text.vListInsertEnd
                0x080020e8       0x48 rtos/src/list.o
                0x080020e8                vListInsertEnd
 .text.vListInsert
                0x08002130       0x70 rtos/src/list.o
                0x08002130                vListInsert
 .text.uxListRemove
                0x080021a0       0x54 rtos/src/list.o
                0x080021a0                uxListRemove
 .text.pxPortInitialiseStack
                0x080021f4       0x58 rtos/src/port.o
                0x080021f4                pxPortInitialiseStack
 .text.prvTaskExitError
                0x0800224c       0x1c rtos/src/port.o
 *fill*         0x08002268        0x8 
 .text.SVC_Handler
                0x08002270       0x28 rtos/src/port.o
                0x08002270                SVC_Handler
 .text.prvPortStartFirstTask
                0x08002298       0x20 rtos/src/port.o
 .text.xPortStartScheduler
                0x080022b8       0x3c rtos/src/port.o
                0x080022b8                xPortStartScheduler
 .text.vPortEnterCritical
                0x080022f4       0x30 rtos/src/port.o
                0x080022f4                vPortEnterCritical
 .text.vPortExitCritical
                0x08002324       0x30 rtos/src/port.o
                0x08002324                vPortExitCritical
 *fill*         0x08002354        0xc 
 .text.PendSV_Handler
                0x08002360       0x48 rtos/src/port.o
                0x08002360                PendSV_Handler
 .text.SysTick_Handler
                0x080023a8       0x40 rtos/src/port.o
                0x080023a8                SysTick_Handler
 .text.vPortSetupTimerInterrupt
                0x080023e8       0x24 rtos/src/port.o
                0x080023e8                vPortSetupTimerInterrupt
 .text.xQueueGenericReset
                0x0800240c       0xb4 rtos/src/queue.o
                0x0800240c                xQueueGenericReset
 .text.xQueueGenericCreate
                0x080024c0       0x58 rtos/src/queue.o
                0x080024c0                xQueueGenericCreate
 .text.prvInitialiseNewQueue
                0x08002518       0x40 rtos/src/queue.o
 .text.xQueueGenericSend
                0x08002558      0x154 rtos/src/queue.o
                0x08002558                xQueueGenericSend
 .text.xQueueGenericReceive
                0x080026ac      0x1b0 rtos/src/queue.o
                0x080026ac                xQueueGenericReceive
 .text.prvCopyDataToQueue
                0x0800285c       0xd4 rtos/src/queue.o
 .text.prvCopyDataFromQueue
                0x08002930       0x4c rtos/src/queue.o
 .text.prvUnlockQueue
                0x0800297c       0xa4 rtos/src/queue.o
 .text.prvIsQueueEmpty
                0x08002a20       0x2c rtos/src/queue.o
 .text.prvIsQueueFull
                0x08002a4c       0x30 rtos/src/queue.o
 .text.xTaskCreate
                0x08002a7c       0x84 rtos/src/tasks.o
                0x08002a7c                xTaskCreate
 .text.prvInitialiseNewTask
                0x08002b00       0xe0 rtos/src/tasks.o
 .text.prvAddNewTaskToReadyList
                0x08002be0       0xd4 rtos/src/tasks.o
 .text.vTaskDelay
                0x08002cb4       0x48 rtos/src/tasks.o
                0x08002cb4                vTaskDelay
 .text.vTaskStartScheduler
                0x08002cfc       0x6c rtos/src/tasks.o
                0x08002cfc                vTaskStartScheduler
 .text.vTaskSuspendAll
                0x08002d68       0x1c rtos/src/tasks.o
                0x08002d68                vTaskSuspendAll
 .text.xTaskResumeAll
                0x08002d84      0x11c rtos/src/tasks.o
                0x08002d84                xTaskResumeAll
 .text.xTaskIncrementTick
                0x08002ea0      0x158 rtos/src/tasks.o
                0x08002ea0                xTaskIncrementTick
 .text.vTaskSwitchContext
                0x08002ff8       0x8c rtos/src/tasks.o
                0x08002ff8                vTaskSwitchContext
 .text.vTaskPlaceOnEventList
                0x08003084       0x2c rtos/src/tasks.o
                0x08003084                vTaskPlaceOnEventList
 .text.xTaskRemoveFromEventList
                0x080030b0       0xa8 rtos/src/tasks.o
                0x080030b0                xTaskRemoveFromEventList
 .text.vTaskSetTimeOutState
                0x08003158       0x2c rtos/src/tasks.o
                0x08003158                vTaskSetTimeOutState
 .text.xTaskCheckForTimeOut
                0x08003184       0x88 rtos/src/tasks.o
                0x08003184                xTaskCheckForTimeOut
 .text.vTaskMissedYield
                0x0800320c       0x18 rtos/src/tasks.o
                0x0800320c                vTaskMissedYield
 .text.prvIdleTask
                0x08003224       0x34 rtos/src/tasks.o
 .text.prvInitialiseTaskLists
                0x08003258       0x80 rtos/src/tasks.o
 .text.prvCheckTasksWaitingTermination
                0x080032d8       0x78 rtos/src/tasks.o
 .text.prvDeleteTCB
                0x08003350       0x20 rtos/src/tasks.o
 .text.prvResetNextTaskUnblockTime
                0x08003370       0x48 rtos/src/tasks.o
 .text.vTaskPriorityInherit
                0x080033b8       0xec rtos/src/tasks.o
                0x080033b8                vTaskPriorityInherit
 .text.xTaskPriorityDisinherit
                0x080034a4       0xc8 rtos/src/tasks.o
                0x080034a4                xTaskPriorityDisinherit
 .text.pvTaskIncrementMutexHeldCount
                0x0800356c       0x28 rtos/src/tasks.o
                0x0800356c                pvTaskIncrementMutexHeldCount
 .text.prvAddCurrentTaskToDelayedList
                0x08003594       0xcc rtos/src/tasks.o
 .text.main     0x08003660       0x88 src/main.o
                0x08003660                main
 .text.vApplicationIdleHook
                0x080036e8       0x20 src/main.o
                0x080036e8                vApplicationIdleHook
 .text._read    0x08003708       0x3c src/syscalls.o
                0x08003708                _read
 .text._write   0x08003744       0x38 src/syscalls.o
                0x08003744                _write
 .text._sbrk    0x0800377c       0x58 src/syscalls.o
                0x0800377c                _sbrk
 .text._close   0x080037d4       0x18 src/syscalls.o
                0x080037d4                _close
 .text._fstat   0x080037ec       0x20 src/syscalls.o
                0x080037ec                _fstat
 .text._isatty  0x0800380c       0x14 src/syscalls.o
                0x0800380c                _isatty
 .text._lseek   0x08003820       0x18 src/syscalls.o
                0x08003820                _lseek
 .text.SystemInit
                0x08003838       0x68 src/system_stm32f10x.o
                0x08003838                SystemInit
 .text.SetSysClock
                0x080038a0       0xb8 src/system_stm32f10x.o
 .text.vADC     0x08003958      0x100 src/task_adc.o
                0x08003958                vADC
 .text.search_max
                0x08003a58       0x5c src/task_adc.o
                0x08003a58                search_max
 .text.search_min
                0x08003ab4       0x60 src/task_adc.o
                0x08003ab4                search_min
 .text.init_adc
                0x08003b14      0x19c src/task_adc.o
                0x08003b14                init_adc
 .text.TIM2_IRQHandler
                0x08003cb0       0x24 src/task_adc.o
                0x08003cb0                TIM2_IRQHandler
 .text.vMeasureTimer
                0x08003cd4       0xb0 src/task_measuretimer.o
                0x08003cd4                vMeasureTimer
 .text.initMeasure
                0x08003d84       0x80 src/task_measuretimer.o
                0x08003d84                initMeasure
 .text.uart_init
                0x08003e04       0xbc src/task_uart.o
                0x08003e04                uart_init
 .text.vUart    0x08003ec0       0x4c src/task_uart.o
                0x08003ec0                vUart
 .text.__io_putchar
                0x08003f0c       0x48 src/task_uart.o
                0x08003f0c                __io_putchar
 .text.Reset_Handler
                0x08003f54       0x48 startup/startup_stm32f10x_md.o
                0x08003f54                Reset_Handler
 .text.Default_Handler
                0x08003f9c        0x2 startup/startup_stm32f10x_md.o
                0x08003f9c                EXTI2_IRQHandler
                0x08003f9c                DebugMon_Handler
                0x08003f9c                TIM1_CC_IRQHandler
                0x08003f9c                HardFault_Handler
                0x08003f9c                PVD_IRQHandler
                0x08003f9c                NMI_Handler
                0x08003f9c                EXTI3_IRQHandler
                0x08003f9c                EXTI0_IRQHandler
                0x08003f9c                I2C2_EV_IRQHandler
                0x08003f9c                UsageFault_Handler
                0x08003f9c                ADC1_2_IRQHandler
                0x08003f9c                SPI1_IRQHandler
                0x08003f9c                TAMPER_IRQHandler
                0x08003f9c                DMA1_Channel4_IRQHandler
                0x08003f9c                USART3_IRQHandler
                0x08003f9c                RTC_IRQHandler
                0x08003f9c                DMA1_Channel7_IRQHandler
                0x08003f9c                CAN1_RX1_IRQHandler
                0x08003f9c                TIM4_IRQHandler
                0x08003f9c                I2C1_EV_IRQHandler
                0x08003f9c                DMA1_Channel6_IRQHandler
                0x08003f9c                TIM3_IRQHandler
                0x08003f9c                RCC_IRQHandler
                0x08003f9c                TIM1_TRG_COM_IRQHandler
                0x08003f9c                DMA1_Channel1_IRQHandler
                0x08003f9c                Default_Handler
                0x08003f9c                EXTI15_10_IRQHandler
                0x08003f9c                EXTI9_5_IRQHandler
                0x08003f9c                SPI2_IRQHandler
                0x08003f9c                MemManage_Handler
                0x08003f9c                DMA1_Channel5_IRQHandler
                0x08003f9c                EXTI4_IRQHandler
                0x08003f9c                USB_LP_CAN1_RX0_IRQHandler
                0x08003f9c                USB_HP_CAN1_TX_IRQHandler
                0x08003f9c                DMA1_Channel3_IRQHandler
                0x08003f9c                TIM1_UP_IRQHandler
                0x08003f9c                WWDG_IRQHandler
                0x08003f9c                TIM1_BRK_IRQHandler
                0x08003f9c                EXTI1_IRQHandler
                0x08003f9c                RTCAlarm_IRQHandler
                0x08003f9c                USART2_IRQHandler
                0x08003f9c                I2C2_ER_IRQHandler
                0x08003f9c                DMA1_Channel2_IRQHandler
                0x08003f9c                CAN1_SCE_IRQHandler
                0x08003f9c                FLASH_IRQHandler
                0x08003f9c                BusFault_Handler
                0x08003f9c                USART1_IRQHandler
                0x08003f9c                I2C1_ER_IRQHandler
                0x08003f9c                USBWakeUp_IRQHandler
 *fill*         0x08003f9e        0x2 
 .text.__errno  0x08003fa0        0xc c:/ac6/systemworkbench/plugins/fr.ac6.mcu.externaltools.arm-none.win32_1.13.2.201703061525/tools/compiler/bin/../lib/gcc/arm-none-eabi/5.4.1/../../../../arm-none-eabi/lib/armv7-m\libc.a(lib_a-errno.o)
                0x08003fa0                __errno
 .text.__libc_init_array
                0x08003fac       0x50 c:/ac6/systemworkbench/plugins/fr.ac6.mcu.externaltools.arm-none.win32_1.13.2.201703061525/tools/compiler/bin/../lib/gcc/arm-none-eabi/5.4.1/../../../../arm-none-eabi/lib/armv7-m\libc.a(lib_a-init.o)
                0x08003fac                __libc_init_array
 .text.memset   0x08003ffc       0x9c c:/ac6/systemworkbench/plugins/fr.ac6.mcu.externaltools.arm-none.win32_1.13.2.201703061525/tools/compiler/bin/../lib/gcc/arm-none-eabi/5.4.1/../../../../arm-none-eabi/lib/armv7-m\libc.a(lib_a-memset.o)
                0x08003ffc                memset
 .text.printf   0x08004098       0x28 c:/ac6/systemworkbench/plugins/fr.ac6.mcu.externaltools.arm-none.win32_1.13.2.201703061525/tools/compiler/bin/../lib/gcc/arm-none-eabi/5.4.1/../../../../arm-none-eabi/lib/armv7-m\libc.a(lib_a-printf.o)
                0x08004098                printf
 .text._vfprintf_r
                0x080040c0     0x1798 c:/ac6/systemworkbench/plugins/fr.ac6.mcu.externaltools.arm-none.win32_1.13.2.201703061525/tools/compiler/bin/../lib/gcc/arm-none-eabi/5.4.1/../../../../arm-none-eabi/lib/armv7-m\libc.a(lib_a-vfprintf.o)
                0x080040c0                _vfprintf_r
 .text.__sbprintf
                0x08005858       0x6c c:/ac6/systemworkbench/plugins/fr.ac6.mcu.externaltools.arm-none.win32_1.13.2.201703061525/tools/compiler/bin/../lib/gcc/arm-none-eabi/5.4.1/../../../../arm-none-eabi/lib/armv7-m\libc.a(lib_a-vfprintf.o)
 .text.__swsetup_r
                0x080058c4       0xc8 c:/ac6/systemworkbench/plugins/fr.ac6.mcu.externaltools.arm-none.win32_1.13.2.201703061525/tools/compiler/bin/../lib/gcc/arm-none-eabi/5.4.1/../../../../arm-none-eabi/lib/armv7-m\libc.a(lib_a-wsetup.o)
                0x080058c4                __swsetup_r
 .text.startup.register_fini
                0x0800598c       0x14 c:/ac6/systemworkbench/plugins/fr.ac6.mcu.externaltools.arm-none.win32_1.13.2.201703061525/tools/compiler/bin/../lib/gcc/arm-none-eabi/5.4.1/../../../../arm-none-eabi/lib/armv7-m\libc.a(lib_a-__call_atexit.o)
 .text.atexit   0x080059a0        0xc c:/ac6/systemworkbench/plugins/fr.ac6.mcu.externaltools.arm-none.win32_1.13.2.201703061525/tools/compiler/bin/../lib/gcc/arm-none-eabi/5.4.1/../../../../arm-none-eabi/lib/armv7-m\libc.a(lib_a-atexit.o)
                0x080059a0                atexit
 .text.quorem   0x080059ac      0x12c c:/ac6/systemworkbench/plugins/fr.ac6.mcu.externaltools.arm-none.win32_1.13.2.201703061525/tools/compiler/bin/../lib/gcc/arm-none-eabi/5.4.1/../../../../arm-none-eabi/lib/armv7-m\libc.a(lib_a-dtoa.o)
 .text._dtoa_r  0x08005ad8      0xe4c c:/ac6/systemworkbench/plugins/fr.ac6.mcu.externaltools.arm-none.win32_1.13.2.201703061525/tools/compiler/bin/../lib/gcc/arm-none-eabi/5.4.1/../../../../arm-none-eabi/lib/armv7-m\libc.a(lib_a-dtoa.o)
                0x08005ad8                _dtoa_r
 .text.__sflush_r
                0x08006924      0x148 c:/ac6/systemworkbench/plugins/fr.ac6.mcu.externaltools.arm-none.win32_1.13.2.201703061525/tools/compiler/bin/../lib/gcc/arm-none-eabi/5.4.1/../../../../arm-none-eabi/lib/armv7-m\libc.a(lib_a-fflush.o)
                0x08006924                __sflush_r
 .text._fflush_r
                0x08006a6c       0x2c c:/ac6/systemworkbench/plugins/fr.ac6.mcu.externaltools.arm-none.win32_1.13.2.201703061525/tools/compiler/bin/../lib/gcc/arm-none-eabi/5.4.1/../../../../arm-none-eabi/lib/armv7-m\libc.a(lib_a-fflush.o)
                0x08006a6c                _fflush_r
 .text._cleanup_r
                0x08006a98        0xc c:/ac6/systemworkbench/plugins/fr.ac6.mcu.externaltools.arm-none.win32_1.13.2.201703061525/tools/compiler/bin/../lib/gcc/arm-none-eabi/5.4.1/../../../../arm-none-eabi/lib/armv7-m\libc.a(lib_a-findfp.o)
                0x08006a98                _cleanup_r
 .text.__sinit.part.1
                0x08006aa4       0xf0 c:/ac6/systemworkbench/plugins/fr.ac6.mcu.externaltools.arm-none.win32_1.13.2.201703061525/tools/compiler/bin/../lib/gcc/arm-none-eabi/5.4.1/../../../../arm-none-eabi/lib/armv7-m\libc.a(lib_a-findfp.o)
 .text.__sinit  0x08006b94        0xc c:/ac6/systemworkbench/plugins/fr.ac6.mcu.externaltools.arm-none.win32_1.13.2.201703061525/tools/compiler/bin/../lib/gcc/arm-none-eabi/5.4.1/../../../../arm-none-eabi/lib/armv7-m\libc.a(lib_a-findfp.o)
                0x08006b94                __sinit
 .text.__sfp_lock_acquire
                0x08006ba0        0x4 c:/ac6/systemworkbench/plugins/fr.ac6.mcu.externaltools.arm-none.win32_1.13.2.201703061525/tools/compiler/bin/../lib/gcc/arm-none-eabi/5.4.1/../../../../arm-none-eabi/lib/armv7-m\libc.a(lib_a-findfp.o)
                0x08006ba0                __sfp_lock_acquire
 .text.__sfp_lock_release
                0x08006ba4        0x4 c:/ac6/systemworkbench/plugins/fr.ac6.mcu.externaltools.arm-none.win32_1.13.2.201703061525/tools/compiler/bin/../lib/gcc/arm-none-eabi/5.4.1/../../../../arm-none-eabi/lib/armv7-m\libc.a(lib_a-findfp.o)
                0x08006ba4                __sfp_lock_release
 .text.__libc_fini_array
                0x08006ba8       0x28 c:/ac6/systemworkbench/plugins/fr.ac6.mcu.externaltools.arm-none.win32_1.13.2.201703061525/tools/compiler/bin/../lib/gcc/arm-none-eabi/5.4.1/../../../../arm-none-eabi/lib/armv7-m\libc.a(lib_a-fini.o)
                0x08006ba8                __libc_fini_array
 .text._malloc_trim_r
                0x08006bd0       0x9c c:/ac6/systemworkbench/plugins/fr.ac6.mcu.externaltools.arm-none.win32_1.13.2.201703061525/tools/compiler/bin/../lib/gcc/arm-none-eabi/5.4.1/../../../../arm-none-eabi/lib/armv7-m\libc.a(lib_a-freer.o)
                0x08006bd0                _malloc_trim_r
 .text._free_r  0x08006c6c      0x1d0 c:/ac6/systemworkbench/plugins/fr.ac6.mcu.externaltools.arm-none.win32_1.13.2.201703061525/tools/compiler/bin/../lib/gcc/arm-none-eabi/5.4.1/../../../../arm-none-eabi/lib/armv7-m\libc.a(lib_a-freer.o)
                0x08006c6c                _free_r
 .text._fwalk_reent
                0x08006e3c       0x50 c:/ac6/systemworkbench/plugins/fr.ac6.mcu.externaltools.arm-none.win32_1.13.2.201703061525/tools/compiler/bin/../lib/gcc/arm-none-eabi/5.4.1/../../../../arm-none-eabi/lib/armv7-m\libc.a(lib_a-fwalk.o)
                0x08006e3c                _fwalk_reent
 .text._localeconv_r
                0x08006e8c       0x1c c:/ac6/systemworkbench/plugins/fr.ac6.mcu.externaltools.arm-none.win32_1.13.2.201703061525/tools/compiler/bin/../lib/gcc/arm-none-eabi/5.4.1/../../../../arm-none-eabi/lib/armv7-m\libc.a(lib_a-localeconv.o)
                0x08006e8c                _localeconv_r
 .text.__swhatbuf_r
                0x08006ea8       0x60 c:/ac6/systemworkbench/plugins/fr.ac6.mcu.externaltools.arm-none.win32_1.13.2.201703061525/tools/compiler/bin/../lib/gcc/arm-none-eabi/5.4.1/../../../../arm-none-eabi/lib/armv7-m\libc.a(lib_a-makebuf.o)
                0x08006ea8                __swhatbuf_r
 .text.__smakebuf_r
                0x08006f08       0x88 c:/ac6/systemworkbench/plugins/fr.ac6.mcu.externaltools.arm-none.win32_1.13.2.201703061525/tools/compiler/bin/../lib/gcc/arm-none-eabi/5.4.1/../../../../arm-none-eabi/lib/armv7-m\libc.a(lib_a-makebuf.o)
                0x08006f08                __smakebuf_r
 .text._malloc_r
                0x08006f90      0x558 c:/ac6/systemworkbench/plugins/fr.ac6.mcu.externaltools.arm-none.win32_1.13.2.201703061525/tools/compiler/bin/../lib/gcc/arm-none-eabi/5.4.1/../../../../arm-none-eabi/lib/armv7-m\libc.a(lib_a-mallocr.o)
                0x08006f90                _malloc_r
 .text.memchr   0x080074e8       0x8c c:/ac6/systemworkbench/plugins/fr.ac6.mcu.externaltools.arm-none.win32_1.13.2.201703061525/tools/compiler/bin/../lib/gcc/arm-none-eabi/5.4.1/../../../../arm-none-eabi/lib/armv7-m\libc.a(lib_a-memchr-stub.o)
                0x080074e8                memchr
 .text.__malloc_lock
                0x08007574        0x4 c:/ac6/systemworkbench/plugins/fr.ac6.mcu.externaltools.arm-none.win32_1.13.2.201703061525/tools/compiler/bin/../lib/gcc/arm-none-eabi/5.4.1/../../../../arm-none-eabi/lib/armv7-m\libc.a(lib_a-mlock.o)
                0x08007574                __malloc_lock
 .text.__malloc_unlock
                0x08007578        0x4 c:/ac6/systemworkbench/plugins/fr.ac6.mcu.externaltools.arm-none.win32_1.13.2.201703061525/tools/compiler/bin/../lib/gcc/arm-none-eabi/5.4.1/../../../../arm-none-eabi/lib/armv7-m\libc.a(lib_a-mlock.o)
                0x08007578                __malloc_unlock
 .text._Balloc  0x0800757c       0x50 c:/ac6/systemworkbench/plugins/fr.ac6.mcu.externaltools.arm-none.win32_1.13.2.201703061525/tools/compiler/bin/../lib/gcc/arm-none-eabi/5.4.1/../../../../arm-none-eabi/lib/armv7-m\libc.a(lib_a-mprec.o)
                0x0800757c                _Balloc
 .text._Bfree   0x080075cc       0x14 c:/ac6/systemworkbench/plugins/fr.ac6.mcu.externaltools.arm-none.win32_1.13.2.201703061525/tools/compiler/bin/../lib/gcc/arm-none-eabi/5.4.1/../../../../arm-none-eabi/lib/armv7-m\libc.a(lib_a-mprec.o)
                0x080075cc                _Bfree
 .text.__multadd
                0x080075e0       0x80 c:/ac6/systemworkbench/plugins/fr.ac6.mcu.externaltools.arm-none.win32_1.13.2.201703061525/tools/compiler/bin/../lib/gcc/arm-none-eabi/5.4.1/../../../../arm-none-eabi/lib/armv7-m\libc.a(lib_a-mprec.o)
                0x080075e0                __multadd
 .text.__hi0bits
                0x08007660       0x40 c:/ac6/systemworkbench/plugins/fr.ac6.mcu.externaltools.arm-none.win32_1.13.2.201703061525/tools/compiler/bin/../lib/gcc/arm-none-eabi/5.4.1/../../../../arm-none-eabi/lib/armv7-m\libc.a(lib_a-mprec.o)
                0x08007660                __hi0bits
 .text.__lo0bits
                0x080076a0       0x5c c:/ac6/systemworkbench/plugins/fr.ac6.mcu.externaltools.arm-none.win32_1.13.2.201703061525/tools/compiler/bin/../lib/gcc/arm-none-eabi/5.4.1/../../../../arm-none-eabi/lib/armv7-m\libc.a(lib_a-mprec.o)
                0x080076a0                __lo0bits
 .text.__i2b    0x080076fc       0x14 c:/ac6/systemworkbench/plugins/fr.ac6.mcu.externaltools.arm-none.win32_1.13.2.201703061525/tools/compiler/bin/../lib/gcc/arm-none-eabi/5.4.1/../../../../arm-none-eabi/lib/armv7-m\libc.a(lib_a-mprec.o)
                0x080076fc                __i2b
 .text.__multiply
                0x08007710      0x13c c:/ac6/systemworkbench/plugins/fr.ac6.mcu.externaltools.arm-none.win32_1.13.2.201703061525/tools/compiler/bin/../lib/gcc/arm-none-eabi/5.4.1/../../../../arm-none-eabi/lib/armv7-m\libc.a(lib_a-mprec.o)
                0x08007710                __multiply
 .text.__pow5mult
                0x0800784c       0xa0 c:/ac6/systemworkbench/plugins/fr.ac6.mcu.externaltools.arm-none.win32_1.13.2.201703061525/tools/compiler/bin/../lib/gcc/arm-none-eabi/5.4.1/../../../../arm-none-eabi/lib/armv7-m\libc.a(lib_a-mprec.o)
                0x0800784c                __pow5mult
 .text.__lshift
                0x080078ec       0xac c:/ac6/systemworkbench/plugins/fr.ac6.mcu.externaltools.arm-none.win32_1.13.2.201703061525/tools/compiler/bin/../lib/gcc/arm-none-eabi/5.4.1/../../../../arm-none-eabi/lib/armv7-m\libc.a(lib_a-mprec.o)
                0x080078ec                __lshift
 .text.__mcmp   0x08007998       0x40 c:/ac6/systemworkbench/plugins/fr.ac6.mcu.externaltools.arm-none.win32_1.13.2.201703061525/tools/compiler/bin/../lib/gcc/arm-none-eabi/5.4.1/../../../../arm-none-eabi/lib/armv7-m\libc.a(lib_a-mprec.o)
                0x08007998                __mcmp
 .text.__mdiff  0x080079d8      0x128 c:/ac6/systemworkbench/plugins/fr.ac6.mcu.externaltools.arm-none.win32_1.13.2.201703061525/tools/compiler/bin/../lib/gcc/arm-none-eabi/5.4.1/../../../../arm-none-eabi/lib/armv7-m\libc.a(lib_a-mprec.o)
                0x080079d8                __mdiff
 .text.__d2b    0x08007b00       0xa8 c:/ac6/systemworkbench/plugins/fr.ac6.mcu.externaltools.arm-none.win32_1.13.2.201703061525/tools/compiler/bin/../lib/gcc/arm-none-eabi/5.4.1/../../../../arm-none-eabi/lib/armv7-m\libc.a(lib_a-mprec.o)
                0x08007b00                __d2b
 .text._sbrk_r  0x08007ba8       0x24 c:/ac6/systemworkbench/plugins/fr.ac6.mcu.externaltools.arm-none.win32_1.13.2.201703061525/tools/compiler/bin/../lib/gcc/arm-none-eabi/5.4.1/../../../../arm-none-eabi/lib/armv7-m\libc.a(lib_a-sbrkr.o)
                0x08007ba8                _sbrk_r
 .text.__sread  0x08007bcc       0x24 c:/ac6/systemworkbench/plugins/fr.ac6.mcu.externaltools.arm-none.win32_1.13.2.201703061525/tools/compiler/bin/../lib/gcc/arm-none-eabi/5.4.1/../../../../arm-none-eabi/lib/armv7-m\libc.a(lib_a-stdio.o)
                0x08007bcc                __sread
 .text.__swrite
                0x08007bf0       0x3c c:/ac6/systemworkbench/plugins/fr.ac6.mcu.externaltools.arm-none.win32_1.13.2.201703061525/tools/compiler/bin/../lib/gcc/arm-none-eabi/5.4.1/../../../../arm-none-eabi/lib/armv7-m\libc.a(lib_a-stdio.o)
                0x08007bf0                __swrite
 .text.__sseek  0x08007c2c       0x20 c:/ac6/systemworkbench/plugins/fr.ac6.mcu.externaltools.arm-none.win32_1.13.2.201703061525/tools/compiler/bin/../lib/gcc/arm-none-eabi/5.4.1/../../../../arm-none-eabi/lib/armv7-m\libc.a(lib_a-stdio.o)
                0x08007c2c                __sseek
 .text.__sclose
                0x08007c4c        0x8 c:/ac6/systemworkbench/plugins/fr.ac6.mcu.externaltools.arm-none.win32_1.13.2.201703061525/tools/compiler/bin/../lib/gcc/arm-none-eabi/5.4.1/../../../../arm-none-eabi/lib/armv7-m\libc.a(lib_a-stdio.o)
                0x08007c4c                __sclose
 .text.strlen   0x08007c54       0x5c c:/ac6/systemworkbench/plugins/fr.ac6.mcu.externaltools.arm-none.win32_1.13.2.201703061525/tools/compiler/bin/../lib/gcc/arm-none-eabi/5.4.1/../../../../arm-none-eabi/lib/armv7-m\libc.a(lib_a-strlen-stub.o)
                0x08007c54                strlen
 .text.__sprint_r.part.0
                0x08007cb0       0x78 c:/ac6/systemworkbench/plugins/fr.ac6.mcu.externaltools.arm-none.win32_1.13.2.201703061525/tools/compiler/bin/../lib/gcc/arm-none-eabi/5.4.1/../../../../arm-none-eabi/lib/armv7-m\libc.a(lib_a-vfiprintf.o)
 .text.__sprint_r
                0x08007d28       0x14 c:/ac6/systemworkbench/plugins/fr.ac6.mcu.externaltools.arm-none.win32_1.13.2.201703061525/tools/compiler/bin/../lib/gcc/arm-none-eabi/5.4.1/../../../../arm-none-eabi/lib/armv7-m\libc.a(lib_a-vfiprintf.o)
                0x08007d28                __sprint_r
 .text._write_r
                0x08007d3c       0x2c c:/ac6/systemworkbench/plugins/fr.ac6.mcu.externaltools.arm-none.win32_1.13.2.201703061525/tools/compiler/bin/../lib/gcc/arm-none-eabi/5.4.1/../../../../arm-none-eabi/lib/armv7-m\libc.a(lib_a-writer.o)
                0x08007d3c                _write_r
 .text.__register_exitproc
                0x08007d68       0xa4 c:/ac6/systemworkbench/plugins/fr.ac6.mcu.externaltools.arm-none.win32_1.13.2.201703061525/tools/compiler/bin/../lib/gcc/arm-none-eabi/5.4.1/../../../../arm-none-eabi/lib/armv7-m\libc.a(lib_a-__atexit.o)
                0x08007d68                __register_exitproc
 .text._calloc_r
                0x08007e0c       0x60 c:/ac6/systemworkbench/plugins/fr.ac6.mcu.externaltools.arm-none.win32_1.13.2.201703061525/tools/compiler/bin/../lib/gcc/arm-none-eabi/5.4.1/../../../../arm-none-eabi/lib/armv7-m\libc.a(lib_a-callocr.o)
                0x08007e0c                _calloc_r
 .text._close_r
                0x08007e6c       0x24 c:/ac6/systemworkbench/plugins/fr.ac6.mcu.externaltools.arm-none.win32_1.13.2.201703061525/tools/compiler/bin/../lib/gcc/arm-none-eabi/5.4.1/../../../../arm-none-eabi/lib/armv7-m\libc.a(lib_a-closer.o)
                0x08007e6c                _close_r
 .text._fclose_r
                0x08007e90       0x84 c:/ac6/systemworkbench/plugins/fr.ac6.mcu.externaltools.arm-none.win32_1.13.2.201703061525/tools/compiler/bin/../lib/gcc/arm-none-eabi/5.4.1/../../../../arm-none-eabi/lib/armv7-m\libc.a(lib_a-fclose.o)
                0x08007e90                _fclose_r
 .text.__fputwc
                0x08007f14       0x94 c:/ac6/systemworkbench/plugins/fr.ac6.mcu.externaltools.arm-none.win32_1.13.2.201703061525/tools/compiler/bin/../lib/gcc/arm-none-eabi/5.4.1/../../../../arm-none-eabi/lib/armv7-m\libc.a(lib_a-fputwc.o)
                0x08007f14                __fputwc
 .text._fputwc_r
                0x08007fa8       0x24 c:/ac6/systemworkbench/plugins/fr.ac6.mcu.externaltools.arm-none.win32_1.13.2.201703061525/tools/compiler/bin/../lib/gcc/arm-none-eabi/5.4.1/../../../../arm-none-eabi/lib/armv7-m\libc.a(lib_a-fputwc.o)
                0x08007fa8                _fputwc_r
 .text._fstat_r
                0x08007fcc       0x28 c:/ac6/systemworkbench/plugins/fr.ac6.mcu.externaltools.arm-none.win32_1.13.2.201703061525/tools/compiler/bin/../lib/gcc/arm-none-eabi/5.4.1/../../../../arm-none-eabi/lib/armv7-m\libc.a(lib_a-fstatr.o)
                0x08007fcc                _fstat_r
 .text.__sfvwrite_r
                0x08007ff4      0x308 c:/ac6/systemworkbench/plugins/fr.ac6.mcu.externaltools.arm-none.win32_1.13.2.201703061525/tools/compiler/bin/../lib/gcc/arm-none-eabi/5.4.1/../../../../arm-none-eabi/lib/armv7-m\libc.a(lib_a-fvwrite.o)
                0x08007ff4                __sfvwrite_r
 .text._isatty_r
                0x080082fc       0x24 c:/ac6/systemworkbench/plugins/fr.ac6.mcu.externaltools.arm-none.win32_1.13.2.201703061525/tools/compiler/bin/../lib/gcc/arm-none-eabi/5.4.1/../../../../arm-none-eabi/lib/armv7-m\libc.a(lib_a-isattyr.o)
                0x080082fc                _isatty_r
 .text.__locale_mb_cur_max
                0x08008320       0x1c c:/ac6/systemworkbench/plugins/fr.ac6.mcu.externaltools.arm-none.win32_1.13.2.201703061525/tools/compiler/bin/../lib/gcc/arm-none-eabi/5.4.1/../../../../arm-none-eabi/lib/armv7-m\libc.a(lib_a-locale.o)
                0x08008320                __locale_mb_cur_max
 .text._lseek_r
                0x0800833c       0x2c c:/ac6/systemworkbench/plugins/fr.ac6.mcu.externaltools.arm-none.win32_1.13.2.201703061525/tools/compiler/bin/../lib/gcc/arm-none-eabi/5.4.1/../../../../arm-none-eabi/lib/armv7-m\libc.a(lib_a-lseekr.o)
                0x0800833c                _lseek_r
 .text.__ascii_mbtowc
                0x08008368       0x2c c:/ac6/systemworkbench/plugins/fr.ac6.mcu.externaltools.arm-none.win32_1.13.2.201703061525/tools/compiler/bin/../lib/gcc/arm-none-eabi/5.4.1/../../../../arm-none-eabi/lib/armv7-m\libc.a(lib_a-mbtowc_r.o)
                0x08008368                __ascii_mbtowc
 .text.memmove  0x08008394       0xc8 c:/ac6/systemworkbench/plugins/fr.ac6.mcu.externaltools.arm-none.win32_1.13.2.201703061525/tools/compiler/bin/../lib/gcc/arm-none-eabi/5.4.1/../../../../arm-none-eabi/lib/armv7-m\libc.a(lib_a-memmove.o)
                0x08008394                memmove
 .text._read_r  0x0800845c       0x2c c:/ac6/systemworkbench/plugins/fr.ac6.mcu.externaltools.arm-none.win32_1.13.2.201703061525/tools/compiler/bin/../lib/gcc/arm-none-eabi/5.4.1/../../../../arm-none-eabi/lib/armv7-m\libc.a(lib_a-readr.o)
                0x0800845c                _read_r
 .text._realloc_r
                0x08008488      0x3d4 c:/ac6/systemworkbench/plugins/fr.ac6.mcu.externaltools.arm-none.win32_1.13.2.201703061525/tools/compiler/bin/../lib/gcc/arm-none-eabi/5.4.1/../../../../arm-none-eabi/lib/armv7-m\libc.a(lib_a-reallocr.o)
                0x08008488                _realloc_r
 .text.__swbuf_r
                0x0800885c       0xac c:/ac6/systemworkbench/plugins/fr.ac6.mcu.externaltools.arm-none.win32_1.13.2.201703061525/tools/compiler/bin/../lib/gcc/arm-none-eabi/5.4.1/../../../../arm-none-eabi/lib/armv7-m\libc.a(lib_a-wbuf.o)
                0x0800885c                __swbuf_r
 .text._wcrtomb_r
                0x08008908       0x54 c:/ac6/systemworkbench/plugins/fr.ac6.mcu.externaltools.arm-none.win32_1.13.2.201703061525/tools/compiler/bin/../lib/gcc/arm-none-eabi/5.4.1/../../../../arm-none-eabi/lib/armv7-m\libc.a(lib_a-wcrtomb.o)
                0x08008908                _wcrtomb_r
 .text.__ascii_wctomb
                0x0800895c       0x1c c:/ac6/systemworkbench/plugins/fr.ac6.mcu.externaltools.arm-none.win32_1.13.2.201703061525/tools/compiler/bin/../lib/gcc/arm-none-eabi/5.4.1/../../../../arm-none-eabi/lib/armv7-m\libc.a(lib_a-wctomb_r.o)
                0x0800895c                __ascii_wctomb
 *(.glue_7)
 .glue_7        0x08008978        0x0 linker stubs
 *(.glue_7t)
 .glue_7t       0x08008978        0x0 linker stubs
 *(.eh_frame)
 .eh_frame      0x08008978        0x0 c:/ac6/systemworkbench/plugins/fr.ac6.mcu.externaltools.arm-none.win32_1.13.2.201703061525/tools/compiler/bin/../lib/gcc/arm-none-eabi/5.4.1/armv7-m/crtbegin.o
 *(.init)
 .init          0x08008978        0x4 c:/ac6/systemworkbench/plugins/fr.ac6.mcu.externaltools.arm-none.win32_1.13.2.201703061525/tools/compiler/bin/../lib/gcc/arm-none-eabi/5.4.1/armv7-m/crti.o
                0x08008978                _init
 .init          0x0800897c        0x8 c:/ac6/systemworkbench/plugins/fr.ac6.mcu.externaltools.arm-none.win32_1.13.2.201703061525/tools/compiler/bin/../lib/gcc/arm-none-eabi/5.4.1/armv7-m/crtn.o
 *(.fini)
 .fini          0x08008984        0x4 c:/ac6/systemworkbench/plugins/fr.ac6.mcu.externaltools.arm-none.win32_1.13.2.201703061525/tools/compiler/bin/../lib/gcc/arm-none-eabi/5.4.1/armv7-m/crti.o
                0x08008984                _fini
 .fini          0x08008988        0x8 c:/ac6/systemworkbench/plugins/fr.ac6.mcu.externaltools.arm-none.win32_1.13.2.201703061525/tools/compiler/bin/../lib/gcc/arm-none-eabi/5.4.1/armv7-m/crtn.o
                0x08008990                . = ALIGN (0x4)
                0x08008990                _etext = .

.vfp11_veneer   0x08008990        0x0
 .vfp11_veneer  0x08008990        0x0 linker stubs

.v4_bx          0x08008990        0x0
 .v4_bx         0x08008990        0x0 linker stubs

.iplt           0x08008990        0x0
 .iplt          0x08008990        0x0 c:/ac6/systemworkbench/plugins/fr.ac6.mcu.externaltools.arm-none.win32_1.13.2.201703061525/tools/compiler/bin/../lib/gcc/arm-none-eabi/5.4.1/armv7-m/crtbegin.o

.rodata         0x08008990      0x2cc
                0x08008990                . = ALIGN (0x4)
 *(.rodata)
 .rodata        0x08008990        0x5 rtos/src/tasks.o
 *fill*         0x08008995        0x3 
 .rodata        0x08008998       0x12 src/main.o
 *fill*         0x080089aa        0x2 
 .rodata        0x080089ac       0x18 src/task_measuretimer.o
 .rodata        0x080089c4        0x7 src/task_uart.o
 *(.rodata*)
 *fill*         0x080089cb        0x1 
 .rodata._global_impure_ptr
                0x080089cc        0x4 c:/ac6/systemworkbench/plugins/fr.ac6.mcu.externaltools.arm-none.win32_1.13.2.201703061525/tools/compiler/bin/../lib/gcc/arm-none-eabi/5.4.1/../../../../arm-none-eabi/lib/armv7-m\libc.a(lib_a-impure.o)
                0x080089cc                _global_impure_ptr
 .rodata.zeroes.7271
                0x080089d0       0x10 c:/ac6/systemworkbench/plugins/fr.ac6.mcu.externaltools.arm-none.win32_1.13.2.201703061525/tools/compiler/bin/../lib/gcc/arm-none-eabi/5.4.1/../../../../arm-none-eabi/lib/armv7-m\libc.a(lib_a-vfprintf.o)
 .rodata.str1.4
                0x080089e0       0x42 c:/ac6/systemworkbench/plugins/fr.ac6.mcu.externaltools.arm-none.win32_1.13.2.201703061525/tools/compiler/bin/../lib/gcc/arm-none-eabi/5.4.1/../../../../arm-none-eabi/lib/armv7-m\libc.a(lib_a-vfprintf.o)
 *fill*         0x08008a22        0x2 
 .rodata.blanks.7270
                0x08008a24       0x10 c:/ac6/systemworkbench/plugins/fr.ac6.mcu.externaltools.arm-none.win32_1.13.2.201703061525/tools/compiler/bin/../lib/gcc/arm-none-eabi/5.4.1/../../../../arm-none-eabi/lib/armv7-m\libc.a(lib_a-vfprintf.o)
 .rodata.str1.4
                0x08008a34       0x10 c:/ac6/systemworkbench/plugins/fr.ac6.mcu.externaltools.arm-none.win32_1.13.2.201703061525/tools/compiler/bin/../lib/gcc/arm-none-eabi/5.4.1/../../../../arm-none-eabi/lib/armv7-m\libc.a(lib_a-dtoa.o)
                                 0x12 (size before relaxing)
 *fill*         0x08008a44        0x4 
 .rodata.__mprec_tens
                0x08008a48       0xc8 c:/ac6/systemworkbench/plugins/fr.ac6.mcu.externaltools.arm-none.win32_1.13.2.201703061525/tools/compiler/bin/../lib/gcc/arm-none-eabi/5.4.1/../../../../arm-none-eabi/lib/armv7-m\libc.a(lib_a-mprec.o)
                0x08008a48                __mprec_tens
 .rodata.p05.6085
                0x08008b10        0xc c:/ac6/systemworkbench/plugins/fr.ac6.mcu.externaltools.arm-none.win32_1.13.2.201703061525/tools/compiler/bin/../lib/gcc/arm-none-eabi/5.4.1/../../../../arm-none-eabi/lib/armv7-m\libc.a(lib_a-mprec.o)
 *fill*         0x08008b1c        0x4 
 .rodata.__mprec_bigtens
                0x08008b20       0x28 c:/ac6/systemworkbench/plugins/fr.ac6.mcu.externaltools.arm-none.win32_1.13.2.201703061525/tools/compiler/bin/../lib/gcc/arm-none-eabi/5.4.1/../../../../arm-none-eabi/lib/armv7-m\libc.a(lib_a-mprec.o)
                0x08008b20                __mprec_bigtens
 .rodata.str1.4
                0x08008b48       0x10 c:/ac6/systemworkbench/plugins/fr.ac6.mcu.externaltools.arm-none.win32_1.13.2.201703061525/tools/compiler/bin/../lib/gcc/arm-none-eabi/5.4.1/../../../../arm-none-eabi/lib/armv7-m\libc.a(lib_a-locale.o)
                                 0x12 (size before relaxing)
 .rodata._ctype_
                0x08008b58      0x101 c:/ac6/systemworkbench/plugins/fr.ac6.mcu.externaltools.arm-none.win32_1.13.2.201703061525/tools/compiler/bin/../lib/gcc/arm-none-eabi/5.4.1/../../../../arm-none-eabi/lib/armv7-m\libc.a(lib_a-ctype_.o)
                0x08008b58                _ctype_
                0x08008c5c                . = ALIGN (0x4)
 *fill*         0x08008c59        0x3 

.ARM.extab
 *(.ARM.extab* .gnu.linkonce.armextab.*)

.ARM            0x08008c5c        0x8
                0x08008c5c                __exidx_start = .
 *(.ARM.exidx*)
 .ARM.exidx     0x08008c5c        0x8 c:/ac6/systemworkbench/plugins/fr.ac6.mcu.externaltools.arm-none.win32_1.13.2.201703061525/tools/compiler/bin/../lib/gcc/arm-none-eabi/5.4.1/armv7-m\libgcc.a(_udivmoddi4.o)
                0x08008c64                __exidx_end = .

.rel.dyn        0x08008c64        0x0
 .rel.iplt      0x08008c64        0x0 c:/ac6/systemworkbench/plugins/fr.ac6.mcu.externaltools.arm-none.win32_1.13.2.201703061525/tools/compiler/bin/../lib/gcc/arm-none-eabi/5.4.1/armv7-m/crtbegin.o

.preinit_array  0x08008c64        0x0
                0x08008c64                PROVIDE (__preinit_array_start, .)
 *(.preinit_array*)
                0x08008c64                PROVIDE (__preinit_array_end, .)

.init_array     0x08008c64        0x8
                0x08008c64                PROVIDE (__init_array_start, .)
 *(SORT(.init_array.*))
 .init_array.00000
                0x08008c64        0x4 c:/ac6/systemworkbench/plugins/fr.ac6.mcu.externaltools.arm-none.win32_1.13.2.201703061525/tools/compiler/bin/../lib/gcc/arm-none-eabi/5.4.1/../../../../arm-none-eabi/lib/armv7-m\libc.a(lib_a-__call_atexit.o)
 *(.init_array*)
 .init_array    0x08008c68        0x4 c:/ac6/systemworkbench/plugins/fr.ac6.mcu.externaltools.arm-none.win32_1.13.2.201703061525/tools/compiler/bin/../lib/gcc/arm-none-eabi/5.4.1/armv7-m/crtbegin.o
                0x08008c6c                PROVIDE (__init_array_end, .)

.fini_array     0x08008c6c        0x4
                0x08008c6c                PROVIDE (__fini_array_start, .)
 *(SORT(.fini_array.*))
 *(.fini_array*)
 .fini_array    0x08008c6c        0x4 c:/ac6/systemworkbench/plugins/fr.ac6.mcu.externaltools.arm-none.win32_1.13.2.201703061525/tools/compiler/bin/../lib/gcc/arm-none-eabi/5.4.1/armv7-m/crtbegin.o
                0x08008c70                PROVIDE (__fini_array_end, .)
                0x08008c70                _sidata = LOADADDR (.data)

.data           0x20000000      0x9c8 load address 0x08008c70
                0x20000000                . = ALIGN (0x4)
                0x20000000                _sdata = .
 *(.data)
 .data          0x20000000       0x14 StdPeriph_Driver/src/stm32f10x_rcc.o
 .data          0x20000014        0x4 rtos/src/heap_2.o
 .data          0x20000018        0x4 rtos/src/port.o
 *(.data*)
 *fill*         0x2000001c        0x4 
 .data.impure_data
                0x20000020      0x428 c:/ac6/systemworkbench/plugins/fr.ac6.mcu.externaltools.arm-none.win32_1.13.2.201703061525/tools/compiler/bin/../lib/gcc/arm-none-eabi/5.4.1/../../../../arm-none-eabi/lib/armv7-m\libc.a(lib_a-impure.o)
 .data._impure_ptr
                0x20000448        0x4 c:/ac6/systemworkbench/plugins/fr.ac6.mcu.externaltools.arm-none.win32_1.13.2.201703061525/tools/compiler/bin/../lib/gcc/arm-none-eabi/5.4.1/../../../../arm-none-eabi/lib/armv7-m\libc.a(lib_a-impure.o)
                0x20000448                _impure_ptr
 .data.__malloc_av_
                0x2000044c      0x408 c:/ac6/systemworkbench/plugins/fr.ac6.mcu.externaltools.arm-none.win32_1.13.2.201703061525/tools/compiler/bin/../lib/gcc/arm-none-eabi/5.4.1/../../../../arm-none-eabi/lib/armv7-m\libc.a(lib_a-mallocr.o)
                0x2000044c                __malloc_av_
 .data.__malloc_trim_threshold
                0x20000854        0x4 c:/ac6/systemworkbench/plugins/fr.ac6.mcu.externaltools.arm-none.win32_1.13.2.201703061525/tools/compiler/bin/../lib/gcc/arm-none-eabi/5.4.1/../../../../arm-none-eabi/lib/armv7-m\libc.a(lib_a-mallocr.o)
                0x20000854                __malloc_trim_threshold
 .data.__malloc_sbrk_base
                0x20000858        0x4 c:/ac6/systemworkbench/plugins/fr.ac6.mcu.externaltools.arm-none.win32_1.13.2.201703061525/tools/compiler/bin/../lib/gcc/arm-none-eabi/5.4.1/../../../../arm-none-eabi/lib/armv7-m\libc.a(lib_a-mallocr.o)
                0x20000858                __malloc_sbrk_base
 .data.__global_locale
                0x2000085c      0x16c c:/ac6/systemworkbench/plugins/fr.ac6.mcu.externaltools.arm-none.win32_1.13.2.201703061525/tools/compiler/bin/../lib/gcc/arm-none-eabi/5.4.1/../../../../arm-none-eabi/lib/armv7-m\libc.a(lib_a-locale.o)
                0x2000085c                __global_locale
                0x200009c8                . = ALIGN (0x4)
                0x200009c8                _edata = .

.jcr            0x200009c8        0x0 load address 0x08009638
 .jcr           0x200009c8        0x0 c:/ac6/systemworkbench/plugins/fr.ac6.mcu.externaltools.arm-none.win32_1.13.2.201703061525/tools/compiler/bin/../lib/gcc/arm-none-eabi/5.4.1/armv7-m/crtbegin.o

.igot.plt       0x200009c8        0x0 load address 0x08009638
 .igot.plt      0x200009c8        0x0 c:/ac6/systemworkbench/plugins/fr.ac6.mcu.externaltools.arm-none.win32_1.13.2.201703061525/tools/compiler/bin/../lib/gcc/arm-none-eabi/5.4.1/armv7-m/crtbegin.o
                0x200009c8                . = ALIGN (0x4)

.bss            0x200009c8     0x1780 load address 0x08009638
                0x200009c8                _sbss = .
                0x200009c8                __bss_start__ = _sbss
 *(.bss)
 .bss           0x200009c8       0x1c c:/ac6/systemworkbench/plugins/fr.ac6.mcu.externaltools.arm-none.win32_1.13.2.201703061525/tools/compiler/bin/../lib/gcc/arm-none-eabi/5.4.1/armv7-m/crtbegin.o
 .bss           0x200009e4     0x1414 rtos/src/heap_2.o
 .bss           0x20001df8      0x104 rtos/src/tasks.o
                0x20001df8                pxCurrentTCB
 .bss           0x20001efc        0x8 src/syscalls.o
                0x20001efc                __env
 .bss           0x20001f04      0x200 src/task_adc.o
                0x20001f04                ADCConvertedValue
 *(.bss*)
 .bss.__malloc_max_total_mem
                0x20002104        0x4 c:/ac6/systemworkbench/plugins/fr.ac6.mcu.externaltools.arm-none.win32_1.13.2.201703061525/tools/compiler/bin/../lib/gcc/arm-none-eabi/5.4.1/../../../../arm-none-eabi/lib/armv7-m\libc.a(lib_a-mallocr.o)
                0x20002104                __malloc_max_total_mem
 .bss.__malloc_max_sbrked_mem
                0x20002108        0x4 c:/ac6/systemworkbench/plugins/fr.ac6.mcu.externaltools.arm-none.win32_1.13.2.201703061525/tools/compiler/bin/../lib/gcc/arm-none-eabi/5.4.1/../../../../arm-none-eabi/lib/armv7-m\libc.a(lib_a-mallocr.o)
                0x20002108                __malloc_max_sbrked_mem
 .bss.__malloc_top_pad
                0x2000210c        0x4 c:/ac6/systemworkbench/plugins/fr.ac6.mcu.externaltools.arm-none.win32_1.13.2.201703061525/tools/compiler/bin/../lib/gcc/arm-none-eabi/5.4.1/../../../../arm-none-eabi/lib/armv7-m\libc.a(lib_a-mallocr.o)
                0x2000210c                __malloc_top_pad
 .bss.__malloc_current_mallinfo
                0x20002110       0x28 c:/ac6/systemworkbench/plugins/fr.ac6.mcu.externaltools.arm-none.win32_1.13.2.201703061525/tools/compiler/bin/../lib/gcc/arm-none-eabi/5.4.1/../../../../arm-none-eabi/lib/armv7-m\libc.a(lib_a-mallocr.o)
                0x20002110                __malloc_current_mallinfo
 *(COMMON)
 COMMON         0x20002138        0xc src/main.o
                0x20002138                amplQueue
                0x2000213c                xMeasureToggle
                0x20002140                minAmplQueue
 COMMON         0x20002144        0x4 c:/ac6/systemworkbench/plugins/fr.ac6.mcu.externaltools.arm-none.win32_1.13.2.201703061525/tools/compiler/bin/../lib/gcc/arm-none-eabi/5.4.1/../../../../arm-none-eabi/lib/armv7-m\libc.a(lib_a-reent.o)
                0x20002144                errno
                0x20002148                . = ALIGN (0x4)
                0x20002148                _ebss = .
                0x20002148                __bss_end__ = _ebss

._user_heap_stack
                0x20002148      0x100 load address 0x08009638
                0x20002148                . = ALIGN (0x8)
                0x20002148                PROVIDE (end, .)
                [!provide]                PROVIDE (_end, .)
                0x20002148                . = (. + _Min_Heap_Size)
                0x20002248                . = (. + _Min_Stack_Size)
 *fill*         0x20002148      0x100 
                0x20002248                . = ALIGN (0x8)

.memory_b1_text
 *(.mb1text)
 *(.mb1text*)
 *(.mb1rodata)
 *(.mb1rodata*)

/DISCARD/
 libc.a(*)
 libm.a(*)
 libgcc.a(*)

.ARM.attributes
                0x00000000       0x29
 *(.ARM.attributes)
 .ARM.attributes
                0x00000000       0x1d c:/ac6/systemworkbench/plugins/fr.ac6.mcu.externaltools.arm-none.win32_1.13.2.201703061525/tools/compiler/bin/../lib/gcc/arm-none-eabi/5.4.1/armv7-m/crti.o
 .ARM.attributes
                0x0000001d       0x2d c:/ac6/systemworkbench/plugins/fr.ac6.mcu.externaltools.arm-none.win32_1.13.2.201703061525/tools/compiler/bin/../lib/gcc/arm-none-eabi/5.4.1/armv7-m/crtbegin.o
 .ARM.attributes
                0x0000004a       0x33 StdPeriph_Driver/src/stm32f10x_adc.o
 .ARM.attributes
                0x0000007d       0x33 StdPeriph_Driver/src/stm32f10x_dma.o
 .ARM.attributes
                0x000000b0       0x33 StdPeriph_Driver/src/stm32f10x_gpio.o
 .ARM.attributes
                0x000000e3       0x33 StdPeriph_Driver/src/stm32f10x_rcc.o
 .ARM.attributes
                0x00000116       0x33 StdPeriph_Driver/src/stm32f10x_tim.o
 .ARM.attributes
                0x00000149       0x33 StdPeriph_Driver/src/stm32f10x_usart.o
 .ARM.attributes
                0x0000017c       0x33 rtos/src/heap_2.o
 .ARM.attributes
                0x000001af       0x33 rtos/src/list.o
 .ARM.attributes
                0x000001e2       0x33 rtos/src/port.o
 .ARM.attributes
                0x00000215       0x33 rtos/src/queue.o
 .ARM.attributes
                0x00000248       0x33 rtos/src/tasks.o
 .ARM.attributes
                0x0000027b       0x33 src/main.o
 .ARM.attributes
                0x000002ae       0x33 src/syscalls.o
 .ARM.attributes
                0x000002e1       0x33 src/system_stm32f10x.o
 .ARM.attributes
                0x00000314       0x33 src/task_adc.o
 .ARM.attributes
                0x00000347       0x33 src/task_measuretimer.o
 .ARM.attributes
                0x0000037a       0x33 src/task_uart.o
 .ARM.attributes
                0x000003ad       0x21 startup/startup_stm32f10x_md.o
 .ARM.attributes
                0x000003ce       0x2d c:/ac6/systemworkbench/plugins/fr.ac6.mcu.externaltools.arm-none.win32_1.13.2.201703061525/tools/compiler/bin/../lib/gcc/arm-none-eabi/5.4.1/../../../../arm-none-eabi/lib/armv7-m\libc.a(lib_a-errno.o)
 .ARM.attributes
                0x000003fb       0x2d c:/ac6/systemworkbench/plugins/fr.ac6.mcu.externaltools.arm-none.win32_1.13.2.201703061525/tools/compiler/bin/../lib/gcc/arm-none-eabi/5.4.1/../../../../arm-none-eabi/lib/armv7-m\libc.a(lib_a-impure.o)
 .ARM.attributes
                0x00000428       0x2d c:/ac6/systemworkbench/plugins/fr.ac6.mcu.externaltools.arm-none.win32_1.13.2.201703061525/tools/compiler/bin/../lib/gcc/arm-none-eabi/5.4.1/../../../../arm-none-eabi/lib/armv7-m\libc.a(lib_a-init.o)
 .ARM.attributes
                0x00000455       0x1b c:/ac6/systemworkbench/plugins/fr.ac6.mcu.externaltools.arm-none.win32_1.13.2.201703061525/tools/compiler/bin/../lib/gcc/arm-none-eabi/5.4.1/../../../../arm-none-eabi/lib/armv7-m\libc.a(lib_a-memcpy.o)
 .ARM.attributes
                0x00000470       0x2d c:/ac6/systemworkbench/plugins/fr.ac6.mcu.externaltools.arm-none.win32_1.13.2.201703061525/tools/compiler/bin/../lib/gcc/arm-none-eabi/5.4.1/../../../../arm-none-eabi/lib/armv7-m\libc.a(lib_a-memset.o)
 .ARM.attributes
                0x0000049d       0x2d c:/ac6/systemworkbench/plugins/fr.ac6.mcu.externaltools.arm-none.win32_1.13.2.201703061525/tools/compiler/bin/../lib/gcc/arm-none-eabi/5.4.1/../../../../arm-none-eabi/lib/armv7-m\libc.a(lib_a-printf.o)
 .ARM.attributes
                0x000004ca       0x2d c:/ac6/systemworkbench/plugins/fr.ac6.mcu.externaltools.arm-none.win32_1.13.2.201703061525/tools/compiler/bin/../lib/gcc/arm-none-eabi/5.4.1/../../../../arm-none-eabi/lib/armv7-m\libc.a(lib_a-vfprintf.o)
 .ARM.attributes
                0x000004f7       0x2d c:/ac6/systemworkbench/plugins/fr.ac6.mcu.externaltools.arm-none.win32_1.13.2.201703061525/tools/compiler/bin/../lib/gcc/arm-none-eabi/5.4.1/../../../../arm-none-eabi/lib/armv7-m\libc.a(lib_a-wsetup.o)
 .ARM.attributes
                0x00000524       0x2d c:/ac6/systemworkbench/plugins/fr.ac6.mcu.externaltools.arm-none.win32_1.13.2.201703061525/tools/compiler/bin/../lib/gcc/arm-none-eabi/5.4.1/../../../../arm-none-eabi/lib/armv7-m\libc.a(lib_a-__call_atexit.o)
 .ARM.attributes
                0x00000551       0x2d c:/ac6/systemworkbench/plugins/fr.ac6.mcu.externaltools.arm-none.win32_1.13.2.201703061525/tools/compiler/bin/../lib/gcc/arm-none-eabi/5.4.1/../../../../arm-none-eabi/lib/armv7-m\libc.a(lib_a-atexit.o)
 .ARM.attributes
                0x0000057e       0x2d c:/ac6/systemworkbench/plugins/fr.ac6.mcu.externaltools.arm-none.win32_1.13.2.201703061525/tools/compiler/bin/../lib/gcc/arm-none-eabi/5.4.1/../../../../arm-none-eabi/lib/armv7-m\libc.a(lib_a-dtoa.o)
 .ARM.attributes
                0x000005ab       0x2d c:/ac6/systemworkbench/plugins/fr.ac6.mcu.externaltools.arm-none.win32_1.13.2.201703061525/tools/compiler/bin/../lib/gcc/arm-none-eabi/5.4.1/../../../../arm-none-eabi/lib/armv7-m\libc.a(lib_a-fflush.o)
 .ARM.attributes
                0x000005d8       0x2d c:/ac6/systemworkbench/plugins/fr.ac6.mcu.externaltools.arm-none.win32_1.13.2.201703061525/tools/compiler/bin/../lib/gcc/arm-none-eabi/5.4.1/../../../../arm-none-eabi/lib/armv7-m\libc.a(lib_a-findfp.o)
 .ARM.attributes
                0x00000605       0x2d c:/ac6/systemworkbench/plugins/fr.ac6.mcu.externaltools.arm-none.win32_1.13.2.201703061525/tools/compiler/bin/../lib/gcc/arm-none-eabi/5.4.1/../../../../arm-none-eabi/lib/armv7-m\libc.a(lib_a-fini.o)
 .ARM.attributes
                0x00000632       0x2d c:/ac6/systemworkbench/plugins/fr.ac6.mcu.externaltools.arm-none.win32_1.13.2.201703061525/tools/compiler/bin/../lib/gcc/arm-none-eabi/5.4.1/../../../../arm-none-eabi/lib/armv7-m\libc.a(lib_a-freer.o)
 .ARM.attributes
                0x0000065f       0x2d c:/ac6/systemworkbench/plugins/fr.ac6.mcu.externaltools.arm-none.win32_1.13.2.201703061525/tools/compiler/bin/../lib/gcc/arm-none-eabi/5.4.1/../../../../arm-none-eabi/lib/armv7-m\libc.a(lib_a-fwalk.o)
 .ARM.attributes
                0x0000068c       0x2d c:/ac6/systemworkbench/plugins/fr.ac6.mcu.externaltools.arm-none.win32_1.13.2.201703061525/tools/compiler/bin/../lib/gcc/arm-none-eabi/5.4.1/../../../../arm-none-eabi/lib/armv7-m\libc.a(lib_a-localeconv.o)
 .ARM.attributes
                0x000006b9       0x2d c:/ac6/systemworkbench/plugins/fr.ac6.mcu.externaltools.arm-none.win32_1.13.2.201703061525/tools/compiler/bin/../lib/gcc/arm-none-eabi/5.4.1/../../../../arm-none-eabi/lib/armv7-m\libc.a(lib_a-makebuf.o)
 .ARM.attributes
                0x000006e6       0x2d c:/ac6/systemworkbench/plugins/fr.ac6.mcu.externaltools.arm-none.win32_1.13.2.201703061525/tools/compiler/bin/../lib/gcc/arm-none-eabi/5.4.1/../../../../arm-none-eabi/lib/armv7-m\libc.a(lib_a-mallocr.o)
 .ARM.attributes
                0x00000713       0x2d c:/ac6/systemworkbench/plugins/fr.ac6.mcu.externaltools.arm-none.win32_1.13.2.201703061525/tools/compiler/bin/../lib/gcc/arm-none-eabi/5.4.1/../../../../arm-none-eabi/lib/armv7-m\libc.a(lib_a-memchr-stub.o)
 .ARM.attributes
                0x00000740       0x2d c:/ac6/systemworkbench/plugins/fr.ac6.mcu.externaltools.arm-none.win32_1.13.2.201703061525/tools/compiler/bin/../lib/gcc/arm-none-eabi/5.4.1/../../../../arm-none-eabi/lib/armv7-m\libc.a(lib_a-mlock.o)
 .ARM.attributes
                0x0000076d       0x2d c:/ac6/systemworkbench/plugins/fr.ac6.mcu.externaltools.arm-none.win32_1.13.2.201703061525/tools/compiler/bin/../lib/gcc/arm-none-eabi/5.4.1/../../../../arm-none-eabi/lib/armv7-m\libc.a(lib_a-mprec.o)
 .ARM.attributes
                0x0000079a       0x2d c:/ac6/systemworkbench/plugins/fr.ac6.mcu.externaltools.arm-none.win32_1.13.2.201703061525/tools/compiler/bin/../lib/gcc/arm-none-eabi/5.4.1/../../../../arm-none-eabi/lib/armv7-m\libc.a(lib_a-sbrkr.o)
 .ARM.attributes
                0x000007c7       0x2d c:/ac6/systemworkbench/plugins/fr.ac6.mcu.externaltools.arm-none.win32_1.13.2.201703061525/tools/compiler/bin/../lib/gcc/arm-none-eabi/5.4.1/../../../../arm-none-eabi/lib/armv7-m\libc.a(lib_a-stdio.o)
 .ARM.attributes
                0x000007f4       0x2d c:/ac6/systemworkbench/plugins/fr.ac6.mcu.externaltools.arm-none.win32_1.13.2.201703061525/tools/compiler/bin/../lib/gcc/arm-none-eabi/5.4.1/../../../../arm-none-eabi/lib/armv7-m\libc.a(lib_a-strlen-stub.o)
 .ARM.attributes
                0x00000821       0x2d c:/ac6/systemworkbench/plugins/fr.ac6.mcu.externaltools.arm-none.win32_1.13.2.201703061525/tools/compiler/bin/../lib/gcc/arm-none-eabi/5.4.1/../../../../arm-none-eabi/lib/armv7-m\libc.a(lib_a-vfiprintf.o)
 .ARM.attributes
                0x0000084e       0x2d c:/ac6/systemworkbench/plugins/fr.ac6.mcu.externaltools.arm-none.win32_1.13.2.201703061525/tools/compiler/bin/../lib/gcc/arm-none-eabi/5.4.1/../../../../arm-none-eabi/lib/armv7-m\libc.a(lib_a-writer.o)
 .ARM.attributes
                0x0000087b       0x2d c:/ac6/systemworkbench/plugins/fr.ac6.mcu.externaltools.arm-none.win32_1.13.2.201703061525/tools/compiler/bin/../lib/gcc/arm-none-eabi/5.4.1/../../../../arm-none-eabi/lib/armv7-m\libc.a(lib_a-__atexit.o)
 .ARM.attributes
                0x000008a8       0x2d c:/ac6/systemworkbench/plugins/fr.ac6.mcu.externaltools.arm-none.win32_1.13.2.201703061525/tools/compiler/bin/../lib/gcc/arm-none-eabi/5.4.1/../../../../arm-none-eabi/lib/armv7-m\libc.a(lib_a-callocr.o)
 .ARM.attributes
                0x000008d5       0x2d c:/ac6/systemworkbench/plugins/fr.ac6.mcu.externaltools.arm-none.win32_1.13.2.201703061525/tools/compiler/bin/../lib/gcc/arm-none-eabi/5.4.1/../../../../arm-none-eabi/lib/armv7-m\libc.a(lib_a-closer.o)
 .ARM.attributes
                0x00000902       0x2d c:/ac6/systemworkbench/plugins/fr.ac6.mcu.externaltools.arm-none.win32_1.13.2.201703061525/tools/compiler/bin/../lib/gcc/arm-none-eabi/5.4.1/../../../../arm-none-eabi/lib/armv7-m\libc.a(lib_a-fclose.o)
 .ARM.attributes
                0x0000092f       0x2d c:/ac6/systemworkbench/plugins/fr.ac6.mcu.externaltools.arm-none.win32_1.13.2.201703061525/tools/compiler/bin/../lib/gcc/arm-none-eabi/5.4.1/../../../../arm-none-eabi/lib/armv7-m\libc.a(lib_a-fputwc.o)
 .ARM.attributes
                0x0000095c       0x2d c:/ac6/systemworkbench/plugins/fr.ac6.mcu.externaltools.arm-none.win32_1.13.2.201703061525/tools/compiler/bin/../lib/gcc/arm-none-eabi/5.4.1/../../../../arm-none-eabi/lib/armv7-m\libc.a(lib_a-fstatr.o)
 .ARM.attributes
                0x00000989       0x2d c:/ac6/systemworkbench/plugins/fr.ac6.mcu.externaltools.arm-none.win32_1.13.2.201703061525/tools/compiler/bin/../lib/gcc/arm-none-eabi/5.4.1/../../../../arm-none-eabi/lib/armv7-m\libc.a(lib_a-fvwrite.o)
 .ARM.attributes
                0x000009b6       0x2d c:/ac6/systemworkbench/plugins/fr.ac6.mcu.externaltools.arm-none.win32_1.13.2.201703061525/tools/compiler/bin/../lib/gcc/arm-none-eabi/5.4.1/../../../../arm-none-eabi/lib/armv7-m\libc.a(lib_a-isattyr.o)
 .ARM.attributes
                0x000009e3       0x2d c:/ac6/systemworkbench/plugins/fr.ac6.mcu.externaltools.arm-none.win32_1.13.2.201703061525/tools/compiler/bin/../lib/gcc/arm-none-eabi/5.4.1/../../../../arm-none-eabi/lib/armv7-m\libc.a(lib_a-locale.o)
 .ARM.attributes
                0x00000a10       0x2d c:/ac6/systemworkbench/plugins/fr.ac6.mcu.externaltools.arm-none.win32_1.13.2.201703061525/tools/compiler/bin/../lib/gcc/arm-none-eabi/5.4.1/../../../../arm-none-eabi/lib/armv7-m\libc.a(lib_a-lseekr.o)
 .ARM.attributes
                0x00000a3d       0x2d c:/ac6/systemworkbench/plugins/fr.ac6.mcu.externaltools.arm-none.win32_1.13.2.201703061525/tools/compiler/bin/../lib/gcc/arm-none-eabi/5.4.1/../../../../arm-none-eabi/lib/armv7-m\libc.a(lib_a-mbtowc_r.o)
 .ARM.attributes
                0x00000a6a       0x2d c:/ac6/systemworkbench/plugins/fr.ac6.mcu.externaltools.arm-none.win32_1.13.2.201703061525/tools/compiler/bin/../lib/gcc/arm-none-eabi/5.4.1/../../../../arm-none-eabi/lib/armv7-m\libc.a(lib_a-memmove.o)
 .ARM.attributes
                0x00000a97       0x2d c:/ac6/systemworkbench/plugins/fr.ac6.mcu.externaltools.arm-none.win32_1.13.2.201703061525/tools/compiler/bin/../lib/gcc/arm-none-eabi/5.4.1/../../../../arm-none-eabi/lib/armv7-m\libc.a(lib_a-readr.o)
 .ARM.attributes
                0x00000ac4       0x2d c:/ac6/systemworkbench/plugins/fr.ac6.mcu.externaltools.arm-none.win32_1.13.2.201703061525/tools/compiler/bin/../lib/gcc/arm-none-eabi/5.4.1/../../../../arm-none-eabi/lib/armv7-m\libc.a(lib_a-reallocr.o)
 .ARM.attributes
                0x00000af1       0x2d c:/ac6/systemworkbench/plugins/fr.ac6.mcu.externaltools.arm-none.win32_1.13.2.201703061525/tools/compiler/bin/../lib/gcc/arm-none-eabi/5.4.1/../../../../arm-none-eabi/lib/armv7-m\libc.a(lib_a-reent.o)
 .ARM.attributes
                0x00000b1e       0x2d c:/ac6/systemworkbench/plugins/fr.ac6.mcu.externaltools.arm-none.win32_1.13.2.201703061525/tools/compiler/bin/../lib/gcc/arm-none-eabi/5.4.1/../../../../arm-none-eabi/lib/armv7-m\libc.a(lib_a-wbuf.o)
 .ARM.attributes
                0x00000b4b       0x2d c:/ac6/systemworkbench/plugins/fr.ac6.mcu.externaltools.arm-none.win32_1.13.2.201703061525/tools/compiler/bin/../lib/gcc/arm-none-eabi/5.4.1/../../../../arm-none-eabi/lib/armv7-m\libc.a(lib_a-wcrtomb.o)
 .ARM.attributes
                0x00000b78       0x2d c:/ac6/systemworkbench/plugins/fr.ac6.mcu.externaltools.arm-none.win32_1.13.2.201703061525/tools/compiler/bin/../lib/gcc/arm-none-eabi/5.4.1/../../../../arm-none-eabi/lib/armv7-m\libc.a(lib_a-wctomb_r.o)
 .ARM.attributes
                0x00000ba5       0x2d c:/ac6/systemworkbench/plugins/fr.ac6.mcu.externaltools.arm-none.win32_1.13.2.201703061525/tools/compiler/bin/../lib/gcc/arm-none-eabi/5.4.1/../../../../arm-none-eabi/lib/armv7-m\libc.a(lib_a-ctype_.o)
 .ARM.attributes
                0x00000bd2       0x1d c:/ac6/systemworkbench/plugins/fr.ac6.mcu.externaltools.arm-none.win32_1.13.2.201703061525/tools/compiler/bin/../lib/gcc/arm-none-eabi/5.4.1/armv7-m\libgcc.a(_arm_addsubdf3.o)
 .ARM.attributes
                0x00000bef       0x1d c:/ac6/systemworkbench/plugins/fr.ac6.mcu.externaltools.arm-none.win32_1.13.2.201703061525/tools/compiler/bin/../lib/gcc/arm-none-eabi/5.4.1/armv7-m\libgcc.a(_arm_muldivdf3.o)
 .ARM.attributes
                0x00000c0c       0x1d c:/ac6/systemworkbench/plugins/fr.ac6.mcu.externaltools.arm-none.win32_1.13.2.201703061525/tools/compiler/bin/../lib/gcc/arm-none-eabi/5.4.1/armv7-m\libgcc.a(_arm_cmpdf2.o)
 .ARM.attributes
                0x00000c29       0x1d c:/ac6/systemworkbench/plugins/fr.ac6.mcu.externaltools.arm-none.win32_1.13.2.201703061525/tools/compiler/bin/../lib/gcc/arm-none-eabi/5.4.1/armv7-m\libgcc.a(_arm_unorddf2.o)
 .ARM.attributes
                0x00000c46       0x1d c:/ac6/systemworkbench/plugins/fr.ac6.mcu.externaltools.arm-none.win32_1.13.2.201703061525/tools/compiler/bin/../lib/gcc/arm-none-eabi/5.4.1/armv7-m\libgcc.a(_arm_fixdfsi.o)
 .ARM.attributes
                0x00000c63       0x1d c:/ac6/systemworkbench/plugins/fr.ac6.mcu.externaltools.arm-none.win32_1.13.2.201703061525/tools/compiler/bin/../lib/gcc/arm-none-eabi/5.4.1/armv7-m\libgcc.a(_aeabi_uldivmod.o)
 .ARM.attributes
                0x00000c80       0x2d c:/ac6/systemworkbench/plugins/fr.ac6.mcu.externaltools.arm-none.win32_1.13.2.201703061525/tools/compiler/bin/../lib/gcc/arm-none-eabi/5.4.1/armv7-m\libgcc.a(_udivmoddi4.o)
 .ARM.attributes
                0x00000cad       0x1d c:/ac6/systemworkbench/plugins/fr.ac6.mcu.externaltools.arm-none.win32_1.13.2.201703061525/tools/compiler/bin/../lib/gcc/arm-none-eabi/5.4.1/armv7-m\libgcc.a(_dvmd_tls.o)
 .ARM.attributes
                0x00000cca       0x1d c:/ac6/systemworkbench/plugins/fr.ac6.mcu.externaltools.arm-none.win32_1.13.2.201703061525/tools/compiler/bin/../lib/gcc/arm-none-eabi/5.4.1/armv7-m/crtn.o
OUTPUT(rev1.elf elf32-littlearm)

.debug_info     0x00000000     0x8f92
 .debug_info    0x00000000      0xb84 StdPeriph_Driver/src/stm32f10x_adc.o
 .debug_info    0x00000b84      0x483 StdPeriph_Driver/src/stm32f10x_dma.o
 .debug_info    0x00001007      0x6fe StdPeriph_Driver/src/stm32f10x_gpio.o
 .debug_info    0x00001705      0x8ab StdPeriph_Driver/src/stm32f10x_rcc.o
 .debug_info    0x00001fb0     0x1c68 StdPeriph_Driver/src/stm32f10x_tim.o
 .debug_info    0x00003c18      0x9f8 StdPeriph_Driver/src/stm32f10x_usart.o
 .debug_info    0x00004610      0x30e rtos/src/heap_2.o
 .debug_info    0x0000491e      0x2d3 rtos/src/list.o
 .debug_info    0x00004bf1      0x301 rtos/src/port.o
 .debug_info    0x00004ef2      0xcb7 rtos/src/queue.o
 .debug_info    0x00005ba9     0x14e7 rtos/src/tasks.o
 .debug_info    0x00007090      0x296 src/main.o
 .debug_info    0x00007326      0x6ca src/syscalls.o
 .debug_info    0x000079f0      0x478 src/system_stm32f10x.o
 .debug_info    0x00007e68      0x99e src/task_adc.o
 .debug_info    0x00008806      0x2d6 src/task_measuretimer.o
 .debug_info    0x00008adc      0x44b src/task_uart.o
 .debug_info    0x00008f27       0x6b startup/startup_stm32f10x_md.o

.debug_abbrev   0x00000000     0x1a87
 .debug_abbrev  0x00000000      0x19f StdPeriph_Driver/src/stm32f10x_adc.o
 .debug_abbrev  0x0000019f      0x15c StdPeriph_Driver/src/stm32f10x_dma.o
 .debug_abbrev  0x000002fb      0x1d1 StdPeriph_Driver/src/stm32f10x_gpio.o
 .debug_abbrev  0x000004cc      0x1c1 StdPeriph_Driver/src/stm32f10x_rcc.o
 .debug_abbrev  0x0000068d      0x1b7 StdPeriph_Driver/src/stm32f10x_tim.o
 .debug_abbrev  0x00000844      0x169 StdPeriph_Driver/src/stm32f10x_usart.o
 .debug_abbrev  0x000009ad      0x16d rtos/src/heap_2.o
 .debug_abbrev  0x00000b1a       0xdb rtos/src/list.o
 .debug_abbrev  0x00000bf5      0x1de rtos/src/port.o
 .debug_abbrev  0x00000dd3      0x1db rtos/src/queue.o
 .debug_abbrev  0x00000fae      0x2ba rtos/src/tasks.o
 .debug_abbrev  0x00001268      0x128 src/main.o
 .debug_abbrev  0x00001390      0x177 src/syscalls.o
 .debug_abbrev  0x00001507      0x14c src/system_stm32f10x.o
 .debug_abbrev  0x00001653      0x19c src/task_adc.o
 .debug_abbrev  0x000017ef      0x135 src/task_measuretimer.o
 .debug_abbrev  0x00001924      0x151 src/task_uart.o
 .debug_abbrev  0x00001a75       0x12 startup/startup_stm32f10x_md.o

.debug_aranges  0x00000000      0xc68
 .debug_aranges
                0x00000000      0x138 StdPeriph_Driver/src/stm32f10x_adc.o
 .debug_aranges
                0x00000138       0x70 StdPeriph_Driver/src/stm32f10x_dma.o
 .debug_aranges
                0x000001a8       0xa8 StdPeriph_Driver/src/stm32f10x_gpio.o
 .debug_aranges
                0x00000250      0x118 StdPeriph_Driver/src/stm32f10x_rcc.o
 .debug_aranges
                0x00000368      0x2f0 StdPeriph_Driver/src/stm32f10x_tim.o
 .debug_aranges
                0x00000658      0x100 StdPeriph_Driver/src/stm32f10x_usart.o
 .debug_aranges
                0x00000758       0x40 rtos/src/heap_2.o
 .debug_aranges
                0x00000798       0x40 rtos/src/list.o
 .debug_aranges
                0x000007d8       0x70 rtos/src/port.o
 .debug_aranges
                0x00000848       0xc8 rtos/src/queue.o
 .debug_aranges
                0x00000910      0x190 rtos/src/tasks.o
 .debug_aranges
                0x00000aa0       0x28 src/main.o
 .debug_aranges
                0x00000ac8       0xb0 src/syscalls.o
 .debug_aranges
                0x00000b78       0x30 src/system_stm32f10x.o
 .debug_aranges
                0x00000ba8       0x40 src/task_adc.o
 .debug_aranges
                0x00000be8       0x28 src/task_measuretimer.o
 .debug_aranges
                0x00000c10       0x30 src/task_uart.o
 .debug_aranges
                0x00000c40       0x28 startup/startup_stm32f10x_md.o

.debug_ranges   0x00000000      0xb50
 .debug_ranges  0x00000000      0x128 StdPeriph_Driver/src/stm32f10x_adc.o
 .debug_ranges  0x00000128       0x60 StdPeriph_Driver/src/stm32f10x_dma.o
 .debug_ranges  0x00000188       0x98 StdPeriph_Driver/src/stm32f10x_gpio.o
 .debug_ranges  0x00000220      0x108 StdPeriph_Driver/src/stm32f10x_rcc.o
 .debug_ranges  0x00000328      0x2e0 StdPeriph_Driver/src/stm32f10x_tim.o
 .debug_ranges  0x00000608       0xf0 StdPeriph_Driver/src/stm32f10x_usart.o
 .debug_ranges  0x000006f8       0x30 rtos/src/heap_2.o
 .debug_ranges  0x00000728       0x30 rtos/src/list.o
 .debug_ranges  0x00000758       0x60 rtos/src/port.o
 .debug_ranges  0x000007b8       0xb8 rtos/src/queue.o
 .debug_ranges  0x00000870      0x180 rtos/src/tasks.o
 .debug_ranges  0x000009f0       0x18 src/main.o
 .debug_ranges  0x00000a08       0xa0 src/syscalls.o
 .debug_ranges  0x00000aa8       0x20 src/system_stm32f10x.o
 .debug_ranges  0x00000ac8       0x30 src/task_adc.o
 .debug_ranges  0x00000af8       0x18 src/task_measuretimer.o
 .debug_ranges  0x00000b10       0x20 src/task_uart.o
 .debug_ranges  0x00000b30       0x20 startup/startup_stm32f10x_md.o

.debug_macro    0x00000000     0x4c59
 .debug_macro   0x00000000      0x29d StdPeriph_Driver/src/stm32f10x_adc.o
 .debug_macro   0x0000029d      0x144 StdPeriph_Driver/src/stm32f10x_adc.o
 .debug_macro   0x000003e1       0x8c StdPeriph_Driver/src/stm32f10x_adc.o
 .debug_macro   0x0000046d      0x1f3 StdPeriph_Driver/src/stm32f10x_dma.o
 .debug_macro   0x00000660      0x3aa StdPeriph_Driver/src/stm32f10x_dma.o
 .debug_macro   0x00000a0a      0x1ed StdPeriph_Driver/src/stm32f10x_gpio.o
 .debug_macro   0x00000bf7      0x2a7 StdPeriph_Driver/src/stm32f10x_gpio.o
 .debug_macro   0x00000e9e      0x2bb StdPeriph_Driver/src/stm32f10x_rcc.o
 .debug_macro   0x00001159      0x3dc StdPeriph_Driver/src/stm32f10x_rcc.o
 .debug_macro   0x00001535      0x1b7 StdPeriph_Driver/src/stm32f10x_tim.o
 .debug_macro   0x000016ec      0x70b StdPeriph_Driver/src/stm32f10x_tim.o
 .debug_macro   0x00001df7      0x253 StdPeriph_Driver/src/stm32f10x_usart.o
 .debug_macro   0x0000204a      0x223 StdPeriph_Driver/src/stm32f10x_usart.o
 .debug_macro   0x0000226d      0x2dd rtos/src/heap_2.o
 .debug_macro   0x0000254a      0x2af rtos/src/list.o
 .debug_macro   0x000027f9      0x2a9 rtos/src/port.o
 .debug_macro   0x00002aa2      0x32b rtos/src/queue.o
 .debug_macro   0x00002dcd       0x16 rtos/src/queue.o
 .debug_macro   0x00002de3       0x35 rtos/src/queue.o
 .debug_macro   0x00002e18       0x94 rtos/src/queue.o
 .debug_macro   0x00002eac      0x38e rtos/src/tasks.o
 .debug_macro   0x0000323a       0x11 rtos/src/tasks.o
 .debug_macro   0x0000324b      0x23d src/main.o
 .debug_macro   0x00003488       0xb3 src/main.o
 .debug_macro   0x0000353b       0x63 src/main.o
 .debug_macro   0x0000359e      0x22b src/syscalls.o
 .debug_macro   0x000037c9       0x10 src/syscalls.o
 .debug_macro   0x000037d9       0x10 src/syscalls.o
 .debug_macro   0x000037e9       0x10 src/syscalls.o
 .debug_macro   0x000037f9       0x10 src/syscalls.o
 .debug_macro   0x00003809       0x1c src/syscalls.o
 .debug_macro   0x00003825       0x52 src/syscalls.o
 .debug_macro   0x00003877       0x40 src/syscalls.o
 .debug_macro   0x000038b7       0x10 src/syscalls.o
 .debug_macro   0x000038c7       0x40 src/syscalls.o
 .debug_macro   0x00003907       0xd7 src/syscalls.o
 .debug_macro   0x000039de       0x35 src/syscalls.o
 .debug_macro   0x00003a13      0x122 src/syscalls.o
 .debug_macro   0x00003b35       0x10 src/syscalls.o
 .debug_macro   0x00003b45      0x241 src/syscalls.o
 .debug_macro   0x00003d86       0x1c src/syscalls.o
 .debug_macro   0x00003da2       0x10 src/syscalls.o
 .debug_macro   0x00003db2       0x10 src/syscalls.o
 .debug_macro   0x00003dc2       0x16 src/syscalls.o
 .debug_macro   0x00003dd8      0x18b src/syscalls.o
 .debug_macro   0x00003f63      0x159 src/syscalls.o
 .debug_macro   0x000040bc       0x16 src/syscalls.o
 .debug_macro   0x000040d2       0x88 src/syscalls.o
 .debug_macro   0x0000415a      0x19d src/system_stm32f10x.o
 .debug_macro   0x000042f7      0x245 src/task_adc.o
 .debug_macro   0x0000453c      0x35f src/task_measuretimer.o
 .debug_macro   0x0000489b       0x52 src/task_measuretimer.o
 .debug_macro   0x000048ed       0x16 src/task_measuretimer.o
 .debug_macro   0x00004903      0x356 src/task_uart.o

.debug_line     0x00000000     0x8e85
 .debug_line    0x00000000      0x8ce StdPeriph_Driver/src/stm32f10x_adc.o
 .debug_line    0x000008ce      0x6cc StdPeriph_Driver/src/stm32f10x_dma.o
 .debug_line    0x00000f9a      0x763 StdPeriph_Driver/src/stm32f10x_gpio.o
 .debug_line    0x000016fd      0x85f StdPeriph_Driver/src/stm32f10x_rcc.o
 .debug_line    0x00001f5c      0xee4 StdPeriph_Driver/src/stm32f10x_tim.o
 .debug_line    0x00002e40      0x831 StdPeriph_Driver/src/stm32f10x_usart.o
 .debug_line    0x00003671      0x76e rtos/src/heap_2.o
 .debug_line    0x00003ddf      0x72d rtos/src/list.o
 .debug_line    0x0000450c      0x740 rtos/src/port.o
 .debug_line    0x00004c4c      0xa48 rtos/src/queue.o
 .debug_line    0x00005694      0xec7 rtos/src/tasks.o
 .debug_line    0x0000655b      0x69c src/main.o
 .debug_line    0x00006bf7      0x5c1 src/syscalls.o
 .debug_line    0x000071b8      0x5dd src/system_stm32f10x.o
 .debug_line    0x00007795      0x740 src/task_adc.o
 .debug_line    0x00007ed5      0x797 src/task_measuretimer.o
 .debug_line    0x0000866c      0x79b src/task_uart.o
 .debug_line    0x00008e07       0x7e startup/startup_stm32f10x_md.o

.debug_str      0x00000000    0x5d83b
 .debug_str     0x00000000    0x4f22e StdPeriph_Driver/src/stm32f10x_adc.o
                              0x4f3e5 (size before relaxing)
 .debug_str     0x0004f22e      0x6d6 StdPeriph_Driver/src/stm32f10x_dma.o
                              0x4ef39 (size before relaxing)
 .debug_str     0x0004f904      0x5ae StdPeriph_Driver/src/stm32f10x_gpio.o
                              0x4ee09 (size before relaxing)
 .debug_str     0x0004feb2      0xb59 StdPeriph_Driver/src/stm32f10x_rcc.o
                              0x4f3ef (size before relaxing)
 .debug_str     0x00050a0b      0xc3d StdPeriph_Driver/src/stm32f10x_tim.o
                              0x4f50d (size before relaxing)
 .debug_str     0x00051648      0x7e9 StdPeriph_Driver/src/stm32f10x_usart.o
                              0x4f119 (size before relaxing)
 .debug_str     0x00051e31     0x6231 rtos/src/heap_2.o
                              0x54af7 (size before relaxing)
 .debug_str     0x00058062      0x12a rtos/src/list.o
                              0x542cd (size before relaxing)
 .debug_str     0x0005818c      0x64a rtos/src/port.o
                              0x52658 (size before relaxing)
 .debug_str     0x000587d6      0xe31 rtos/src/queue.o
                              0x556f8 (size before relaxing)
 .debug_str     0x00059607     0x18cf rtos/src/tasks.o
                              0x562b1 (size before relaxing)
 .debug_str     0x0005aed6      0x656 src/main.o
                              0x52f71 (size before relaxing)
 .debug_str     0x0005b52c     0x208c src/syscalls.o
                               0x76b3 (size before relaxing)
 .debug_str     0x0005d5b8       0xf3 src/system_stm32f10x.o
                              0x4e98e (size before relaxing)
 .debug_str     0x0005d6ab       0xc8 src/task_adc.o
                              0x53413 (size before relaxing)
 .debug_str     0x0005d773       0x4d src/task_measuretimer.o
                              0x567bb (size before relaxing)
 .debug_str     0x0005d7c0       0x7b src/task_uart.o
                              0x562b6 (size before relaxing)

.comment        0x00000000       0x6e
 .comment       0x00000000       0x6e StdPeriph_Driver/src/stm32f10x_adc.o
                                 0x6f (size before relaxing)
 .comment       0x0000006e       0x6f StdPeriph_Driver/src/stm32f10x_dma.o
 .comment       0x0000006e       0x6f StdPeriph_Driver/src/stm32f10x_gpio.o
 .comment       0x0000006e       0x6f StdPeriph_Driver/src/stm32f10x_rcc.o
 .comment       0x0000006e       0x6f StdPeriph_Driver/src/stm32f10x_tim.o
 .comment       0x0000006e       0x6f StdPeriph_Driver/src/stm32f10x_usart.o
 .comment       0x0000006e       0x6f rtos/src/heap_2.o
 .comment       0x0000006e       0x6f rtos/src/list.o
 .comment       0x0000006e       0x6f rtos/src/port.o
 .comment       0x0000006e       0x6f rtos/src/queue.o
 .comment       0x0000006e       0x6f rtos/src/tasks.o
 .comment       0x0000006e       0x6f src/main.o
 .comment       0x0000006e       0x6f src/syscalls.o
 .comment       0x0000006e       0x6f src/system_stm32f10x.o
 .comment       0x0000006e       0x6f src/task_adc.o
 .comment       0x0000006e       0x6f src/task_measuretimer.o
 .comment       0x0000006e       0x6f src/task_uart.o

.debug_frame    0x00000000     0x4404
 .debug_frame   0x00000000      0x5a4 StdPeriph_Driver/src/stm32f10x_adc.o
 .debug_frame   0x000005a4      0x1c8 StdPeriph_Driver/src/stm32f10x_dma.o
 .debug_frame   0x0000076c      0x2d0 StdPeriph_Driver/src/stm32f10x_gpio.o
 .debug_frame   0x00000a3c      0x4f4 StdPeriph_Driver/src/stm32f10x_rcc.o
 .debug_frame   0x00000f30      0xe2c StdPeriph_Driver/src/stm32f10x_tim.o
 .debug_frame   0x00001d5c      0x490 StdPeriph_Driver/src/stm32f10x_usart.o
 .debug_frame   0x000021ec       0xc0 rtos/src/heap_2.o
 .debug_frame   0x000022ac       0xd8 rtos/src/list.o
 .debug_frame   0x00002384      0x154 rtos/src/port.o
 .debug_frame   0x000024d8      0x334 rtos/src/queue.o
 .debug_frame   0x0000280c      0x6c0 rtos/src/tasks.o
 .debug_frame   0x00002ecc       0x4c src/main.o
 .debug_frame   0x00002f18      0x2d4 src/syscalls.o
 .debug_frame   0x000031ec       0x7c src/system_stm32f10x.o
 .debug_frame   0x00003268       0xc0 src/task_adc.o
 .debug_frame   0x00003328       0x54 src/task_measuretimer.o
 .debug_frame   0x0000337c       0x78 src/task_uart.o
 .debug_frame   0x000033f4       0x20 c:/ac6/systemworkbench/plugins/fr.ac6.mcu.externaltools.arm-none.win32_1.13.2.201703061525/tools/compiler/bin/../lib/gcc/arm-none-eabi/5.4.1/../../../../arm-none-eabi/lib/armv7-m\libc.a(lib_a-errno.o)
 .debug_frame   0x00003414       0x2c c:/ac6/systemworkbench/plugins/fr.ac6.mcu.externaltools.arm-none.win32_1.13.2.201703061525/tools/compiler/bin/../lib/gcc/arm-none-eabi/5.4.1/../../../../arm-none-eabi/lib/armv7-m\libc.a(lib_a-init.o)
 .debug_frame   0x00003440       0x34 c:/ac6/systemworkbench/plugins/fr.ac6.mcu.externaltools.arm-none.win32_1.13.2.201703061525/tools/compiler/bin/../lib/gcc/arm-none-eabi/5.4.1/../../../../arm-none-eabi/lib/armv7-m\libc.a(lib_a-memset.o)
 .debug_frame   0x00003474       0x78 c:/ac6/systemworkbench/plugins/fr.ac6.mcu.externaltools.arm-none.win32_1.13.2.201703061525/tools/compiler/bin/../lib/gcc/arm-none-eabi/5.4.1/../../../../arm-none-eabi/lib/armv7-m\libc.a(lib_a-printf.o)
 .debug_frame   0x000034ec       0x88 c:/ac6/systemworkbench/plugins/fr.ac6.mcu.externaltools.arm-none.win32_1.13.2.201703061525/tools/compiler/bin/../lib/gcc/arm-none-eabi/5.4.1/../../../../arm-none-eabi/lib/armv7-m\libc.a(lib_a-vfprintf.o)
 .debug_frame   0x00003574       0x2c c:/ac6/systemworkbench/plugins/fr.ac6.mcu.externaltools.arm-none.win32_1.13.2.201703061525/tools/compiler/bin/../lib/gcc/arm-none-eabi/5.4.1/../../../../arm-none-eabi/lib/armv7-m\libc.a(lib_a-wsetup.o)
 .debug_frame   0x000035a0       0x50 c:/ac6/systemworkbench/plugins/fr.ac6.mcu.externaltools.arm-none.win32_1.13.2.201703061525/tools/compiler/bin/../lib/gcc/arm-none-eabi/5.4.1/../../../../arm-none-eabi/lib/armv7-m\libc.a(lib_a-__call_atexit.o)
 .debug_frame   0x000035f0       0x20 c:/ac6/systemworkbench/plugins/fr.ac6.mcu.externaltools.arm-none.win32_1.13.2.201703061525/tools/compiler/bin/../lib/gcc/arm-none-eabi/5.4.1/../../../../arm-none-eabi/lib/armv7-m\libc.a(lib_a-atexit.o)
 .debug_frame   0x00003610       0x84 c:/ac6/systemworkbench/plugins/fr.ac6.mcu.externaltools.arm-none.win32_1.13.2.201703061525/tools/compiler/bin/../lib/gcc/arm-none-eabi/5.4.1/../../../../arm-none-eabi/lib/armv7-m\libc.a(lib_a-dtoa.o)
 .debug_frame   0x00003694       0x6c c:/ac6/systemworkbench/plugins/fr.ac6.mcu.externaltools.arm-none.win32_1.13.2.201703061525/tools/compiler/bin/../lib/gcc/arm-none-eabi/5.4.1/../../../../arm-none-eabi/lib/armv7-m\libc.a(lib_a-fflush.o)
 .debug_frame   0x00003700      0x124 c:/ac6/systemworkbench/plugins/fr.ac6.mcu.externaltools.arm-none.win32_1.13.2.201703061525/tools/compiler/bin/../lib/gcc/arm-none-eabi/5.4.1/../../../../arm-none-eabi/lib/armv7-m\libc.a(lib_a-findfp.o)
 .debug_frame   0x00003824       0x34 c:/ac6/systemworkbench/plugins/fr.ac6.mcu.externaltools.arm-none.win32_1.13.2.201703061525/tools/compiler/bin/../lib/gcc/arm-none-eabi/5.4.1/../../../../arm-none-eabi/lib/armv7-m\libc.a(lib_a-fini.o)
 .debug_frame   0x00003858       0x74 c:/ac6/systemworkbench/plugins/fr.ac6.mcu.externaltools.arm-none.win32_1.13.2.201703061525/tools/compiler/bin/../lib/gcc/arm-none-eabi/5.4.1/../../../../arm-none-eabi/lib/armv7-m\libc.a(lib_a-freer.o)
 .debug_frame   0x000038cc       0x54 c:/ac6/systemworkbench/plugins/fr.ac6.mcu.externaltools.arm-none.win32_1.13.2.201703061525/tools/compiler/bin/../lib/gcc/arm-none-eabi/5.4.1/../../../../arm-none-eabi/lib/armv7-m\libc.a(lib_a-fwalk.o)
 .debug_frame   0x00003920       0x40 c:/ac6/systemworkbench/plugins/fr.ac6.mcu.externaltools.arm-none.win32_1.13.2.201703061525/tools/compiler/bin/../lib/gcc/arm-none-eabi/5.4.1/../../../../arm-none-eabi/lib/armv7-m\libc.a(lib_a-localeconv.o)
 .debug_frame   0x00003960       0x68 c:/ac6/systemworkbench/plugins/fr.ac6.mcu.externaltools.arm-none.win32_1.13.2.201703061525/tools/compiler/bin/../lib/gcc/arm-none-eabi/5.4.1/../../../../arm-none-eabi/lib/armv7-m\libc.a(lib_a-makebuf.o)
 .debug_frame   0x000039c8       0x54 c:/ac6/systemworkbench/plugins/fr.ac6.mcu.externaltools.arm-none.win32_1.13.2.201703061525/tools/compiler/bin/../lib/gcc/arm-none-eabi/5.4.1/../../../../arm-none-eabi/lib/armv7-m\libc.a(lib_a-mallocr.o)
 .debug_frame   0x00003a1c       0x34 c:/ac6/systemworkbench/plugins/fr.ac6.mcu.externaltools.arm-none.win32_1.13.2.201703061525/tools/compiler/bin/../lib/gcc/arm-none-eabi/5.4.1/../../../../arm-none-eabi/lib/armv7-m\libc.a(lib_a-memchr-stub.o)
 .debug_frame   0x00003a50       0x30 c:/ac6/systemworkbench/plugins/fr.ac6.mcu.externaltools.arm-none.win32_1.13.2.201703061525/tools/compiler/bin/../lib/gcc/arm-none-eabi/5.4.1/../../../../arm-none-eabi/lib/armv7-m\libc.a(lib_a-mlock.o)
 .debug_frame   0x00003a80      0x264 c:/ac6/systemworkbench/plugins/fr.ac6.mcu.externaltools.arm-none.win32_1.13.2.201703061525/tools/compiler/bin/../lib/gcc/arm-none-eabi/5.4.1/../../../../arm-none-eabi/lib/armv7-m\libc.a(lib_a-mprec.o)
 .debug_frame   0x00003ce4       0x2c c:/ac6/systemworkbench/plugins/fr.ac6.mcu.externaltools.arm-none.win32_1.13.2.201703061525/tools/compiler/bin/../lib/gcc/arm-none-eabi/5.4.1/../../../../arm-none-eabi/lib/armv7-m\libc.a(lib_a-sbrkr.o)
 .debug_frame   0x00003d10       0x88 c:/ac6/systemworkbench/plugins/fr.ac6.mcu.externaltools.arm-none.win32_1.13.2.201703061525/tools/compiler/bin/../lib/gcc/arm-none-eabi/5.4.1/../../../../arm-none-eabi/lib/armv7-m\libc.a(lib_a-stdio.o)
 .debug_frame   0x00003d98       0x20 c:/ac6/systemworkbench/plugins/fr.ac6.mcu.externaltools.arm-none.win32_1.13.2.201703061525/tools/compiler/bin/../lib/gcc/arm-none-eabi/5.4.1/../../../../arm-none-eabi/lib/armv7-m\libc.a(lib_a-strlen-stub.o)